---
http_interactions:
- request:
    method: post
    uri: https://vsac.nlm.nih.gov/vsac/ws/Ticket
    body:
      encoding: UTF-8
      string: username=<VSAC_USERNAME>&password=<VSAC_PASSWORD>
    headers:
      Accept:
      - "*/*; q=0.5, application/xml"
      Accept-Encoding:
      - gzip, deflate
      Content-Length:
      - '43'
      Content-Type:
      - application/x-www-form-urlencoded
      User-Agent:
      - Ruby
  response:
    status:
      code: 200
      message: ''
    headers:
      Cache-Control:
      - no-cache, no-store, max-age=0, must-revalidate
      Pragma:
      - no-cache
      Expires:
      - '0'
      X-Xss-Protection:
      - 1; mode=block
      X-Frame-Options:
      - SAMEORIGIN
      X-Content-Type-Options:
      - nosniff
      Content-Type:
      - text/plain;charset=utf-8
      Content-Length:
      - '64'
      Date:
      - Thu, 08 Mar 2018 16:05:37 GMT
      Set-Cookie:
      - BIGipServervsacweb_p=!8IBUoHLeeofKnAnm9OGvBt4MxRMcjiAAGIkf3Bl7C2mNvsBBUoOGJWqxU6uxaZf59zi1w+LOn0/tgbU=;
        expires=Thu, 08-Mar-2018 18:05:37 GMT; path=/; Httponly; Secure
      X-Vip-Info:
      - 130.14.16.40:443
      X-Pool-Info:
      - "/Common/vsacweb_p 10.1.5.110 8080"
      Strict-Transport-Security:
      - max-age=31536000; includeSubDomains; preload
    body:
      encoding: UTF-8
      string: TGT-27358-evxYu9uD2MCSlgmxopRkHEZcRX6x7PTeZnlKo0fPzUQirOK9Nn-cas
    http_version: 
  recorded_at: Thu, 08 Mar 2018 16:05:37 GMT
- request:
    method: post
    uri: https://vsac.nlm.nih.gov/vsac/ws/Ticket/TGT-27358-evxYu9uD2MCSlgmxopRkHEZcRX6x7PTeZnlKo0fPzUQirOK9Nn-cas
    body:
      encoding: UTF-8
      string: service=http%3A%2F%2Fumlsks.nlm.nih.gov
    headers:
      Accept:
      - "*/*; q=0.5, application/xml"
      Accept-Encoding:
      - gzip, deflate
      Content-Length:
      - '39'
      Content-Type:
      - application/x-www-form-urlencoded
      User-Agent:
      - Ruby
  response:
    status:
      code: 200
      message: ''
    headers:
      Cache-Control:
      - no-cache, no-store, max-age=0, must-revalidate
      Pragma:
      - no-cache
      Expires:
      - '0'
      X-Xss-Protection:
      - 1; mode=block
      X-Frame-Options:
      - SAMEORIGIN
      X-Content-Type-Options:
      - nosniff
      Content-Type:
      - text/plain;charset=utf-8
      Content-Length:
      - '34'
      Date:
      - Thu, 08 Mar 2018 16:05:37 GMT
      Set-Cookie:
      - BIGipServervsacweb_p=!bMwN9e3WOwn17OLNtNHn4GsLooFbUwn20imXaHeaRsb8/BsPfjRv49Fd8D6tETaSF3/OBj8bnNAWeR8=;
        expires=Thu, 08-Mar-2018 18:05:37 GMT; path=/; Httponly; Secure
      X-Vip-Info:
      - 130.14.16.40:443
      X-Pool-Info:
      - "/Common/vsacweb_p 10.1.5.110 8080"
      Strict-Transport-Security:
      - max-age=31536000; includeSubDomains; preload
    body:
      encoding: UTF-8
      string: ST-194623-fAUS7wShpfkYkatZKAvw-cas
    http_version: 
  recorded_at: Thu, 08 Mar 2018 16:05:37 GMT
- request:
    method: get
    uri: https://vsac.nlm.nih.gov/vsac/svs/RetrieveMultipleValueSets?id=2.16.840.1.113762.1.4.1&profile=Latest%20eCQM&ticket=ST-194623-fAUS7wShpfkYkatZKAvw-cas
    body:
      encoding: US-ASCII
      string: ''
    headers:
      Accept:
      - "*/*; q=0.5, application/xml"
      Accept-Encoding:
      - gzip, deflate
      User-Agent:
      - Ruby
  response:
    status:
      code: 200
      message: ''
    headers:
      Cache-Control:
      - no-cache, no-store, max-age=0, must-revalidate
      Pragma:
      - no-cache
      Expires:
      - '0'
      X-Xss-Protection:
      - 1; mode=block
      X-Frame-Options:
      - SAMEORIGIN
      X-Content-Type-Options:
      - nosniff
      Set-Cookie:
      - BIGipServervsacweb_p=!g7XTsZtmM/TtYHDNtNHn4GsLooFbUxogddZCxnHJgfd9yANlnDba+qam1WbkG/6F4CNW0nKXkGocsz4=;
        expires=Thu, 08-Mar-2018 18:05:38 GMT; path=/; Httponly; Secure
      - JSESSIONID=ADEB7FA5CB359A308A18901C95B9E839;path=/vsac;HttpOnly;Secure
      Content-Type:
      - text/xml;charset=utf-8
      Content-Length:
      - '1356'
      Date:
      - Thu, 08 Mar 2018 16:05:38 GMT
      X-Vip-Info:
      - 130.14.16.40:443
      X-Pool-Info:
      - "/Common/vsacweb_p 10.1.5.111 8080"
      Strict-Transport-Security:
      - max-age=31536000; includeSubDomains; preload
    body:
      encoding: UTF-8
      string: |
        <?xml version="1.0" encoding="UTF-8" standalone="yes"?>
        <ns0:RetrieveMultipleValueSetsResponse xmlns:ns0="urn:ihe:iti:svs:2008" xmlns:xsi="http://www.w3.org/2001/XMLSchema-instance">
            <ns0:DescribedValueSet ID="2.16.840.1.113762.1.4.1" displayName="ONC Administrative Sex" version="N/A">
                <ns0:ConceptList>
                    <ns0:Concept code="F" codeSystem="2.16.840.1.113883.5.1" codeSystemName="AdministrativeGender" codeSystemVersion="HL7V3.0_2017-07" displayName="Female"/>
                    <ns0:Concept code="M" codeSystem="2.16.840.1.113883.5.1" codeSystemName="AdministrativeGender" codeSystemVersion="HL7V3.0_2017-07" displayName="Male"/>
                </ns0:ConceptList>
                <ns0:Source>Office of the National Coordinator for Health Information Technology</ns0:Source>
                <ns0:Purpose>(Clinical Focus: Gender identity restricted to only Male and Female used in administrative situations requiring a restriction to these two categories.),(Data Element Scope: Gender),(Inclusion Criteria: Male and Female only.),(Exclusion Criteria: Any gender identity that is not male or female.)</ns0:Purpose>
                <ns0:Type>Extensional</ns0:Type>
                <ns0:Binding>Dynamic</ns0:Binding>
                <ns0:Status>Active</ns0:Status>
                <ns0:RevisionDate>2015-03-31</ns0:RevisionDate>
            </ns0:DescribedValueSet>
        </ns0:RetrieveMultipleValueSetsResponse>
    http_version: 
  recorded_at: Thu, 08 Mar 2018 16:05:38 GMT
- request:
    method: post
    uri: https://vsac.nlm.nih.gov/vsac/ws/Ticket/TGT-27358-evxYu9uD2MCSlgmxopRkHEZcRX6x7PTeZnlKo0fPzUQirOK9Nn-cas
    body:
      encoding: UTF-8
      string: service=http%3A%2F%2Fumlsks.nlm.nih.gov
    headers:
      Accept:
      - "*/*; q=0.5, application/xml"
      Accept-Encoding:
      - gzip, deflate
      Content-Length:
      - '39'
      Content-Type:
      - application/x-www-form-urlencoded
      User-Agent:
      - Ruby
  response:
    status:
      code: 200
      message: ''
    headers:
      Cache-Control:
      - no-cache, no-store, max-age=0, must-revalidate
      Pragma:
      - no-cache
      Expires:
      - '0'
      X-Xss-Protection:
      - 1; mode=block
      X-Frame-Options:
      - SAMEORIGIN
      X-Content-Type-Options:
      - nosniff
      Content-Type:
      - text/plain;charset=utf-8
      Content-Length:
      - '34'
      Date:
      - Thu, 08 Mar 2018 16:05:38 GMT
      Set-Cookie:
      - BIGipServervsacweb_p=!00xNN8ClEVow32/m9OGvBt4MxRMcjtaUiSYKtSmzbtMAQCt7M4ae+D3RXGL6P4jrbH4Na/w3uyzUdZs=;
        expires=Thu, 08-Mar-2018 18:05:38 GMT; path=/; Httponly; Secure
      X-Vip-Info:
      - 130.14.16.40:443
      X-Pool-Info:
      - "/Common/vsacweb_p 10.1.5.111 8080"
      Strict-Transport-Security:
      - max-age=31536000; includeSubDomains; preload
    body:
      encoding: UTF-8
      string: ST-194627-GAswktSISTW12sGXfOMu-cas
    http_version: 
  recorded_at: Thu, 08 Mar 2018 16:05:38 GMT
- request:
    method: get
    uri: https://vsac.nlm.nih.gov/vsac/svs/RetrieveMultipleValueSets?id=2.16.840.1.114222.4.11.836&profile=Latest%20eCQM&ticket=ST-194627-GAswktSISTW12sGXfOMu-cas
    body:
      encoding: US-ASCII
      string: ''
    headers:
      Accept:
      - "*/*; q=0.5, application/xml"
      Accept-Encoding:
      - gzip, deflate
      User-Agent:
      - Ruby
  response:
    status:
      code: 200
      message: ''
    headers:
      Cache-Control:
      - no-cache, no-store, max-age=0, must-revalidate
      Pragma:
      - no-cache
      Expires:
      - '0'
      X-Xss-Protection:
      - 1; mode=block
      X-Frame-Options:
      - SAMEORIGIN
      X-Content-Type-Options:
      - nosniff
      Set-Cookie:
      - BIGipServervsacweb_p=!O+08KRyZhrZRoi3m9OGvBt4MxRMcjuEqnD+IQbNC64K2okJ3qMe8N+N+zQW/ybBXKLhJlSVUiqAqFV8=;
        expires=Thu, 08-Mar-2018 18:05:39 GMT; path=/; Httponly; Secure
      - JSESSIONID=76105B5C4A8CEB65EB848A48D0B7F9A7;path=/vsac;HttpOnly;Secure
      Content-Type:
      - text/xml;charset=utf-8
      Content-Length:
      - '1765'
      Date:
      - Thu, 08 Mar 2018 16:05:38 GMT
      X-Vip-Info:
      - 130.14.16.40:443
      X-Pool-Info:
      - "/Common/vsacweb_p 10.1.5.111 8080"
      Strict-Transport-Security:
      - max-age=31536000; includeSubDomains; preload
    body:
      encoding: UTF-8
      string: |
        <?xml version="1.0" encoding="UTF-8" standalone="yes"?>
        <ns0:RetrieveMultipleValueSetsResponse xmlns:ns0="urn:ihe:iti:svs:2008" xmlns:xsi="http://www.w3.org/2001/XMLSchema-instance">
            <ns0:DescribedValueSet ID="2.16.840.1.114222.4.11.836" displayName="Race" version="N/A">
                <ns0:ConceptList>
                    <ns0:Concept code="1002-5" codeSystem="2.16.840.1.113883.6.238" codeSystemName="CDCREC" codeSystemVersion="1.1" displayName="American Indian or Alaska Native"/>
                    <ns0:Concept code="2028-9" codeSystem="2.16.840.1.113883.6.238" codeSystemName="CDCREC" codeSystemVersion="1.1" displayName="Asian"/>
                    <ns0:Concept code="2054-5" codeSystem="2.16.840.1.113883.6.238" codeSystemName="CDCREC" codeSystemVersion="1.1" displayName="Black or African American"/>
                    <ns0:Concept code="2076-8" codeSystem="2.16.840.1.113883.6.238" codeSystemName="CDCREC" codeSystemVersion="1.1" displayName="Native Hawaiian or Other Pacific Islander"/>
                    <ns0:Concept code="2106-3" codeSystem="2.16.840.1.113883.6.238" codeSystemName="CDCREC" codeSystemVersion="1.1" displayName="White"/>
                    <ns0:Concept code="2131-1" codeSystem="2.16.840.1.113883.6.238" codeSystemName="CDCREC" codeSystemVersion="1.1" displayName="Other Race"/>
                </ns0:ConceptList>
                <ns0:Source>Centers for Disease Control National Center for Health Statistics</ns0:Source>
                <ns0:Purpose>(Clinical Focus: ),(Data Element Scope: ),(Inclusion Criteria: ),(Exclusion Criteria: )</ns0:Purpose>
                <ns0:Type>Extensional</ns0:Type>
                <ns0:Binding>Dynamic</ns0:Binding>
                <ns0:Status>Active</ns0:Status>
                <ns0:RevisionDate>2012-10-25</ns0:RevisionDate>
            </ns0:DescribedValueSet>
        </ns0:RetrieveMultipleValueSetsResponse>
    http_version: 
  recorded_at: Thu, 08 Mar 2018 16:05:39 GMT
- request:
    method: post
    uri: https://vsac.nlm.nih.gov/vsac/ws/Ticket/TGT-27358-evxYu9uD2MCSlgmxopRkHEZcRX6x7PTeZnlKo0fPzUQirOK9Nn-cas
    body:
      encoding: UTF-8
      string: service=http%3A%2F%2Fumlsks.nlm.nih.gov
    headers:
      Accept:
      - "*/*; q=0.5, application/xml"
      Accept-Encoding:
      - gzip, deflate
      Content-Length:
      - '39'
      Content-Type:
      - application/x-www-form-urlencoded
      User-Agent:
      - Ruby
  response:
    status:
      code: 200
      message: ''
    headers:
      Cache-Control:
      - no-cache, no-store, max-age=0, must-revalidate
      Pragma:
      - no-cache
      Expires:
      - '0'
      X-Xss-Protection:
      - 1; mode=block
      X-Frame-Options:
      - SAMEORIGIN
      X-Content-Type-Options:
      - nosniff
      Content-Type:
      - text/plain;charset=utf-8
      Content-Length:
      - '34'
      Date:
      - Thu, 08 Mar 2018 16:05:39 GMT
      Set-Cookie:
      - BIGipServervsacweb_p=!/5ONu9oqGPH0hDrm9OGvBt4MxRMcjviVM5PU5kezxI6FoMEl+FwS0Y7EeuNUKc050sqGhrhcS3VJh8M=;
        expires=Thu, 08-Mar-2018 18:05:39 GMT; path=/; Httponly; Secure
      X-Vip-Info:
      - 130.14.16.40:443
      X-Pool-Info:
      - "/Common/vsacweb_p 10.1.5.111 8080"
      Strict-Transport-Security:
      - max-age=31536000; includeSubDomains; preload
    body:
      encoding: UTF-8
      string: ST-194629-LZXq7jucBZNPqJhZoJqy-cas
    http_version: 
  recorded_at: Thu, 08 Mar 2018 16:05:39 GMT
- request:
    method: get
    uri: https://vsac.nlm.nih.gov/vsac/svs/RetrieveMultipleValueSets?id=2.16.840.1.114222.4.11.837&profile=Latest%20eCQM&ticket=ST-194629-LZXq7jucBZNPqJhZoJqy-cas
    body:
      encoding: US-ASCII
      string: ''
    headers:
      Accept:
      - "*/*; q=0.5, application/xml"
      Accept-Encoding:
      - gzip, deflate
      User-Agent:
      - Ruby
  response:
    status:
      code: 200
      message: ''
    headers:
      Cache-Control:
      - no-cache, no-store, max-age=0, must-revalidate
      Pragma:
      - no-cache
      Expires:
      - '0'
      X-Xss-Protection:
      - 1; mode=block
      X-Frame-Options:
      - SAMEORIGIN
      X-Content-Type-Options:
      - nosniff
      Set-Cookie:
      - BIGipServervsacweb_p=!RrA1qT2jKGPx3qbm9OGvBt4MxRMcjjX/bSS3XHAyRJzxdh0CgmMHBHDOqlX4oYzBYDCzQrA8ZDjSkrk=;
        expires=Thu, 08-Mar-2018 18:05:40 GMT; path=/; Httponly; Secure
      - JSESSIONID=94D9B5E75D42A04F73DB44AA1018A877;path=/vsac;HttpOnly;Secure
      Content-Type:
      - text/xml;charset=utf-8
      Content-Length:
      - '1128'
      Date:
      - Thu, 08 Mar 2018 16:05:40 GMT
      X-Vip-Info:
      - 130.14.16.40:443
      X-Pool-Info:
      - "/Common/vsacweb_p 10.1.5.110 8080"
      Strict-Transport-Security:
      - max-age=31536000; includeSubDomains; preload
    body:
      encoding: UTF-8
      string: |
        <?xml version="1.0" encoding="UTF-8" standalone="yes"?>
        <ns0:RetrieveMultipleValueSetsResponse xmlns:ns0="urn:ihe:iti:svs:2008" xmlns:xsi="http://www.w3.org/2001/XMLSchema-instance">
            <ns0:DescribedValueSet ID="2.16.840.1.114222.4.11.837" displayName="Ethnicity" version="N/A">
                <ns0:ConceptList>
                    <ns0:Concept code="2135-2" codeSystem="2.16.840.1.113883.6.238" codeSystemName="CDCREC" codeSystemVersion="1.1" displayName="Hispanic or Latino"/>
                    <ns0:Concept code="2186-5" codeSystem="2.16.840.1.113883.6.238" codeSystemName="CDCREC" codeSystemVersion="1.1" displayName="Not Hispanic or Latino"/>
                </ns0:ConceptList>
                <ns0:Source>Centers for Disease Control National Center for Health Statistics</ns0:Source>
                <ns0:Purpose>(Clinical Focus: ),(Data Element Scope: ),(Inclusion Criteria: ),(Exclusion Criteria: )</ns0:Purpose>
                <ns0:Type>Extensional</ns0:Type>
                <ns0:Binding>Dynamic</ns0:Binding>
                <ns0:Status>Active</ns0:Status>
                <ns0:RevisionDate>2012-10-25</ns0:RevisionDate>
            </ns0:DescribedValueSet>
        </ns0:RetrieveMultipleValueSetsResponse>
    http_version: 
  recorded_at: Thu, 08 Mar 2018 16:05:40 GMT
- request:
    method: post
    uri: https://vsac.nlm.nih.gov/vsac/ws/Ticket/TGT-27358-evxYu9uD2MCSlgmxopRkHEZcRX6x7PTeZnlKo0fPzUQirOK9Nn-cas
    body:
      encoding: UTF-8
      string: service=http%3A%2F%2Fumlsks.nlm.nih.gov
    headers:
      Accept:
      - "*/*; q=0.5, application/xml"
      Accept-Encoding:
      - gzip, deflate
      Content-Length:
      - '39'
      Content-Type:
      - application/x-www-form-urlencoded
      User-Agent:
      - Ruby
  response:
    status:
      code: 200
      message: ''
    headers:
      Cache-Control:
      - no-cache, no-store, max-age=0, must-revalidate
      Pragma:
      - no-cache
      Expires:
      - '0'
      X-Xss-Protection:
      - 1; mode=block
      X-Frame-Options:
      - SAMEORIGIN
      X-Content-Type-Options:
      - nosniff
      Content-Type:
      - text/plain;charset=utf-8
      Content-Length:
      - '34'
      Date:
      - Thu, 08 Mar 2018 16:05:40 GMT
      Set-Cookie:
      - BIGipServervsacweb_p=!yNt83Lba888xz37NtNHn4GsLooFbU3tJApC31llPkn3n8DXkWRkr+c+TlBpMoDS0r2TJcwn4b+qU6Kw=;
        expires=Thu, 08-Mar-2018 18:05:40 GMT; path=/; Httponly; Secure
      X-Vip-Info:
      - 130.14.16.40:443
      X-Pool-Info:
      - "/Common/vsacweb_p 10.1.5.110 8080"
      Strict-Transport-Security:
      - max-age=31536000; includeSubDomains; preload
    body:
      encoding: UTF-8
      string: ST-194632-ufNEvpaYWXt3rQPc1rmw-cas
    http_version: 
  recorded_at: Thu, 08 Mar 2018 16:05:40 GMT
- request:
    method: get
    uri: https://vsac.nlm.nih.gov/vsac/svs/RetrieveMultipleValueSets?id=2.16.840.1.114222.4.11.3591&profile=Latest%20eCQM&ticket=ST-194632-ufNEvpaYWXt3rQPc1rmw-cas
    body:
      encoding: US-ASCII
      string: ''
    headers:
      Accept:
      - "*/*; q=0.5, application/xml"
      Accept-Encoding:
      - gzip, deflate
      User-Agent:
      - Ruby
  response:
    status:
      code: 200
      message: ''
    headers:
      Cache-Control:
      - no-cache, no-store, max-age=0, must-revalidate
      Pragma:
      - no-cache
      Expires:
      - '0'
      X-Xss-Protection:
      - 1; mode=block
      X-Frame-Options:
      - SAMEORIGIN
      X-Content-Type-Options:
      - nosniff
      Set-Cookie:
      - BIGipServervsacweb_p=!kaxJXDxTgYobEjDm9OGvBt4MxRMcjvnxgOXKCIiWHiprID9CJaxEKfa/J4R1jvm/CgDnkCX39vmoROA=;
        expires=Thu, 08-Mar-2018 18:05:41 GMT; path=/; Httponly; Secure
      - JSESSIONID=6605623BF1452B91FF3ADB0CC2CD0771;path=/vsac;HttpOnly;Secure
      Content-Type:
      - text/xml;charset=utf-8
      Content-Length:
      - '27773'
      Date:
      - Thu, 08 Mar 2018 16:05:40 GMT
      X-Vip-Info:
      - 130.14.16.40:443
      X-Pool-Info:
      - "/Common/vsacweb_p 10.1.5.110 8080"
      Strict-Transport-Security:
      - max-age=31536000; includeSubDomains; preload
    body:
      encoding: UTF-8
      string: |
        <?xml version="1.0" encoding="UTF-8" standalone="yes"?>
        <ns0:RetrieveMultipleValueSetsResponse xmlns:ns0="urn:ihe:iti:svs:2008" xmlns:xsi="http://www.w3.org/2001/XMLSchema-instance">
            <ns0:DescribedValueSet ID="2.16.840.1.114222.4.11.3591" displayName="Payer" version="N/A">
                <ns0:ConceptList>
                    <ns0:Concept code="1" codeSystem="2.16.840.1.113883.3.221.5" codeSystemName="SOP" codeSystemVersion="7.0" displayName="MEDICARE"/>
                    <ns0:Concept code="11" codeSystem="2.16.840.1.113883.3.221.5" codeSystemName="SOP" codeSystemVersion="7.0" displayName="Medicare (Managed Care)"/>
                    <ns0:Concept code="111" codeSystem="2.16.840.1.113883.3.221.5" codeSystemName="SOP" codeSystemVersion="7.0" displayName="Medicare HMO"/>
                    <ns0:Concept code="112" codeSystem="2.16.840.1.113883.3.221.5" codeSystemName="SOP" codeSystemVersion="7.0" displayName="Medicare PPO"/>
                    <ns0:Concept code="113" codeSystem="2.16.840.1.113883.3.221.5" codeSystemName="SOP" codeSystemVersion="7.0" displayName="Medicare POS"/>
                    <ns0:Concept code="119" codeSystem="2.16.840.1.113883.3.221.5" codeSystemName="SOP" codeSystemVersion="7.0" displayName="Medicare Managed Care Other"/>
                    <ns0:Concept code="12" codeSystem="2.16.840.1.113883.3.221.5" codeSystemName="SOP" codeSystemVersion="7.0" displayName="Medicare (Non-managed Care)"/>
                    <ns0:Concept code="121" codeSystem="2.16.840.1.113883.3.221.5" codeSystemName="SOP" codeSystemVersion="7.0" displayName="Medicare FFS"/>
                    <ns0:Concept code="122" codeSystem="2.16.840.1.113883.3.221.5" codeSystemName="SOP" codeSystemVersion="7.0" displayName="Medicare Drug Benefit"/>
                    <ns0:Concept code="123" codeSystem="2.16.840.1.113883.3.221.5" codeSystemName="SOP" codeSystemVersion="7.0" displayName="Medicare Medical Savings Account (MSA)"/>
                    <ns0:Concept code="129" codeSystem="2.16.840.1.113883.3.221.5" codeSystemName="SOP" codeSystemVersion="7.0" displayName="Medicare Non-managed Care Other"/>
                    <ns0:Concept code="13" codeSystem="2.16.840.1.113883.3.221.5" codeSystemName="SOP" codeSystemVersion="7.0" displayName="Medicare Hospice"/>
                    <ns0:Concept code="14" codeSystem="2.16.840.1.113883.3.221.5" codeSystemName="SOP" codeSystemVersion="7.0" displayName="Dual Eligibility Medicare/Medicaid Organization"/>
                    <ns0:Concept code="19" codeSystem="2.16.840.1.113883.3.221.5" codeSystemName="SOP" codeSystemVersion="7.0" displayName="Medicare Other"/>
                    <ns0:Concept code="191" codeSystem="2.16.840.1.113883.3.221.5" codeSystemName="SOP" codeSystemVersion="7.0" displayName="Medicare Pharmacy Benefit Manager"/>
                    <ns0:Concept code="2" codeSystem="2.16.840.1.113883.3.221.5" codeSystemName="SOP" codeSystemVersion="7.0" displayName="MEDICAID"/>
                    <ns0:Concept code="21" codeSystem="2.16.840.1.113883.3.221.5" codeSystemName="SOP" codeSystemVersion="7.0" displayName="Medicaid (Managed Care)"/>
                    <ns0:Concept code="211" codeSystem="2.16.840.1.113883.3.221.5" codeSystemName="SOP" codeSystemVersion="7.0" displayName="Medicaid HMO"/>
                    <ns0:Concept code="212" codeSystem="2.16.840.1.113883.3.221.5" codeSystemName="SOP" codeSystemVersion="7.0" displayName="Medicaid PPO"/>
                    <ns0:Concept code="213" codeSystem="2.16.840.1.113883.3.221.5" codeSystemName="SOP" codeSystemVersion="7.0" displayName="Medicaid PCCM (Primary Care Case Management)"/>
                    <ns0:Concept code="219" codeSystem="2.16.840.1.113883.3.221.5" codeSystemName="SOP" codeSystemVersion="7.0" displayName="Medicaid Managed Care Other"/>
                    <ns0:Concept code="22" codeSystem="2.16.840.1.113883.3.221.5" codeSystemName="SOP" codeSystemVersion="7.0" displayName="Medicaid (Non-managed Care Plan)"/>
                    <ns0:Concept code="23" codeSystem="2.16.840.1.113883.3.221.5" codeSystemName="SOP" codeSystemVersion="7.0" displayName="Medicaid/SCHIP"/>
                    <ns0:Concept code="24" codeSystem="2.16.840.1.113883.3.221.5" codeSystemName="SOP" codeSystemVersion="7.0" displayName="Medicaid Applicant"/>
                    <ns0:Concept code="25" codeSystem="2.16.840.1.113883.3.221.5" codeSystemName="SOP" codeSystemVersion="7.0" displayName="Medicaid - Out of State"/>
                    <ns0:Concept code="26" codeSystem="2.16.840.1.113883.3.221.5" codeSystemName="SOP" codeSystemVersion="7.0" displayName="Medicaid -- Long Term Care"/>
                    <ns0:Concept code="29" codeSystem="2.16.840.1.113883.3.221.5" codeSystemName="SOP" codeSystemVersion="7.0" displayName="Medicaid Other"/>
                    <ns0:Concept code="291" codeSystem="2.16.840.1.113883.3.221.5" codeSystemName="SOP" codeSystemVersion="7.0" displayName="Medicaid Pharmacy Benefit Manager"/>
                    <ns0:Concept code="299" codeSystem="2.16.840.1.113883.3.221.5" codeSystemName="SOP" codeSystemVersion="7.0" displayName="Medicaid - Dental"/>
                    <ns0:Concept code="3" codeSystem="2.16.840.1.113883.3.221.5" codeSystemName="SOP" codeSystemVersion="7.0" displayName="OTHER GOVERNMENT (Federal/State/Local) (excluding Department of Corrections)"/>
                    <ns0:Concept code="31" codeSystem="2.16.840.1.113883.3.221.5" codeSystemName="SOP" codeSystemVersion="7.0" displayName="Department of Defense"/>
                    <ns0:Concept code="311" codeSystem="2.16.840.1.113883.3.221.5" codeSystemName="SOP" codeSystemVersion="7.0" displayName="TRICARE (CHAMPUS)"/>
                    <ns0:Concept code="3111" codeSystem="2.16.840.1.113883.3.221.5" codeSystemName="SOP" codeSystemVersion="7.0" displayName="TRICARE Prime--HMO"/>
                    <ns0:Concept code="3112" codeSystem="2.16.840.1.113883.3.221.5" codeSystemName="SOP" codeSystemVersion="7.0" displayName="TRICARE Extra--PPO"/>
                    <ns0:Concept code="3113" codeSystem="2.16.840.1.113883.3.221.5" codeSystemName="SOP" codeSystemVersion="7.0" displayName="TRICARE Standard - Fee For Service"/>
                    <ns0:Concept code="3114" codeSystem="2.16.840.1.113883.3.221.5" codeSystemName="SOP" codeSystemVersion="7.0" displayName="TRICARE For Life--Medicare Supplement"/>
                    <ns0:Concept code="3115" codeSystem="2.16.840.1.113883.3.221.5" codeSystemName="SOP" codeSystemVersion="7.0" displayName="TRICARE Reserve Select"/>
                    <ns0:Concept code="3116" codeSystem="2.16.840.1.113883.3.221.5" codeSystemName="SOP" codeSystemVersion="7.0" displayName="Uniformed Services Family Health Plan (USFHP) -- HMO"/>
                    <ns0:Concept code="3119" codeSystem="2.16.840.1.113883.3.221.5" codeSystemName="SOP" codeSystemVersion="7.0" displayName="Department of Defense - (other)"/>
                    <ns0:Concept code="312" codeSystem="2.16.840.1.113883.3.221.5" codeSystemName="SOP" codeSystemVersion="7.0" displayName="Military Treatment Facility"/>
                    <ns0:Concept code="3121" codeSystem="2.16.840.1.113883.3.221.5" codeSystemName="SOP" codeSystemVersion="7.0" displayName="Enrolled Prime--HMO"/>
                    <ns0:Concept code="3122" codeSystem="2.16.840.1.113883.3.221.5" codeSystemName="SOP" codeSystemVersion="7.0" displayName="Non-enrolled Space Available"/>
                    <ns0:Concept code="3123" codeSystem="2.16.840.1.113883.3.221.5" codeSystemName="SOP" codeSystemVersion="7.0" displayName="TRICARE For Life (TFL)"/>
                    <ns0:Concept code="313" codeSystem="2.16.840.1.113883.3.221.5" codeSystemName="SOP" codeSystemVersion="7.0" displayName="Dental --Stand Alone"/>
                    <ns0:Concept code="32" codeSystem="2.16.840.1.113883.3.221.5" codeSystemName="SOP" codeSystemVersion="7.0" displayName="Department of Veterans Affairs"/>
                    <ns0:Concept code="321" codeSystem="2.16.840.1.113883.3.221.5" codeSystemName="SOP" codeSystemVersion="7.0" displayName="Veteran care--Care provided to Veterans"/>
                    <ns0:Concept code="3211" codeSystem="2.16.840.1.113883.3.221.5" codeSystemName="SOP" codeSystemVersion="7.0" displayName="Direct Care--Care provided in VA facilities"/>
                    <ns0:Concept code="3212" codeSystem="2.16.840.1.113883.3.221.5" codeSystemName="SOP" codeSystemVersion="7.0" displayName="Indirect Care--Care provided outside VA facilities"/>
                    <ns0:Concept code="32121" codeSystem="2.16.840.1.113883.3.221.5" codeSystemName="SOP" codeSystemVersion="7.0" displayName="Fee Basis"/>
                    <ns0:Concept code="32122" codeSystem="2.16.840.1.113883.3.221.5" codeSystemName="SOP" codeSystemVersion="7.0" displayName="Foreign Fee/Foreign Medical Program (FMP)"/>
                    <ns0:Concept code="32123" codeSystem="2.16.840.1.113883.3.221.5" codeSystemName="SOP" codeSystemVersion="7.0" displayName="Contract Nursing Home/Community Nursing Home"/>
                    <ns0:Concept code="32124" codeSystem="2.16.840.1.113883.3.221.5" codeSystemName="SOP" codeSystemVersion="7.0" displayName="State Veterans Home"/>
                    <ns0:Concept code="32125" codeSystem="2.16.840.1.113883.3.221.5" codeSystemName="SOP" codeSystemVersion="7.0" displayName="Sharing Agreements"/>
                    <ns0:Concept code="32126" codeSystem="2.16.840.1.113883.3.221.5" codeSystemName="SOP" codeSystemVersion="7.0" displayName="Other Federal Agency"/>
                    <ns0:Concept code="32127" codeSystem="2.16.840.1.113883.3.221.5" codeSystemName="SOP" codeSystemVersion="7.0" displayName="Dental Care"/>
                    <ns0:Concept code="32128" codeSystem="2.16.840.1.113883.3.221.5" codeSystemName="SOP" codeSystemVersion="7.0" displayName="Vision Care"/>
                    <ns0:Concept code="322" codeSystem="2.16.840.1.113883.3.221.5" codeSystemName="SOP" codeSystemVersion="7.0" displayName="Non-veteran care"/>
                    <ns0:Concept code="3221" codeSystem="2.16.840.1.113883.3.221.5" codeSystemName="SOP" codeSystemVersion="7.0" displayName="Civilian Health and Medical Program for the VA (CHAMPVA)"/>
                    <ns0:Concept code="3222" codeSystem="2.16.840.1.113883.3.221.5" codeSystemName="SOP" codeSystemVersion="7.0" displayName="Spina Bifida Health Care Program (SB)"/>
                    <ns0:Concept code="3223" codeSystem="2.16.840.1.113883.3.221.5" codeSystemName="SOP" codeSystemVersion="7.0" displayName="Children of Women Vietnam Veterans (CWVV)"/>
                    <ns0:Concept code="3229" codeSystem="2.16.840.1.113883.3.221.5" codeSystemName="SOP" codeSystemVersion="7.0" displayName="Other non-veteran care"/>
                    <ns0:Concept code="33" codeSystem="2.16.840.1.113883.3.221.5" codeSystemName="SOP" codeSystemVersion="7.0" displayName="Indian Health Service or Tribe"/>
                    <ns0:Concept code="331" codeSystem="2.16.840.1.113883.3.221.5" codeSystemName="SOP" codeSystemVersion="7.0" displayName="Indian Health Service -- Regular"/>
                    <ns0:Concept code="332" codeSystem="2.16.840.1.113883.3.221.5" codeSystemName="SOP" codeSystemVersion="7.0" displayName="Indian Health Service -- Contract"/>
                    <ns0:Concept code="333" codeSystem="2.16.840.1.113883.3.221.5" codeSystemName="SOP" codeSystemVersion="7.0" displayName="Indian Health Service - Managed Care"/>
                    <ns0:Concept code="334" codeSystem="2.16.840.1.113883.3.221.5" codeSystemName="SOP" codeSystemVersion="7.0" displayName="Indian Tribe - Sponsored Coverage"/>
                    <ns0:Concept code="34" codeSystem="2.16.840.1.113883.3.221.5" codeSystemName="SOP" codeSystemVersion="7.0" displayName="HRSA Program"/>
                    <ns0:Concept code="341" codeSystem="2.16.840.1.113883.3.221.5" codeSystemName="SOP" codeSystemVersion="7.0" displayName="Title V (MCH Block Grant)"/>
                    <ns0:Concept code="342" codeSystem="2.16.840.1.113883.3.221.5" codeSystemName="SOP" codeSystemVersion="7.0" displayName="Migrant Health Program"/>
                    <ns0:Concept code="343" codeSystem="2.16.840.1.113883.3.221.5" codeSystemName="SOP" codeSystemVersion="7.0" displayName="Ryan White Act"/>
                    <ns0:Concept code="349" codeSystem="2.16.840.1.113883.3.221.5" codeSystemName="SOP" codeSystemVersion="7.0" displayName="Other"/>
                    <ns0:Concept code="35" codeSystem="2.16.840.1.113883.3.221.5" codeSystemName="SOP" codeSystemVersion="7.0" displayName="Black Lung"/>
                    <ns0:Concept code="36" codeSystem="2.16.840.1.113883.3.221.5" codeSystemName="SOP" codeSystemVersion="7.0" displayName="State Government"/>
                    <ns0:Concept code="361" codeSystem="2.16.840.1.113883.3.221.5" codeSystemName="SOP" codeSystemVersion="7.0" displayName="State SCHIP program (codes for individual states)"/>
                    <ns0:Concept code="362" codeSystem="2.16.840.1.113883.3.221.5" codeSystemName="SOP" codeSystemVersion="7.0" displayName="Specific state programs (list/ local code)"/>
                    <ns0:Concept code="369" codeSystem="2.16.840.1.113883.3.221.5" codeSystemName="SOP" codeSystemVersion="7.0" displayName="State, not otherwise specified (other state)"/>
                    <ns0:Concept code="37" codeSystem="2.16.840.1.113883.3.221.5" codeSystemName="SOP" codeSystemVersion="7.0" displayName="Local Government"/>
                    <ns0:Concept code="371" codeSystem="2.16.840.1.113883.3.221.5" codeSystemName="SOP" codeSystemVersion="7.0" displayName="Local - Managed care"/>
                    <ns0:Concept code="3711" codeSystem="2.16.840.1.113883.3.221.5" codeSystemName="SOP" codeSystemVersion="7.0" displayName="HMO"/>
                    <ns0:Concept code="3712" codeSystem="2.16.840.1.113883.3.221.5" codeSystemName="SOP" codeSystemVersion="7.0" displayName="PPO"/>
                    <ns0:Concept code="3713" codeSystem="2.16.840.1.113883.3.221.5" codeSystemName="SOP" codeSystemVersion="7.0" displayName="POS"/>
                    <ns0:Concept code="372" codeSystem="2.16.840.1.113883.3.221.5" codeSystemName="SOP" codeSystemVersion="7.0" displayName="FFS/Indemnity"/>
                    <ns0:Concept code="379" codeSystem="2.16.840.1.113883.3.221.5" codeSystemName="SOP" codeSystemVersion="7.0" displayName="Local, not otherwise specified (other local, county)"/>
                    <ns0:Concept code="38" codeSystem="2.16.840.1.113883.3.221.5" codeSystemName="SOP" codeSystemVersion="7.0" displayName="Other Government (Federal, State, Local not specified)"/>
                    <ns0:Concept code="381" codeSystem="2.16.840.1.113883.3.221.5" codeSystemName="SOP" codeSystemVersion="7.0" displayName="Federal, State, Local not specified managed care"/>
                    <ns0:Concept code="3811" codeSystem="2.16.840.1.113883.3.221.5" codeSystemName="SOP" codeSystemVersion="7.0" displayName="Federal, State, Local not specified - HMO"/>
                    <ns0:Concept code="3812" codeSystem="2.16.840.1.113883.3.221.5" codeSystemName="SOP" codeSystemVersion="7.0" displayName="Federal, State, Local not specified - PPO"/>
                    <ns0:Concept code="3813" codeSystem="2.16.840.1.113883.3.221.5" codeSystemName="SOP" codeSystemVersion="7.0" displayName="Federal, State, Local not specified - POS"/>
                    <ns0:Concept code="3819" codeSystem="2.16.840.1.113883.3.221.5" codeSystemName="SOP" codeSystemVersion="7.0" displayName="Federal, State, Local not specified - not specified managed care"/>
                    <ns0:Concept code="382" codeSystem="2.16.840.1.113883.3.221.5" codeSystemName="SOP" codeSystemVersion="7.0" displayName="Federal, State, Local not specified - FFS"/>
                    <ns0:Concept code="389" codeSystem="2.16.840.1.113883.3.221.5" codeSystemName="SOP" codeSystemVersion="7.0" displayName="Federal, State, Local not specified - Other"/>
                    <ns0:Concept code="39" codeSystem="2.16.840.1.113883.3.221.5" codeSystemName="SOP" codeSystemVersion="7.0" displayName="Other Federal"/>
                    <ns0:Concept code="391" codeSystem="2.16.840.1.113883.3.221.5" codeSystemName="SOP" codeSystemVersion="7.0" displayName="Federal Employee Health Plan"/>
                    <ns0:Concept code="4" codeSystem="2.16.840.1.113883.3.221.5" codeSystemName="SOP" codeSystemVersion="7.0" displayName="DEPARTMENTS OF CORRECTIONS"/>
                    <ns0:Concept code="41" codeSystem="2.16.840.1.113883.3.221.5" codeSystemName="SOP" codeSystemVersion="7.0" displayName="Corrections Federal"/>
                    <ns0:Concept code="42" codeSystem="2.16.840.1.113883.3.221.5" codeSystemName="SOP" codeSystemVersion="7.0" displayName="Corrections State"/>
                    <ns0:Concept code="43" codeSystem="2.16.840.1.113883.3.221.5" codeSystemName="SOP" codeSystemVersion="7.0" displayName="Corrections Local"/>
                    <ns0:Concept code="44" codeSystem="2.16.840.1.113883.3.221.5" codeSystemName="SOP" codeSystemVersion="7.0" displayName="Corrections Unknown Level"/>
                    <ns0:Concept code="5" codeSystem="2.16.840.1.113883.3.221.5" codeSystemName="SOP" codeSystemVersion="7.0" displayName="PRIVATE HEALTH INSURANCE"/>
                    <ns0:Concept code="51" codeSystem="2.16.840.1.113883.3.221.5" codeSystemName="SOP" codeSystemVersion="7.0" displayName="Managed Care (Private)"/>
                    <ns0:Concept code="511" codeSystem="2.16.840.1.113883.3.221.5" codeSystemName="SOP" codeSystemVersion="7.0" displayName="Commercial Managed Care - HMO"/>
                    <ns0:Concept code="512" codeSystem="2.16.840.1.113883.3.221.5" codeSystemName="SOP" codeSystemVersion="7.0" displayName="Commercial Managed Care - PPO"/>
                    <ns0:Concept code="513" codeSystem="2.16.840.1.113883.3.221.5" codeSystemName="SOP" codeSystemVersion="7.0" displayName="Commercial Managed Care - POS"/>
                    <ns0:Concept code="514" codeSystem="2.16.840.1.113883.3.221.5" codeSystemName="SOP" codeSystemVersion="7.0" displayName="Exclusive Provider Organization"/>
                    <ns0:Concept code="515" codeSystem="2.16.840.1.113883.3.221.5" codeSystemName="SOP" codeSystemVersion="7.0" displayName="Gatekeeper PPO (GPPO)"/>
                    <ns0:Concept code="516" codeSystem="2.16.840.1.113883.3.221.5" codeSystemName="SOP" codeSystemVersion="7.0" displayName="Commercial Managed Care - Pharmacy Benefit Manager"/>
                    <ns0:Concept code="517" codeSystem="2.16.840.1.113883.3.221.5" codeSystemName="SOP" codeSystemVersion="7.0" displayName="Commercial Managed Care - Dental"/>
                    <ns0:Concept code="519" codeSystem="2.16.840.1.113883.3.221.5" codeSystemName="SOP" codeSystemVersion="7.0" displayName="Managed Care, Other (non HMO)"/>
                    <ns0:Concept code="52" codeSystem="2.16.840.1.113883.3.221.5" codeSystemName="SOP" codeSystemVersion="7.0" displayName="Private Health Insurance - Indemnity"/>
                    <ns0:Concept code="521" codeSystem="2.16.840.1.113883.3.221.5" codeSystemName="SOP" codeSystemVersion="7.0" displayName="Commercial Indemnity"/>
                    <ns0:Concept code="522" codeSystem="2.16.840.1.113883.3.221.5" codeSystemName="SOP" codeSystemVersion="7.0" displayName="Self-insured (ERISA) Administrative Services Only (ASO) plan"/>
                    <ns0:Concept code="523" codeSystem="2.16.840.1.113883.3.221.5" codeSystemName="SOP" codeSystemVersion="7.0" displayName="Medicare supplemental policy (as second payer)"/>
                    <ns0:Concept code="524" codeSystem="2.16.840.1.113883.3.221.5" codeSystemName="SOP" codeSystemVersion="7.0" displayName="Indemnity Insurance - Dental"/>
                    <ns0:Concept code="529" codeSystem="2.16.840.1.113883.3.221.5" codeSystemName="SOP" codeSystemVersion="7.0" displayName="Private health insurance--other commercial Indemnity"/>
                    <ns0:Concept code="53" codeSystem="2.16.840.1.113883.3.221.5" codeSystemName="SOP" codeSystemVersion="7.0" displayName="Managed Care (private) or private health insurance (indemnity), not otherwise specified"/>
                    <ns0:Concept code="54" codeSystem="2.16.840.1.113883.3.221.5" codeSystemName="SOP" codeSystemVersion="7.0" displayName="Organized Delivery System"/>
                    <ns0:Concept code="55" codeSystem="2.16.840.1.113883.3.221.5" codeSystemName="SOP" codeSystemVersion="7.0" displayName="Small Employer Purchasing Group"/>
                    <ns0:Concept code="56" codeSystem="2.16.840.1.113883.3.221.5" codeSystemName="SOP" codeSystemVersion="7.0" displayName="Specialized Stand Alone Plan"/>
                    <ns0:Concept code="561" codeSystem="2.16.840.1.113883.3.221.5" codeSystemName="SOP" codeSystemVersion="7.0" displayName="Dental"/>
                    <ns0:Concept code="562" codeSystem="2.16.840.1.113883.3.221.5" codeSystemName="SOP" codeSystemVersion="7.0" displayName="Vision"/>
                    <ns0:Concept code="59" codeSystem="2.16.840.1.113883.3.221.5" codeSystemName="SOP" codeSystemVersion="7.0" displayName="Other Private Insurance"/>
                    <ns0:Concept code="6" codeSystem="2.16.840.1.113883.3.221.5" codeSystemName="SOP" codeSystemVersion="7.0" displayName="BLUE CROSS/BLUE SHIELD"/>
                    <ns0:Concept code="61" codeSystem="2.16.840.1.113883.3.221.5" codeSystemName="SOP" codeSystemVersion="7.0" displayName="BC Managed Care"/>
                    <ns0:Concept code="611" codeSystem="2.16.840.1.113883.3.221.5" codeSystemName="SOP" codeSystemVersion="7.0" displayName="BC Managed Care -- HMO"/>
                    <ns0:Concept code="612" codeSystem="2.16.840.1.113883.3.221.5" codeSystemName="SOP" codeSystemVersion="7.0" displayName="BC Managed Care -- PPO"/>
                    <ns0:Concept code="613" codeSystem="2.16.840.1.113883.3.221.5" codeSystemName="SOP" codeSystemVersion="7.0" displayName="BC Managed Care -- POS"/>
                    <ns0:Concept code="614" codeSystem="2.16.840.1.113883.3.221.5" codeSystemName="SOP" codeSystemVersion="7.0" displayName="BC Managed Care - Dental"/>
                    <ns0:Concept code="619" codeSystem="2.16.840.1.113883.3.221.5" codeSystemName="SOP" codeSystemVersion="7.0" displayName="BC Managed Care -- Other"/>
                    <ns0:Concept code="62" codeSystem="2.16.840.1.113883.3.221.5" codeSystemName="SOP" codeSystemVersion="7.0" displayName="BC Insurance Indemnity"/>
                    <ns0:Concept code="621" codeSystem="2.16.840.1.113883.3.221.5" codeSystemName="SOP" codeSystemVersion="7.0" displayName="BC Indemnity"/>
                    <ns0:Concept code="622" codeSystem="2.16.840.1.113883.3.221.5" codeSystemName="SOP" codeSystemVersion="7.0" displayName="BC Self-insured (ERISA) Administrative Services Only (ASO)Plan"/>
                    <ns0:Concept code="623" codeSystem="2.16.840.1.113883.3.221.5" codeSystemName="SOP" codeSystemVersion="7.0" displayName="BC Medicare Supplemental Plan"/>
                    <ns0:Concept code="629" codeSystem="2.16.840.1.113883.3.221.5" codeSystemName="SOP" codeSystemVersion="7.0" displayName="BC Indemnity - Dental"/>
                    <ns0:Concept code="7" codeSystem="2.16.840.1.113883.3.221.5" codeSystemName="SOP" codeSystemVersion="7.0" displayName="MANAGED CARE, UNSPECIFIED (to be used only if one can't distinguish public from private)"/>
                    <ns0:Concept code="71" codeSystem="2.16.840.1.113883.3.221.5" codeSystemName="SOP" codeSystemVersion="7.0" displayName="HMO"/>
                    <ns0:Concept code="72" codeSystem="2.16.840.1.113883.3.221.5" codeSystemName="SOP" codeSystemVersion="7.0" displayName="PPO"/>
                    <ns0:Concept code="73" codeSystem="2.16.840.1.113883.3.221.5" codeSystemName="SOP" codeSystemVersion="7.0" displayName="POS"/>
                    <ns0:Concept code="79" codeSystem="2.16.840.1.113883.3.221.5" codeSystemName="SOP" codeSystemVersion="7.0" displayName="Other Managed Care"/>
                    <ns0:Concept code="8" codeSystem="2.16.840.1.113883.3.221.5" codeSystemName="SOP" codeSystemVersion="7.0" displayName="NO PAYMENT from an Organization/Agency/Program/Private Payer Listed"/>
                    <ns0:Concept code="81" codeSystem="2.16.840.1.113883.3.221.5" codeSystemName="SOP" codeSystemVersion="7.0" displayName="Self-pay"/>
                    <ns0:Concept code="82" codeSystem="2.16.840.1.113883.3.221.5" codeSystemName="SOP" codeSystemVersion="7.0" displayName="No Charge"/>
                    <ns0:Concept code="821" codeSystem="2.16.840.1.113883.3.221.5" codeSystemName="SOP" codeSystemVersion="7.0" displayName="Charity"/>
                    <ns0:Concept code="822" codeSystem="2.16.840.1.113883.3.221.5" codeSystemName="SOP" codeSystemVersion="7.0" displayName="Professional Courtesy"/>
                    <ns0:Concept code="823" codeSystem="2.16.840.1.113883.3.221.5" codeSystemName="SOP" codeSystemVersion="7.0" displayName="Research/Clinical Trial"/>
                    <ns0:Concept code="83" codeSystem="2.16.840.1.113883.3.221.5" codeSystemName="SOP" codeSystemVersion="7.0" displayName="Refusal to Pay/Bad Debt"/>
                    <ns0:Concept code="84" codeSystem="2.16.840.1.113883.3.221.5" codeSystemName="SOP" codeSystemVersion="7.0" displayName="Hill Burton Free Care"/>
                    <ns0:Concept code="85" codeSystem="2.16.840.1.113883.3.221.5" codeSystemName="SOP" codeSystemVersion="7.0" displayName="Research/Donor"/>
                    <ns0:Concept code="89" codeSystem="2.16.840.1.113883.3.221.5" codeSystemName="SOP" codeSystemVersion="7.0" displayName="No Payment, Other"/>
                    <ns0:Concept code="9" codeSystem="2.16.840.1.113883.3.221.5" codeSystemName="SOP" codeSystemVersion="7.0" displayName="MISCELLANEOUS/OTHER"/>
                    <ns0:Concept code="91" codeSystem="2.16.840.1.113883.3.221.5" codeSystemName="SOP" codeSystemVersion="7.0" displayName="Foreign National"/>
                    <ns0:Concept code="92" codeSystem="2.16.840.1.113883.3.221.5" codeSystemName="SOP" codeSystemVersion="7.0" displayName="Other (Non-government)"/>
                    <ns0:Concept code="93" codeSystem="2.16.840.1.113883.3.221.5" codeSystemName="SOP" codeSystemVersion="7.0" displayName="Disability Insurance"/>
                    <ns0:Concept code="94" codeSystem="2.16.840.1.113883.3.221.5" codeSystemName="SOP" codeSystemVersion="7.0" displayName="Long-term Care Insurance"/>
                    <ns0:Concept code="95" codeSystem="2.16.840.1.113883.3.221.5" codeSystemName="SOP" codeSystemVersion="7.0" displayName="Worker's Compensation"/>
                    <ns0:Concept code="951" codeSystem="2.16.840.1.113883.3.221.5" codeSystemName="SOP" codeSystemVersion="7.0" displayName="Worker's Comp HMO"/>
                    <ns0:Concept code="953" codeSystem="2.16.840.1.113883.3.221.5" codeSystemName="SOP" codeSystemVersion="7.0" displayName="Worker's Comp Fee-for-Service"/>
                    <ns0:Concept code="954" codeSystem="2.16.840.1.113883.3.221.5" codeSystemName="SOP" codeSystemVersion="7.0" displayName="Worker's Comp Other Managed Care"/>
                    <ns0:Concept code="959" codeSystem="2.16.840.1.113883.3.221.5" codeSystemName="SOP" codeSystemVersion="7.0" displayName="Worker's Comp, Other unspecified"/>
                    <ns0:Concept code="96" codeSystem="2.16.840.1.113883.3.221.5" codeSystemName="SOP" codeSystemVersion="7.0" displayName="Auto Insurance (includes no fault)"/>
                    <ns0:Concept code="97" codeSystem="2.16.840.1.113883.3.221.5" codeSystemName="SOP" codeSystemVersion="7.0" displayName="Legal Liability / Liability Insurance"/>
                    <ns0:Concept code="98" codeSystem="2.16.840.1.113883.3.221.5" codeSystemName="SOP" codeSystemVersion="7.0" displayName="Other specified but not otherwise classifiable (includes Hospice - Unspecified plan)"/>
                    <ns0:Concept code="99" codeSystem="2.16.840.1.113883.3.221.5" codeSystemName="SOP" codeSystemVersion="7.0" displayName="No Typology Code available for payment source"/>
                    <ns0:Concept code="9999" codeSystem="2.16.840.1.113883.3.221.5" codeSystemName="SOP" codeSystemVersion="7.0" displayName="Unavailable / No Payer Specified / Blank"/>
                </ns0:ConceptList>
                <ns0:Source>HL7 Terminology</ns0:Source>
                <ns0:Purpose>(Clinical Focus: Categories of types of health care payor entities as defined by the US Public Health Data Consortium SOP code system),(Data Element Scope: @code in CCDA r2.1 template Planned Coverage [act: identifier urn:oid:2.16.840.1.113883.10.20.22.4.129 (open)] DYNAMIC),(Inclusion Criteria: All codes in the code system),(Exclusion Criteria: none)</ns0:Purpose>
                <ns0:Type>Extensional</ns0:Type>
                <ns0:Binding>Dynamic</ns0:Binding>
                <ns0:Status>Active</ns0:Status>
                <ns0:RevisionDate>2018-02-27</ns0:RevisionDate>
            </ns0:DescribedValueSet>
        </ns0:RetrieveMultipleValueSetsResponse>
    http_version: 
  recorded_at: Thu, 08 Mar 2018 16:05:41 GMT
- request:
    method: post
    uri: https://vsac.nlm.nih.gov/vsac/ws/Ticket/TGT-27358-evxYu9uD2MCSlgmxopRkHEZcRX6x7PTeZnlKo0fPzUQirOK9Nn-cas
    body:
      encoding: UTF-8
      string: service=http%3A%2F%2Fumlsks.nlm.nih.gov
    headers:
      Accept:
      - "*/*; q=0.5, application/xml"
      Accept-Encoding:
      - gzip, deflate
      Content-Length:
      - '39'
      Content-Type:
      - application/x-www-form-urlencoded
      User-Agent:
      - Ruby
  response:
    status:
      code: 200
      message: ''
    headers:
      Cache-Control:
      - no-cache, no-store, max-age=0, must-revalidate
      Pragma:
      - no-cache
      Expires:
      - '0'
      X-Xss-Protection:
      - 1; mode=block
      X-Frame-Options:
      - SAMEORIGIN
      X-Content-Type-Options:
      - nosniff
      Content-Type:
      - text/plain;charset=utf-8
      Content-Length:
      - '34'
      Date:
      - Thu, 08 Mar 2018 16:05:41 GMT
      Set-Cookie:
      - BIGipServervsacweb_p=!WicJRmQf3SVbD9/m9OGvBt4MxRMcji5OqTTSA0XloimUH3aqw+SRYsnUrM1IwY/mMpbUiGs0kAeW3MM=;
        expires=Thu, 08-Mar-2018 18:05:41 GMT; path=/; Httponly; Secure
      X-Vip-Info:
      - 130.14.16.40:443
      X-Pool-Info:
      - "/Common/vsacweb_p 10.1.5.110 8080"
      Strict-Transport-Security:
      - max-age=31536000; includeSubDomains; preload
    body:
      encoding: UTF-8
      string: ST-194636-9evcllm2Hz0Ue2qbLc0X-cas
    http_version: 
  recorded_at: Thu, 08 Mar 2018 16:05:41 GMT
- request:
    method: get
    uri: https://vsac.nlm.nih.gov/vsac/svs/RetrieveMultipleValueSets?id=2.16.840.1.113883.3.464.1003.101.12.1048&profile=Latest%20eCQM&ticket=ST-194636-9evcllm2Hz0Ue2qbLc0X-cas
    body:
      encoding: US-ASCII
      string: ''
    headers:
      Accept:
      - "*/*; q=0.5, application/xml"
      Accept-Encoding:
      - gzip, deflate
      User-Agent:
      - Ruby
  response:
    status:
      code: 200
      message: ''
    headers:
      Cache-Control:
      - no-cache, no-store, max-age=0, must-revalidate
      Pragma:
      - no-cache
      Expires:
      - '0'
      X-Xss-Protection:
      - 1; mode=block
      X-Frame-Options:
      - SAMEORIGIN
      X-Content-Type-Options:
      - nosniff
      Set-Cookie:
      - BIGipServervsacweb_p=!7g8xBVdJx7/m7hXNtNHn4GsLooFbU8WevdMImhA2n2K0JhwpjUyuAu81C83aqOdVKEHwWREreaRKu9o=;
        expires=Thu, 08-Mar-2018 18:05:42 GMT; path=/; Httponly; Secure
      - JSESSIONID=3794F5A7781FE7B2C38D60718A0B6E74;path=/vsac;HttpOnly;Secure
      Content-Type:
      - text/xml;charset=utf-8
      Content-Length:
      - '4194'
      Date:
      - Thu, 08 Mar 2018 16:05:41 GMT
      X-Vip-Info:
      - 130.14.16.40:443
      X-Pool-Info:
      - "/Common/vsacweb_p 10.1.5.110 8080"
      Strict-Transport-Security:
      - max-age=31536000; includeSubDomains; preload
    body:
      encoding: UTF-8
      string: |
        <?xml version="1.0" encoding="UTF-8" standalone="yes"?>
        <ns0:RetrieveMultipleValueSetsResponse xmlns:ns0="urn:ihe:iti:svs:2008" xmlns:xsi="http://www.w3.org/2001/XMLSchema-instance">
            <ns0:DescribedValueSet ID="2.16.840.1.113883.3.464.1003.101.12.1048" displayName="Face-to-Face Interaction" version="N/A">
                <ns0:ConceptList>
                    <ns0:Concept code="12843005" codeSystem="2.16.840.1.113883.6.96" codeSystemName="SNOMEDCT" codeSystemVersion="2017-09" displayName="Subsequent hospital visit by physician (procedure)"/>
                    <ns0:Concept code="18170008" codeSystem="2.16.840.1.113883.6.96" codeSystemName="SNOMEDCT" codeSystemVersion="2017-09" displayName="Subsequent nursing facility visit (procedure)"/>
                    <ns0:Concept code="185349003" codeSystem="2.16.840.1.113883.6.96" codeSystemName="SNOMEDCT" codeSystemVersion="2017-09" displayName="Encounter for check up (procedure)"/>
                    <ns0:Concept code="185463005" codeSystem="2.16.840.1.113883.6.96" codeSystemName="SNOMEDCT" codeSystemVersion="2017-09" displayName="Visit out of hours (procedure)"/>
                    <ns0:Concept code="185465003" codeSystem="2.16.840.1.113883.6.96" codeSystemName="SNOMEDCT" codeSystemVersion="2017-09" displayName="Weekend visit (procedure)"/>
                    <ns0:Concept code="19681004" codeSystem="2.16.840.1.113883.6.96" codeSystemName="SNOMEDCT" codeSystemVersion="2017-09" displayName="Nursing evaluation of patient and report (procedure)"/>
                    <ns0:Concept code="207195004" codeSystem="2.16.840.1.113883.6.96" codeSystemName="SNOMEDCT" codeSystemVersion="2017-09" displayName="History and physical examination with evaluation and management of nursing facility patient (procedure)"/>
                    <ns0:Concept code="270427003" codeSystem="2.16.840.1.113883.6.96" codeSystemName="SNOMEDCT" codeSystemVersion="2017-09" displayName="Patient-initiated encounter (procedure)"/>
                    <ns0:Concept code="270430005" codeSystem="2.16.840.1.113883.6.96" codeSystemName="SNOMEDCT" codeSystemVersion="2017-09" displayName="Provider-initiated encounter (procedure)"/>
                    <ns0:Concept code="308335008" codeSystem="2.16.840.1.113883.6.96" codeSystemName="SNOMEDCT" codeSystemVersion="2017-09" displayName="Patient encounter procedure (procedure)"/>
                    <ns0:Concept code="390906007" codeSystem="2.16.840.1.113883.6.96" codeSystemName="SNOMEDCT" codeSystemVersion="2017-09" displayName="Follow-up encounter (procedure)"/>
                    <ns0:Concept code="406547006" codeSystem="2.16.840.1.113883.6.96" codeSystemName="SNOMEDCT" codeSystemVersion="2017-09" displayName="Urgent follow-up (procedure)"/>
                    <ns0:Concept code="439708006" codeSystem="2.16.840.1.113883.6.96" codeSystemName="SNOMEDCT" codeSystemVersion="2017-09" displayName="Home visit (procedure)"/>
                    <ns0:Concept code="87790002" codeSystem="2.16.840.1.113883.6.96" codeSystemName="SNOMEDCT" codeSystemVersion="2017-09" displayName="Follow-up inpatient consultation visit (procedure)"/>
                    <ns0:Concept code="90526000" codeSystem="2.16.840.1.113883.6.96" codeSystemName="SNOMEDCT" codeSystemVersion="2017-09" displayName="Initial evaluation and management of healthy individual (procedure)"/>
                </ns0:ConceptList>
                <ns0:Source>National Committee for Quality Assurance</ns0:Source>
                <ns0:Purpose>(Clinical Focus: This value set indentifies patients who have had a face-to-face interaction with a member of their medical care team.),(Data Element Scope: This value set was intended to map to the QDM data type of encounter.),(Inclusion Criteria: Includes both initial and follow up visits. Includes home visits, inpatient and outpatient visits, and nursing facility visits.),(Exclusion Criteria: Excludes visits that are not performed in-person, including telehealth services.)</ns0:Purpose>
                <ns0:Definition>(2.16.840.1.113883.3.464.1003.101.11.1216:Face-to-Face Interaction)</ns0:Definition>
                <ns0:Type>Grouping</ns0:Type>
                <ns0:Binding>Dynamic</ns0:Binding>
                <ns0:Status>Active</ns0:Status>
                <ns0:RevisionDate>2017-05-04</ns0:RevisionDate>
            </ns0:DescribedValueSet>
        </ns0:RetrieveMultipleValueSetsResponse>
    http_version: 
  recorded_at: Thu, 08 Mar 2018 16:05:42 GMT
- request:
    method: post
    uri: https://vsac.nlm.nih.gov/vsac/ws/Ticket/TGT-27358-evxYu9uD2MCSlgmxopRkHEZcRX6x7PTeZnlKo0fPzUQirOK9Nn-cas
    body:
      encoding: UTF-8
      string: service=http%3A%2F%2Fumlsks.nlm.nih.gov
    headers:
      Accept:
      - "*/*; q=0.5, application/xml"
      Accept-Encoding:
      - gzip, deflate
      Content-Length:
      - '39'
      Content-Type:
      - application/x-www-form-urlencoded
      User-Agent:
      - Ruby
  response:
    status:
      code: 200
      message: ''
    headers:
      Cache-Control:
      - no-cache, no-store, max-age=0, must-revalidate
      Pragma:
      - no-cache
      Expires:
      - '0'
      X-Xss-Protection:
      - 1; mode=block
      X-Frame-Options:
      - SAMEORIGIN
      X-Content-Type-Options:
      - nosniff
      Content-Type:
      - text/plain;charset=utf-8
      Content-Length:
      - '34'
      Date:
      - Thu, 08 Mar 2018 16:05:42 GMT
      Set-Cookie:
      - BIGipServervsacweb_p=!rbQN56VmheCfulHNtNHn4GsLooFbU+huZ3/CMWTjVDL4pR7N2lSpRTEfWC32NYzfiRRDhJb1g+EcINQ=;
        expires=Thu, 08-Mar-2018 18:05:42 GMT; path=/; Httponly; Secure
      X-Vip-Info:
      - 130.14.16.40:443
      X-Pool-Info:
      - "/Common/vsacweb_p 10.1.5.111 8080"
      Strict-Transport-Security:
      - max-age=31536000; includeSubDomains; preload
    body:
      encoding: UTF-8
      string: ST-194639-dfpOM3sgnVP2KUcapaBm-cas
    http_version: 
  recorded_at: Thu, 08 Mar 2018 16:05:42 GMT
- request:
    method: get
    uri: https://vsac.nlm.nih.gov/vsac/svs/RetrieveMultipleValueSets?id=2.16.840.1.113883.3.526.3.1187&profile=Latest%20eCQM&ticket=ST-194639-dfpOM3sgnVP2KUcapaBm-cas
    body:
      encoding: US-ASCII
      string: ''
    headers:
      Accept:
      - "*/*; q=0.5, application/xml"
      Accept-Encoding:
      - gzip, deflate
      User-Agent:
      - Ruby
  response:
    status:
      code: 200
      message: ''
    headers:
      Cache-Control:
      - no-cache, no-store, max-age=0, must-revalidate
      Pragma:
      - no-cache
      Expires:
      - '0'
      X-Xss-Protection:
      - 1; mode=block
      X-Frame-Options:
      - SAMEORIGIN
      X-Content-Type-Options:
      - nosniff
      Set-Cookie:
      - BIGipServervsacweb_p=!IQDRspSpdlK6BQTm9OGvBt4MxRMcjhbPh4Ebj9rTQ2jivpdvTru7qyLwfIDQTxm2k15X8glBVp6N7nY=;
        expires=Thu, 08-Mar-2018 18:05:43 GMT; path=/; Httponly; Secure
      - JSESSIONID=4BBA94F9D42E49B54E0902F522163164;path=/vsac;HttpOnly;Secure
      Content-Type:
      - text/xml;charset=utf-8
      Content-Length:
      - '1125'
      Date:
      - Thu, 08 Mar 2018 16:05:42 GMT
      X-Vip-Info:
      - 130.14.16.40:443
      X-Pool-Info:
      - "/Common/vsacweb_p 10.1.5.111 8080"
      Strict-Transport-Security:
      - max-age=31536000; includeSubDomains; preload
    body:
      encoding: UTF-8
      string: |
        <?xml version="1.0" encoding="UTF-8" standalone="yes"?>
        <ns0:RetrieveMultipleValueSetsResponse xmlns:ns0="urn:ihe:iti:svs:2008" xmlns:xsi="http://www.w3.org/2001/XMLSchema-instance">
            <ns0:DescribedValueSet ID="2.16.840.1.113883.3.526.3.1187" displayName="Group Psychotherapy" version="N/A">
                <ns0:ConceptList>
                    <ns0:Concept code="90853" codeSystem="2.16.840.1.113883.6.12" codeSystemName="CPT" codeSystemVersion="2018" displayName="Group psychotherapy (other than of a multiple-family group)"/>
                </ns0:ConceptList>
                <ns0:Source>PCPI Foundation</ns0:Source>
                <ns0:Purpose>(Clinical Focus: Under Development),(Data Element Scope: Under Development),(Inclusion Criteria: Under Development),(Exclusion Criteria: Under Development)</ns0:Purpose>
                <ns0:Definition>(2.16.840.1.113883.3.526.2.1251:Group Psychotherapy)</ns0:Definition>
                <ns0:Type>Grouping</ns0:Type>
                <ns0:Binding>Dynamic</ns0:Binding>
                <ns0:Status>Active</ns0:Status>
                <ns0:RevisionDate>2017-05-04</ns0:RevisionDate>
            </ns0:DescribedValueSet>
        </ns0:RetrieveMultipleValueSetsResponse>
    http_version: 
  recorded_at: Thu, 08 Mar 2018 16:05:43 GMT
- request:
    method: post
    uri: https://vsac.nlm.nih.gov/vsac/ws/Ticket/TGT-27358-evxYu9uD2MCSlgmxopRkHEZcRX6x7PTeZnlKo0fPzUQirOK9Nn-cas
    body:
      encoding: UTF-8
      string: service=http%3A%2F%2Fumlsks.nlm.nih.gov
    headers:
      Accept:
      - "*/*; q=0.5, application/xml"
      Accept-Encoding:
      - gzip, deflate
      Content-Length:
      - '39'
      Content-Type:
      - application/x-www-form-urlencoded
      User-Agent:
      - Ruby
  response:
    status:
      code: 200
      message: ''
    headers:
      Cache-Control:
      - no-cache, no-store, max-age=0, must-revalidate
      Pragma:
      - no-cache
      Expires:
      - '0'
      X-Xss-Protection:
      - 1; mode=block
      X-Frame-Options:
      - SAMEORIGIN
      X-Content-Type-Options:
      - nosniff
      Content-Type:
      - text/plain;charset=utf-8
      Content-Length:
      - '34'
      Date:
      - Thu, 08 Mar 2018 16:05:42 GMT
      Set-Cookie:
      - BIGipServervsacweb_p=!qGLBkwadXNYaM1fm9OGvBt4MxRMcjrRLbuCYNekTx9U8/9Bu9jU8eGfFiRx/YfzcAkp5gp001uNwOZA=;
        expires=Thu, 08-Mar-2018 18:05:43 GMT; path=/; Httponly; Secure
      X-Vip-Info:
      - 130.14.16.40:443
      X-Pool-Info:
      - "/Common/vsacweb_p 10.1.5.111 8080"
      Strict-Transport-Security:
      - max-age=31536000; includeSubDomains; preload
    body:
      encoding: UTF-8
      string: ST-194642-jIQErceEzz4mJtcwOktj-cas
    http_version: 
  recorded_at: Thu, 08 Mar 2018 16:05:43 GMT
- request:
    method: get
    uri: https://vsac.nlm.nih.gov/vsac/svs/RetrieveMultipleValueSets?id=2.16.840.1.113883.3.526.3.1491&profile=Latest%20eCQM&ticket=ST-194642-jIQErceEzz4mJtcwOktj-cas
    body:
      encoding: US-ASCII
      string: ''
    headers:
      Accept:
      - "*/*; q=0.5, application/xml"
      Accept-Encoding:
      - gzip, deflate
      User-Agent:
      - Ruby
  response:
    status:
      code: 200
      message: ''
    headers:
      Cache-Control:
      - no-cache, no-store, max-age=0, must-revalidate
      Pragma:
      - no-cache
      Expires:
      - '0'
      X-Xss-Protection:
      - 1; mode=block
      X-Frame-Options:
      - SAMEORIGIN
      X-Content-Type-Options:
      - nosniff
      Set-Cookie:
      - BIGipServervsacweb_p=!reXYtZjBNXGHgqTNtNHn4GsLooFbU99kWTkHMWPoRh6b1lsWE8OVgQwotckHCWSUlre/j2TQ7i7A+qg=;
        expires=Thu, 08-Mar-2018 18:05:44 GMT; path=/; Httponly; Secure
      - JSESSIONID=EEB2723B54386C9126894948747D5AAE;path=/vsac;HttpOnly;Secure
      Content-Type:
      - text/xml;charset=utf-8
      Content-Length:
      - '13024'
      Date:
      - Thu, 08 Mar 2018 16:05:44 GMT
      X-Vip-Info:
      - 130.14.16.40:443
      X-Pool-Info:
      - "/Common/vsacweb_p 10.1.5.111 8080"
      Strict-Transport-Security:
      - max-age=31536000; includeSubDomains; preload
    body:
      encoding: UTF-8
      string: |
        <?xml version="1.0" encoding="UTF-8" standalone="yes"?>
        <ns0:RetrieveMultipleValueSetsResponse xmlns:ns0="urn:ihe:iti:svs:2008" xmlns:xsi="http://www.w3.org/2001/XMLSchema-instance">
            <ns0:DescribedValueSet ID="2.16.840.1.113883.3.526.3.1491" displayName="Major Depressive Disorder-Active" version="N/A">
                <ns0:ConceptList>
                    <ns0:Concept code="14183003" codeSystem="2.16.840.1.113883.6.96" codeSystemName="SNOMEDCT" codeSystemVersion="2017-09" displayName="Chronic major depressive disorder, single episode (disorder)"/>
                    <ns0:Concept code="15193003" codeSystem="2.16.840.1.113883.6.96" codeSystemName="SNOMEDCT" codeSystemVersion="2017-09" displayName="Severe recurrent major depression with psychotic features, mood-incongruent (disorder)"/>
                    <ns0:Concept code="15639000" codeSystem="2.16.840.1.113883.6.96" codeSystemName="SNOMEDCT" codeSystemVersion="2017-09" displayName="Moderate major depression, single episode (disorder)"/>
                    <ns0:Concept code="18818009" codeSystem="2.16.840.1.113883.6.96" codeSystemName="SNOMEDCT" codeSystemVersion="2017-09" displayName="Moderate recurrent major depression (disorder)"/>
                    <ns0:Concept code="191610000" codeSystem="2.16.840.1.113883.6.96" codeSystemName="SNOMEDCT" codeSystemVersion="2017-09" displayName="Recurrent major depressive episodes, mild (disorder)"/>
                    <ns0:Concept code="191611001" codeSystem="2.16.840.1.113883.6.96" codeSystemName="SNOMEDCT" codeSystemVersion="2017-09" displayName="Recurrent major depressive episodes, moderate (disorder)"/>
                    <ns0:Concept code="191613003" codeSystem="2.16.840.1.113883.6.96" codeSystemName="SNOMEDCT" codeSystemVersion="2017-09" displayName="Recurrent major depressive episodes, severe, with psychosis (disorder)"/>
                    <ns0:Concept code="20250007" codeSystem="2.16.840.1.113883.6.96" codeSystemName="SNOMEDCT" codeSystemVersion="2017-09" displayName="Severe major depression, single episode, with psychotic features, mood-incongruent (disorder)"/>
                    <ns0:Concept code="25922000" codeSystem="2.16.840.1.113883.6.96" codeSystemName="SNOMEDCT" codeSystemVersion="2017-09" displayName="Major depressive disorder, single episode with postpartum onset (disorder)"/>
                    <ns0:Concept code="2618002" codeSystem="2.16.840.1.113883.6.96" codeSystemName="SNOMEDCT" codeSystemVersion="2017-09" displayName="Chronic recurrent major depressive disorder (disorder)"/>
                    <ns0:Concept code="268621008" codeSystem="2.16.840.1.113883.6.96" codeSystemName="SNOMEDCT" codeSystemVersion="2017-09" displayName="Recurrent major depressive episodes (disorder)"/>
                    <ns0:Concept code="28475009" codeSystem="2.16.840.1.113883.6.96" codeSystemName="SNOMEDCT" codeSystemVersion="2017-09" displayName="Severe recurrent major depression with psychotic features (disorder)"/>
                    <ns0:Concept code="296.20" codeSystem="2.16.840.1.113883.6.103" codeSystemName="ICD9CM" codeSystemVersion="2013" displayName="Major depressive affective disorder, single episode, unspecified"/>
                    <ns0:Concept code="296.21" codeSystem="2.16.840.1.113883.6.103" codeSystemName="ICD9CM" codeSystemVersion="2013" displayName="Major depressive affective disorder, single episode, mild"/>
                    <ns0:Concept code="296.22" codeSystem="2.16.840.1.113883.6.103" codeSystemName="ICD9CM" codeSystemVersion="2013" displayName="Major depressive affective disorder, single episode, moderate"/>
                    <ns0:Concept code="296.23" codeSystem="2.16.840.1.113883.6.103" codeSystemName="ICD9CM" codeSystemVersion="2013" displayName="Major depressive affective disorder, single episode, severe, without mention of psychotic behavior"/>
                    <ns0:Concept code="296.24" codeSystem="2.16.840.1.113883.6.103" codeSystemName="ICD9CM" codeSystemVersion="2013" displayName="Major depressive affective disorder, single episode, severe, specified as with psychotic behavior"/>
                    <ns0:Concept code="296.30" codeSystem="2.16.840.1.113883.6.103" codeSystemName="ICD9CM" codeSystemVersion="2013" displayName="Major depressive affective disorder, recurrent episode, unspecified"/>
                    <ns0:Concept code="296.31" codeSystem="2.16.840.1.113883.6.103" codeSystemName="ICD9CM" codeSystemVersion="2013" displayName="Major depressive affective disorder, recurrent episode, mild"/>
                    <ns0:Concept code="296.32" codeSystem="2.16.840.1.113883.6.103" codeSystemName="ICD9CM" codeSystemVersion="2013" displayName="Major depressive affective disorder, recurrent episode, moderate"/>
                    <ns0:Concept code="296.33" codeSystem="2.16.840.1.113883.6.103" codeSystemName="ICD9CM" codeSystemVersion="2013" displayName="Major depressive affective disorder, recurrent episode, severe, without mention of psychotic behavior"/>
                    <ns0:Concept code="296.34" codeSystem="2.16.840.1.113883.6.103" codeSystemName="ICD9CM" codeSystemVersion="2013" displayName="Major depressive affective disorder, recurrent episode, severe, specified as with psychotic behavior"/>
                    <ns0:Concept code="319768000" codeSystem="2.16.840.1.113883.6.96" codeSystemName="SNOMEDCT" codeSystemVersion="2017-09" displayName="Recurrent major depressive disorder with melancholic features (disorder)"/>
                    <ns0:Concept code="320751009" codeSystem="2.16.840.1.113883.6.96" codeSystemName="SNOMEDCT" codeSystemVersion="2017-09" displayName="Major depression, melancholic type (disorder)"/>
                    <ns0:Concept code="33078009" codeSystem="2.16.840.1.113883.6.96" codeSystemName="SNOMEDCT" codeSystemVersion="2017-09" displayName="Severe recurrent major depression with psychotic features, mood-congruent (disorder)"/>
                    <ns0:Concept code="33736005" codeSystem="2.16.840.1.113883.6.96" codeSystemName="SNOMEDCT" codeSystemVersion="2017-09" displayName="Severe major depression with psychotic features, mood-congruent (disorder)"/>
                    <ns0:Concept code="36474008" codeSystem="2.16.840.1.113883.6.96" codeSystemName="SNOMEDCT" codeSystemVersion="2017-09" displayName="Severe recurrent major depression without psychotic features (disorder)"/>
                    <ns0:Concept code="36923009" codeSystem="2.16.840.1.113883.6.96" codeSystemName="SNOMEDCT" codeSystemVersion="2017-09" displayName="Major depression, single episode (disorder)"/>
                    <ns0:Concept code="370143000" codeSystem="2.16.840.1.113883.6.96" codeSystemName="SNOMEDCT" codeSystemVersion="2017-09" displayName="Major depressive disorder (disorder)"/>
                    <ns0:Concept code="38694004" codeSystem="2.16.840.1.113883.6.96" codeSystemName="SNOMEDCT" codeSystemVersion="2017-09" displayName="Recurrent major depressive disorder with atypical features (disorder)"/>
                    <ns0:Concept code="39809009" codeSystem="2.16.840.1.113883.6.96" codeSystemName="SNOMEDCT" codeSystemVersion="2017-09" displayName="Recurrent major depressive disorder with catatonic features (disorder)"/>
                    <ns0:Concept code="40379007" codeSystem="2.16.840.1.113883.6.96" codeSystemName="SNOMEDCT" codeSystemVersion="2017-09" displayName="Mild recurrent major depression (disorder)"/>
                    <ns0:Concept code="42925002" codeSystem="2.16.840.1.113883.6.96" codeSystemName="SNOMEDCT" codeSystemVersion="2017-09" displayName="Major depressive disorder, single episode with atypical features (disorder)"/>
                    <ns0:Concept code="430852001" codeSystem="2.16.840.1.113883.6.96" codeSystemName="SNOMEDCT" codeSystemVersion="2017-09" displayName="Severe major depression, single episode, with psychotic features (disorder)"/>
                    <ns0:Concept code="60099002" codeSystem="2.16.840.1.113883.6.96" codeSystemName="SNOMEDCT" codeSystemVersion="2017-09" displayName="Severe major depression with psychotic features, mood-incongruent (disorder)"/>
                    <ns0:Concept code="63778009" codeSystem="2.16.840.1.113883.6.96" codeSystemName="SNOMEDCT" codeSystemVersion="2017-09" displayName="Major depressive disorder, single episode with melancholic features (disorder)"/>
                    <ns0:Concept code="66344007" codeSystem="2.16.840.1.113883.6.96" codeSystemName="SNOMEDCT" codeSystemVersion="2017-09" displayName="Recurrent major depression (disorder)"/>
                    <ns0:Concept code="69392006" codeSystem="2.16.840.1.113883.6.96" codeSystemName="SNOMEDCT" codeSystemVersion="2017-09" displayName="Major depressive disorder, single episode with catatonic features (disorder)"/>
                    <ns0:Concept code="71336009" codeSystem="2.16.840.1.113883.6.96" codeSystemName="SNOMEDCT" codeSystemVersion="2017-09" displayName="Recurrent major depressive disorder with postpartum onset (disorder)"/>
                    <ns0:Concept code="73867007" codeSystem="2.16.840.1.113883.6.96" codeSystemName="SNOMEDCT" codeSystemVersion="2017-09" displayName="Severe major depression with psychotic features (disorder)"/>
                    <ns0:Concept code="75084000" codeSystem="2.16.840.1.113883.6.96" codeSystemName="SNOMEDCT" codeSystemVersion="2017-09" displayName="Severe major depression without psychotic features (disorder)"/>
                    <ns0:Concept code="76441001" codeSystem="2.16.840.1.113883.6.96" codeSystemName="SNOMEDCT" codeSystemVersion="2017-09" displayName="Severe major depression, single episode, without psychotic features (disorder)"/>
                    <ns0:Concept code="77911002" codeSystem="2.16.840.1.113883.6.96" codeSystemName="SNOMEDCT" codeSystemVersion="2017-09" displayName="Severe major depression, single episode, with psychotic features, mood-congruent (disorder)"/>
                    <ns0:Concept code="79298009" codeSystem="2.16.840.1.113883.6.96" codeSystemName="SNOMEDCT" codeSystemVersion="2017-09" displayName="Mild major depression, single episode (disorder)"/>
                    <ns0:Concept code="832007" codeSystem="2.16.840.1.113883.6.96" codeSystemName="SNOMEDCT" codeSystemVersion="2017-09" displayName="Moderate major depression (disorder)"/>
                    <ns0:Concept code="87512008" codeSystem="2.16.840.1.113883.6.96" codeSystemName="SNOMEDCT" codeSystemVersion="2017-09" displayName="Mild major depression (disorder)"/>
                    <ns0:Concept code="F32.0" codeSystem="2.16.840.1.113883.6.90" codeSystemName="ICD10CM" codeSystemVersion="2018" displayName="Major depressive disorder, single episode, mild"/>
                    <ns0:Concept code="F32.1" codeSystem="2.16.840.1.113883.6.90" codeSystemName="ICD10CM" codeSystemVersion="2018" displayName="Major depressive disorder, single episode, moderate"/>
                    <ns0:Concept code="F32.2" codeSystem="2.16.840.1.113883.6.90" codeSystemName="ICD10CM" codeSystemVersion="2018" displayName="Major depressive disorder, single episode, severe without psychotic features"/>
                    <ns0:Concept code="F32.3" codeSystem="2.16.840.1.113883.6.90" codeSystemName="ICD10CM" codeSystemVersion="2018" displayName="Major depressive disorder, single episode, severe with psychotic features"/>
                    <ns0:Concept code="F32.89" codeSystem="2.16.840.1.113883.6.90" codeSystemName="ICD10CM" codeSystemVersion="2018" displayName="Other specified depressive episodes"/>
                    <ns0:Concept code="F32.9" codeSystem="2.16.840.1.113883.6.90" codeSystemName="ICD10CM" codeSystemVersion="2018" displayName="Major depressive disorder, single episode, unspecified"/>
                    <ns0:Concept code="F33.0" codeSystem="2.16.840.1.113883.6.90" codeSystemName="ICD10CM" codeSystemVersion="2018" displayName="Major depressive disorder, recurrent, mild"/>
                    <ns0:Concept code="F33.1" codeSystem="2.16.840.1.113883.6.90" codeSystemName="ICD10CM" codeSystemVersion="2018" displayName="Major depressive disorder, recurrent, moderate"/>
                    <ns0:Concept code="F33.2" codeSystem="2.16.840.1.113883.6.90" codeSystemName="ICD10CM" codeSystemVersion="2018" displayName="Major depressive disorder, recurrent severe without psychotic features"/>
                    <ns0:Concept code="F33.3" codeSystem="2.16.840.1.113883.6.90" codeSystemName="ICD10CM" codeSystemVersion="2018" displayName="Major depressive disorder, recurrent, severe with psychotic symptoms"/>
                    <ns0:Concept code="F33.9" codeSystem="2.16.840.1.113883.6.90" codeSystemName="ICD10CM" codeSystemVersion="2018" displayName="Major depressive disorder, recurrent, unspecified"/>
                </ns0:ConceptList>
                <ns0:Source>PCPI Foundation</ns0:Source>
                <ns0:Purpose>(Clinical Focus: Under Development),(Data Element Scope: Under Development),(Inclusion Criteria: Under Development),(Exclusion Criteria: Under Development)</ns0:Purpose>
                <ns0:Definition>(2.16.840.1.113883.3.526.2.1912:Major Depressive Disorder-Active),(2.16.840.1.113883.3.526.2.1918:Major Depressive Disorder-Active),(2.16.840.1.113883.3.526.2.1922:Major Depressive Disorder-Active)</ns0:Definition>
                <ns0:Type>Grouping</ns0:Type>
                <ns0:Binding>Dynamic</ns0:Binding>
                <ns0:Status>Active</ns0:Status>
                <ns0:RevisionDate>2017-05-04</ns0:RevisionDate>
            </ns0:DescribedValueSet>
        </ns0:RetrieveMultipleValueSetsResponse>
    http_version: 
  recorded_at: Thu, 08 Mar 2018 16:05:44 GMT
- request:
    method: post
    uri: https://vsac.nlm.nih.gov/vsac/ws/Ticket/TGT-27358-evxYu9uD2MCSlgmxopRkHEZcRX6x7PTeZnlKo0fPzUQirOK9Nn-cas
    body:
      encoding: UTF-8
      string: service=http%3A%2F%2Fumlsks.nlm.nih.gov
    headers:
      Accept:
      - "*/*; q=0.5, application/xml"
      Accept-Encoding:
      - gzip, deflate
      Content-Length:
      - '39'
      Content-Type:
      - application/x-www-form-urlencoded
      User-Agent:
      - Ruby
  response:
    status:
      code: 200
      message: ''
    headers:
      Cache-Control:
      - no-cache, no-store, max-age=0, must-revalidate
      Pragma:
      - no-cache
      Expires:
      - '0'
      X-Xss-Protection:
      - 1; mode=block
      X-Frame-Options:
      - SAMEORIGIN
      X-Content-Type-Options:
      - nosniff
      Content-Type:
      - text/plain;charset=utf-8
      Content-Length:
      - '34'
      Date:
      - Thu, 08 Mar 2018 16:05:44 GMT
      Set-Cookie:
      - BIGipServervsacweb_p=!4mH5O9qgvVZuz/bm9OGvBt4MxRMcjmOxvGB+8cXAczBLrPIY07HNl3oBHTE2qVAw8Lq3r6wpsy0975Y=;
        expires=Thu, 08-Mar-2018 18:05:44 GMT; path=/; Httponly; Secure
      X-Vip-Info:
      - 130.14.16.40:443
      X-Pool-Info:
      - "/Common/vsacweb_p 10.1.5.110 8080"
      Strict-Transport-Security:
      - max-age=31536000; includeSubDomains; preload
    body:
      encoding: UTF-8
      string: ST-194645-Bv2Xz5PgEN5L2E2XsU6U-cas
    http_version: 
  recorded_at: Thu, 08 Mar 2018 16:05:44 GMT
- request:
    method: get
    uri: https://vsac.nlm.nih.gov/vsac/svs/RetrieveMultipleValueSets?id=2.16.840.1.113883.3.464.1003.101.12.1001&profile=Latest%20eCQM&ticket=ST-194645-Bv2Xz5PgEN5L2E2XsU6U-cas
    body:
      encoding: US-ASCII
      string: ''
    headers:
      Accept:
      - "*/*; q=0.5, application/xml"
      Accept-Encoding:
      - gzip, deflate
      User-Agent:
      - Ruby
  response:
    status:
      code: 200
      message: ''
    headers:
      Cache-Control:
      - no-cache, no-store, max-age=0, must-revalidate
      Pragma:
      - no-cache
      Expires:
      - '0'
      X-Xss-Protection:
      - 1; mode=block
      X-Frame-Options:
      - SAMEORIGIN
      X-Content-Type-Options:
      - nosniff
      Set-Cookie:
      - BIGipServervsacweb_p=!7yuoqjfi9twnPbTm9OGvBt4MxRMcjpcX7/szldexuGpGjtZzYerJJLmECENepvQIvkLWulYLJHceW/Q=;
        expires=Thu, 08-Mar-2018 18:05:45 GMT; path=/; Httponly; Secure
      - JSESSIONID=FA6E36F0921CA9710486D2A3F0D36179;path=/vsac;HttpOnly;Secure
      Content-Type:
      - text/xml;charset=utf-8
      Content-Length:
      - '7862'
      Date:
      - Thu, 08 Mar 2018 16:05:44 GMT
      X-Vip-Info:
      - 130.14.16.40:443
      X-Pool-Info:
      - "/Common/vsacweb_p 10.1.5.110 8080"
      Strict-Transport-Security:
      - max-age=31536000; includeSubDomains; preload
    body:
      encoding: UTF-8
      string: |
        <?xml version="1.0" encoding="UTF-8" standalone="yes"?>
        <ns0:RetrieveMultipleValueSetsResponse xmlns:ns0="urn:ihe:iti:svs:2008" xmlns:xsi="http://www.w3.org/2001/XMLSchema-instance">
            <ns0:DescribedValueSet ID="2.16.840.1.113883.3.464.1003.101.12.1001" displayName="Office Visit" version="N/A">
                <ns0:ConceptList>
                    <ns0:Concept code="99201" codeSystem="2.16.840.1.113883.6.12" codeSystemName="CPT" codeSystemVersion="2018" displayName="Office or other outpatient visit for the evaluation and management of a new patient, which requires these 3 key components: A problem focused history; A problem focused examination; Straightforward medical decision making. Counseling and/or coordination of care with other physicians, other qualified health care professionals, or agencies are provided consistent with the nature of the problem(s) and the patient's and/or family's needs. Usually, the presenting problem(s) are self limited or minor. Typically, 10 minutes are spent face-to-face with the patient and/or family."/>
                    <ns0:Concept code="99202" codeSystem="2.16.840.1.113883.6.12" codeSystemName="CPT" codeSystemVersion="2018" displayName="Office or other outpatient visit for the evaluation and management of a new patient, which requires these 3 key components: An expanded problem focused history; An expanded problem focused examination; Straightforward medical decision making. Counseling and/or coordination of care with other physicians, other qualified health care professionals, or agencies are provided consistent with the nature of the problem(s) and the patient's and/or family's needs. Usually, the presenting problem(s) are of low to moderate severity. Typically, 20 minutes are spent face-to-face with the patient and/or family."/>
                    <ns0:Concept code="99203" codeSystem="2.16.840.1.113883.6.12" codeSystemName="CPT" codeSystemVersion="2018" displayName="Office or other outpatient visit for the evaluation and management of a new patient, which requires these 3 key components: A detailed history; A detailed examination; Medical decision making of low complexity. Counseling and/or coordination of care with other physicians, other qualified health care professionals, or agencies are provided consistent with the nature of the problem(s) and the patient's and/or family's needs. Usually, the presenting problem(s) are of moderate severity. Typically, 30 minutes are spent face-to-face with the patient and/or family."/>
                    <ns0:Concept code="99204" codeSystem="2.16.840.1.113883.6.12" codeSystemName="CPT" codeSystemVersion="2018" displayName="Office or other outpatient visit for the evaluation and management of a new patient, which requires these 3 key components: A comprehensive history; A comprehensive examination; Medical decision making of moderate complexity. Counseling and/or coordination of care with other physicians, other qualified health care professionals, or agencies are provided consistent with the nature of the problem(s) and the patient's and/or family's needs. Usually, the presenting problem(s) are of moderate to high severity. Typically, 45 minutes are spent face-to-face with the patient and/or family."/>
                    <ns0:Concept code="99205" codeSystem="2.16.840.1.113883.6.12" codeSystemName="CPT" codeSystemVersion="2018" displayName="Office or other outpatient visit for the evaluation and management of a new patient, which requires these 3 key components: A comprehensive history; A comprehensive examination; Medical decision making of high complexity. Counseling and/or coordination of care with other physicians, other qualified health care professionals, or agencies are provided consistent with the nature of the problem(s) and the patient's and/or family's needs. Usually, the presenting problem(s) are of moderate to high severity. Typically, 60 minutes are spent face-to-face with the patient and/or family."/>
                    <ns0:Concept code="99212" codeSystem="2.16.840.1.113883.6.12" codeSystemName="CPT" codeSystemVersion="2018" displayName="Office or other outpatient visit for the evaluation and management of an established patient, which requires at least 2 of these 3 key components: A problem focused history; A problem focused examination; Straightforward medical decision making. Counseling and/or coordination of care with other physicians, other qualified health care professionals, or agencies are provided consistent with the nature of the problem(s) and the patient's and/or family's needs. Usually, the presenting problem(s) are self limited or minor. Typically, 10 minutes are spent face-to-face with the patient and/or family."/>
                    <ns0:Concept code="99213" codeSystem="2.16.840.1.113883.6.12" codeSystemName="CPT" codeSystemVersion="2018" displayName="Office or other outpatient visit for the evaluation and management of an established patient, which requires at least 2 of these 3 key components: An expanded problem focused history; An expanded problem focused examination; Medical decision making of low complexity. Counseling and coordination of care with other physicians, other qualified health care professionals, or agencies are provided consistent with the nature of the problem(s) and the patient's and/or family's needs. Usually, the presenting problem(s) are of low to moderate severity. Typically, 15 minutes are spent face-to-face with the patient and/or family."/>
                    <ns0:Concept code="99214" codeSystem="2.16.840.1.113883.6.12" codeSystemName="CPT" codeSystemVersion="2018" displayName="Office or other outpatient visit for the evaluation and management of an established patient, which requires at least 2 of these 3 key components: A detailed history; A detailed examination; Medical decision making of moderate complexity. Counseling and/or coordination of care with other physicians, other qualified health care professionals, or agencies are provided consistent with the nature of the problem(s) and the patient's and/or family's needs. Usually, the presenting problem(s) are of moderate to high severity. Typically, 25 minutes are spent face-to-face with the patient and/or family."/>
                    <ns0:Concept code="99215" codeSystem="2.16.840.1.113883.6.12" codeSystemName="CPT" codeSystemVersion="2018" displayName="Office or other outpatient visit for the evaluation and management of an established patient, which requires at least 2 of these 3 key components: A comprehensive history; A comprehensive examination; Medical decision making of high complexity. Counseling and/or coordination of care with other physicians, other qualified health care professionals, or agencies are provided consistent with the nature of the problem(s) and the patient's and/or family's needs. Usually, the presenting problem(s) are of moderate to high severity. Typically, 40 minutes are spent face-to-face with the patient and/or family."/>
                </ns0:ConceptList>
                <ns0:Source>National Committee for Quality Assurance</ns0:Source>
                <ns0:Purpose>(Clinical Focus: This value set identifies patients who have had an office or other outpatient visit.),(Data Element Scope: This value set was intended to map to the QDM data type of encounter.),(Inclusion Criteria: Includes comprehensive history, evaluation, and management of a patient in an office or outpatient facility. Patient can be presenting with problems that are minor to high severity.),(Exclusion Criteria: Excludes non-office visits, including telehealth services.)</ns0:Purpose>
                <ns0:Definition>(2.16.840.1.113883.3.464.1003.101.11.1005:Office Visit)</ns0:Definition>
                <ns0:Type>Grouping</ns0:Type>
                <ns0:Binding>Dynamic</ns0:Binding>
                <ns0:Status>Active</ns0:Status>
                <ns0:RevisionDate>2017-05-04</ns0:RevisionDate>
            </ns0:DescribedValueSet>
        </ns0:RetrieveMultipleValueSetsResponse>
    http_version: 
  recorded_at: Thu, 08 Mar 2018 16:05:45 GMT
- request:
    method: post
    uri: https://vsac.nlm.nih.gov/vsac/ws/Ticket/TGT-27358-evxYu9uD2MCSlgmxopRkHEZcRX6x7PTeZnlKo0fPzUQirOK9Nn-cas
    body:
      encoding: UTF-8
      string: service=http%3A%2F%2Fumlsks.nlm.nih.gov
    headers:
      Accept:
      - "*/*; q=0.5, application/xml"
      Accept-Encoding:
      - gzip, deflate
      Content-Length:
      - '39'
      Content-Type:
      - application/x-www-form-urlencoded
      User-Agent:
      - Ruby
  response:
    status:
      code: 200
      message: ''
    headers:
      Cache-Control:
      - no-cache, no-store, max-age=0, must-revalidate
      Pragma:
      - no-cache
      Expires:
      - '0'
      X-Xss-Protection:
      - 1; mode=block
      X-Frame-Options:
      - SAMEORIGIN
      X-Content-Type-Options:
      - nosniff
      Content-Type:
      - text/plain;charset=utf-8
      Content-Length:
      - '34'
      Date:
      - Thu, 08 Mar 2018 16:05:45 GMT
      Set-Cookie:
      - BIGipServervsacweb_p=!mtSgrub1Zse+bUvNtNHn4GsLooFbUw9PnwjOzbugDqOEycURTvPRtQ4UVB9YZRvYUymolKuh6j7pWoc=;
        expires=Thu, 08-Mar-2018 18:05:45 GMT; path=/; Httponly; Secure
      X-Vip-Info:
      - 130.14.16.40:443
      X-Pool-Info:
      - "/Common/vsacweb_p 10.1.5.110 8080"
      Strict-Transport-Security:
      - max-age=31536000; includeSubDomains; preload
    body:
      encoding: UTF-8
      string: ST-194649-rTobo5He4cBEb5chIV3Z-cas
    http_version: 
  recorded_at: Thu, 08 Mar 2018 16:05:45 GMT
- request:
    method: get
    uri: https://vsac.nlm.nih.gov/vsac/svs/RetrieveMultipleValueSets?id=2.16.840.1.113883.3.464.1003.101.12.1008&profile=Latest%20eCQM&ticket=ST-194649-rTobo5He4cBEb5chIV3Z-cas
    body:
      encoding: US-ASCII
      string: ''
    headers:
      Accept:
      - "*/*; q=0.5, application/xml"
      Accept-Encoding:
      - gzip, deflate
      User-Agent:
      - Ruby
  response:
    status:
      code: 200
      message: ''
    headers:
      Cache-Control:
      - no-cache, no-store, max-age=0, must-revalidate
      Pragma:
      - no-cache
      Expires:
      - '0'
      X-Xss-Protection:
      - 1; mode=block
      X-Frame-Options:
      - SAMEORIGIN
      X-Content-Type-Options:
      - nosniff
      Set-Cookie:
      - BIGipServervsacweb_p=!wkC+V5YMb+/z9T7NtNHn4GsLooFbUxmhKb3SqsRf7hIZbIpMv8TWSLSffs2BMmoPyUDiCtrMYuIqczA=;
        expires=Thu, 08-Mar-2018 18:05:46 GMT; path=/; Httponly; Secure
      - JSESSIONID=975DFD402175D144B6C1DDC25481AD3C;path=/vsac;HttpOnly;Secure
      Content-Type:
      - text/xml;charset=utf-8
      Content-Length:
      - '4803'
      Date:
      - Thu, 08 Mar 2018 16:05:46 GMT
      X-Vip-Info:
      - 130.14.16.40:443
      X-Pool-Info:
      - "/Common/vsacweb_p 10.1.5.111 8080"
      Strict-Transport-Security:
      - max-age=31536000; includeSubDomains; preload
    body:
      encoding: UTF-8
      string: |
        <?xml version="1.0" encoding="UTF-8" standalone="yes"?>
        <ns0:RetrieveMultipleValueSetsResponse xmlns:ns0="urn:ihe:iti:svs:2008" xmlns:xsi="http://www.w3.org/2001/XMLSchema-instance">
            <ns0:DescribedValueSet ID="2.16.840.1.113883.3.464.1003.101.12.1008" displayName="Outpatient Consultation" version="N/A">
                <ns0:ConceptList>
                    <ns0:Concept code="99241" codeSystem="2.16.840.1.113883.6.12" codeSystemName="CPT" codeSystemVersion="2018" displayName="Office consultation for a new or established patient, which requires these 3 key components: A problem focused history; A problem focused examination; and Straightforward medical decision making. Counseling and/or coordination of care with other physicians, other qualified health care professionals, or agencies are provided consistent with the nature of the problem(s) and the patient's and/or family's needs. Usually, the presenting problem(s) are self limited or minor. Typically, 15 minutes are spent face-to-face with the patient and/or family."/>
                    <ns0:Concept code="99242" codeSystem="2.16.840.1.113883.6.12" codeSystemName="CPT" codeSystemVersion="2018" displayName="Office consultation for a new or established patient, which requires these 3 key components: An expanded problem focused history; An expanded problem focused examination; and Straightforward medical decision making. Counseling and/or coordination of care with other physicians, other qualified health care professionals, or agencies are provided consistent with the nature of the problem(s) and the patient's and/or family's needs. Usually, the presenting problem(s) are of low severity. Typically, 30 minutes are spent face-to-face with the patient and/or family."/>
                    <ns0:Concept code="99243" codeSystem="2.16.840.1.113883.6.12" codeSystemName="CPT" codeSystemVersion="2018" displayName="Office consultation for a new or established patient, which requires these 3 key components: A detailed history; A detailed examination; and Medical decision making of low complexity. Counseling and/or coordination of care with other physicians, other qualified health care professionals, or agencies are provided consistent with the nature of the problem(s) and the patient's and/or family's needs. Usually, the presenting problem(s) are of moderate severity. Typically, 40 minutes are spent face-to-face with the patient and/or family."/>
                    <ns0:Concept code="99244" codeSystem="2.16.840.1.113883.6.12" codeSystemName="CPT" codeSystemVersion="2018" displayName="Office consultation for a new or established patient, which requires these 3 key components: A comprehensive history; A comprehensive examination; and Medical decision making of moderate complexity. Counseling and/or coordination of care with other physicians, other qualified health care professionals, or agencies are provided consistent with the nature of the problem(s) and the patient's and/or family's needs. Usually, the presenting problem(s) are of moderate to high severity. Typically, 60 minutes are spent face-to-face with the patient and/or family."/>
                    <ns0:Concept code="99245" codeSystem="2.16.840.1.113883.6.12" codeSystemName="CPT" codeSystemVersion="2018" displayName="Office consultation for a new or established patient, which requires these 3 key components: A comprehensive history; A comprehensive examination; and Medical decision making of high complexity. Counseling and/or coordination of care with other physicians, other qualified health care professionals, or agencies are provided consistent with the nature of the problem(s) and the patient's and/or family's needs. Usually, the presenting problem(s) are of moderate to high severity. Typically, 80 minutes are spent face-to-face with the patient and/or family."/>
                </ns0:ConceptList>
                <ns0:Source>National Committee for Quality Assurance</ns0:Source>
                <ns0:Purpose>(Clinical Focus: This value set indentifies patients who have had an outpatient interaction at an office with a member of their medical care team.),(Data Element Scope: This value set was intended to map to the QDM data type of encounter.),(Inclusion Criteria: Includes comprehensive history, evaluation, and management of a patient in an office or outpatient facility. Patient can be presenting with problems that are minor to high severity.),(Exclusion Criteria: Excludes non-office visits, including telehealth services.)</ns0:Purpose>
                <ns0:Definition>(2.16.840.1.113883.3.464.1003.101.11.1040:Outpatient Consultation)</ns0:Definition>
                <ns0:Type>Grouping</ns0:Type>
                <ns0:Binding>Dynamic</ns0:Binding>
                <ns0:Status>Active</ns0:Status>
                <ns0:RevisionDate>2017-05-04</ns0:RevisionDate>
            </ns0:DescribedValueSet>
        </ns0:RetrieveMultipleValueSetsResponse>
    http_version: 
  recorded_at: Thu, 08 Mar 2018 16:05:46 GMT
- request:
    method: post
    uri: https://vsac.nlm.nih.gov/vsac/ws/Ticket/TGT-27358-evxYu9uD2MCSlgmxopRkHEZcRX6x7PTeZnlKo0fPzUQirOK9Nn-cas
    body:
      encoding: UTF-8
      string: service=http%3A%2F%2Fumlsks.nlm.nih.gov
    headers:
      Accept:
      - "*/*; q=0.5, application/xml"
      Accept-Encoding:
      - gzip, deflate
      Content-Length:
      - '39'
      Content-Type:
      - application/x-www-form-urlencoded
      User-Agent:
      - Ruby
  response:
    status:
      code: 200
      message: ''
    headers:
      Cache-Control:
      - no-cache, no-store, max-age=0, must-revalidate
      Pragma:
      - no-cache
      Expires:
      - '0'
      X-Xss-Protection:
      - 1; mode=block
      X-Frame-Options:
      - SAMEORIGIN
      X-Content-Type-Options:
      - nosniff
      Content-Type:
      - text/plain;charset=utf-8
      Content-Length:
      - '34'
      Date:
      - Thu, 08 Mar 2018 16:05:46 GMT
      Set-Cookie:
      - BIGipServervsacweb_p=!CI2zD4B3nBqLwaDNtNHn4GsLooFbUzcRP/8W0+hDZEVC1HPs95EO0ekb+lEqgSmVjdDWlNGuAB289Ec=;
        expires=Thu, 08-Mar-2018 18:05:46 GMT; path=/; Httponly; Secure
      X-Vip-Info:
      - 130.14.16.40:443
      X-Pool-Info:
      - "/Common/vsacweb_p 10.1.5.111 8080"
      Strict-Transport-Security:
      - max-age=31536000; includeSubDomains; preload
    body:
      encoding: UTF-8
      string: ST-194653-KCKWYaccuaLCdClFajuW-cas
    http_version: 
  recorded_at: Thu, 08 Mar 2018 16:05:46 GMT
- request:
    method: get
    uri: https://vsac.nlm.nih.gov/vsac/svs/RetrieveMultipleValueSets?id=2.16.840.1.113883.3.526.3.1492&profile=Latest%20eCQM&ticket=ST-194653-KCKWYaccuaLCdClFajuW-cas
    body:
      encoding: US-ASCII
      string: ''
    headers:
      Accept:
      - "*/*; q=0.5, application/xml"
      Accept-Encoding:
      - gzip, deflate
      User-Agent:
      - Ruby
  response:
    status:
      code: 200
      message: ''
    headers:
      Cache-Control:
      - no-cache, no-store, max-age=0, must-revalidate
      Pragma:
      - no-cache
      Expires:
      - '0'
      X-Xss-Protection:
      - 1; mode=block
      X-Frame-Options:
      - SAMEORIGIN
      X-Content-Type-Options:
      - nosniff
      Set-Cookie:
      - BIGipServervsacweb_p=!r+xxilRQGLdZsBvm9OGvBt4MxRMcjuLMxIpIucvjNhWo2EsrlvA09T+cyj2KI4vg1llKi7GUJjMrCP8=;
        expires=Thu, 08-Mar-2018 18:05:47 GMT; path=/; Httponly; Secure
      - JSESSIONID=5A39CD5D32A5535D0B1808193F061598;path=/vsac;HttpOnly;Secure
      Content-Type:
      - text/xml;charset=utf-8
      Content-Length:
      - '1323'
      Date:
      - Thu, 08 Mar 2018 16:05:46 GMT
      X-Vip-Info:
      - 130.14.16.40:443
      X-Pool-Info:
      - "/Common/vsacweb_p 10.1.5.111 8080"
      Strict-Transport-Security:
      - max-age=31536000; includeSubDomains; preload
    body:
      encoding: UTF-8
      string: |
        <?xml version="1.0" encoding="UTF-8" standalone="yes"?>
        <ns0:RetrieveMultipleValueSetsResponse xmlns:ns0="urn:ihe:iti:svs:2008" xmlns:xsi="http://www.w3.org/2001/XMLSchema-instance">
            <ns0:DescribedValueSet ID="2.16.840.1.113883.3.526.3.1492" displayName="Psych Visit - Diagnostic Evaluation" version="N/A">
                <ns0:ConceptList>
                    <ns0:Concept code="90791" codeSystem="2.16.840.1.113883.6.12" codeSystemName="CPT" codeSystemVersion="2018" displayName="Psychiatric diagnostic evaluation"/>
                    <ns0:Concept code="90792" codeSystem="2.16.840.1.113883.6.12" codeSystemName="CPT" codeSystemVersion="2018" displayName="Psychiatric diagnostic evaluation with medical services"/>
                </ns0:ConceptList>
                <ns0:Source>PCPI Foundation</ns0:Source>
                <ns0:Purpose>(Clinical Focus: Under Development),(Data Element Scope: Under Development),(Inclusion Criteria: Under Development),(Exclusion Criteria: Under Development)</ns0:Purpose>
                <ns0:Definition>(2.16.840.1.113883.3.526.2.1923:Psych Visit - Diagnostic Evaluation)</ns0:Definition>
                <ns0:Type>Grouping</ns0:Type>
                <ns0:Binding>Dynamic</ns0:Binding>
                <ns0:Status>Active</ns0:Status>
                <ns0:RevisionDate>2017-05-04</ns0:RevisionDate>
            </ns0:DescribedValueSet>
        </ns0:RetrieveMultipleValueSetsResponse>
    http_version: 
  recorded_at: Thu, 08 Mar 2018 16:05:47 GMT
- request:
    method: post
    uri: https://vsac.nlm.nih.gov/vsac/ws/Ticket/TGT-27358-evxYu9uD2MCSlgmxopRkHEZcRX6x7PTeZnlKo0fPzUQirOK9Nn-cas
    body:
      encoding: UTF-8
      string: service=http%3A%2F%2Fumlsks.nlm.nih.gov
    headers:
      Accept:
      - "*/*; q=0.5, application/xml"
      Accept-Encoding:
      - gzip, deflate
      Content-Length:
      - '39'
      Content-Type:
      - application/x-www-form-urlencoded
      User-Agent:
      - Ruby
  response:
    status:
      code: 200
      message: ''
    headers:
      Cache-Control:
      - no-cache, no-store, max-age=0, must-revalidate
      Pragma:
      - no-cache
      Expires:
      - '0'
      X-Xss-Protection:
      - 1; mode=block
      X-Frame-Options:
      - SAMEORIGIN
      X-Content-Type-Options:
      - nosniff
      Content-Type:
      - text/plain;charset=utf-8
      Content-Length:
      - '34'
      Date:
      - Thu, 08 Mar 2018 16:05:47 GMT
      Set-Cookie:
      - BIGipServervsacweb_p=!ogBX79A4y1PpsEjm9OGvBt4MxRMcjmczkoju47s/ZndVv3YxWzd0+L9kJfovtR86OHXbF0xVOx87U3k=;
        expires=Thu, 08-Mar-2018 18:05:47 GMT; path=/; Httponly; Secure
      X-Vip-Info:
      - 130.14.16.40:443
      X-Pool-Info:
      - "/Common/vsacweb_p 10.1.5.110 8080"
      Strict-Transport-Security:
      - max-age=31536000; includeSubDomains; preload
    body:
      encoding: UTF-8
      string: ST-194656-tGVwHBvj0cBxg4jt0YAU-cas
    http_version: 
  recorded_at: Thu, 08 Mar 2018 16:05:47 GMT
- request:
    method: get
    uri: https://vsac.nlm.nih.gov/vsac/svs/RetrieveMultipleValueSets?id=2.16.840.1.113883.3.526.3.1018&profile=Latest%20eCQM&ticket=ST-194656-tGVwHBvj0cBxg4jt0YAU-cas
    body:
      encoding: US-ASCII
      string: ''
    headers:
      Accept:
      - "*/*; q=0.5, application/xml"
      Accept-Encoding:
      - gzip, deflate
      User-Agent:
      - Ruby
  response:
    status:
      code: 200
      message: ''
    headers:
      Cache-Control:
      - no-cache, no-store, max-age=0, must-revalidate
      Pragma:
      - no-cache
      Expires:
      - '0'
      X-Xss-Protection:
      - 1; mode=block
      X-Frame-Options:
      - SAMEORIGIN
      X-Content-Type-Options:
      - nosniff
      Set-Cookie:
      - BIGipServervsacweb_p=!rB7e5YK7Or9H0BLm9OGvBt4MxRMcjndf36jALzwFEgMGDMHGKBSwZiRMqlH5VLkNVZNBZAQZHGbicXk=;
        expires=Thu, 08-Mar-2018 18:05:47 GMT; path=/; Httponly; Secure
      - JSESSIONID=64A874FAF7FAEDFA27934A27859DC211;path=/vsac;HttpOnly;Secure
      Content-Type:
      - text/xml;charset=utf-8
      Content-Length:
      - '1375'
      Date:
      - Thu, 08 Mar 2018 16:05:47 GMT
      X-Vip-Info:
      - 130.14.16.40:443
      X-Pool-Info:
      - "/Common/vsacweb_p 10.1.5.110 8080"
      Strict-Transport-Security:
      - max-age=31536000; includeSubDomains; preload
    body:
      encoding: UTF-8
      string: |
        <?xml version="1.0" encoding="UTF-8" standalone="yes"?>
        <ns0:RetrieveMultipleValueSetsResponse xmlns:ns0="urn:ihe:iti:svs:2008" xmlns:xsi="http://www.w3.org/2001/XMLSchema-instance">
            <ns0:DescribedValueSet ID="2.16.840.1.113883.3.526.3.1018" displayName="Psych Visit - Family Psychotherapy" version="N/A">
                <ns0:ConceptList>
                    <ns0:Concept code="90846" codeSystem="2.16.840.1.113883.6.12" codeSystemName="CPT" codeSystemVersion="2018" displayName="Family psychotherapy (without the patient present), 50 minutes"/>
                    <ns0:Concept code="90847" codeSystem="2.16.840.1.113883.6.12" codeSystemName="CPT" codeSystemVersion="2018" displayName="Family psychotherapy (conjoint psychotherapy) (with patient present), 50 minutes"/>
                </ns0:ConceptList>
                <ns0:Source>PCPI Foundation</ns0:Source>
                <ns0:Purpose>(Clinical Focus: Under Development),(Data Element Scope: Under Development),(Inclusion Criteria: Under Development),(Exclusion Criteria: Under Development)</ns0:Purpose>
                <ns0:Definition>(2.16.840.1.113883.3.526.2.1058:Psych Visit - Family Psychotherapy)</ns0:Definition>
                <ns0:Type>Grouping</ns0:Type>
                <ns0:Binding>Dynamic</ns0:Binding>
                <ns0:Status>Active</ns0:Status>
                <ns0:RevisionDate>2017-05-04</ns0:RevisionDate>
            </ns0:DescribedValueSet>
        </ns0:RetrieveMultipleValueSetsResponse>
    http_version: 
  recorded_at: Thu, 08 Mar 2018 16:05:47 GMT
- request:
    method: post
    uri: https://vsac.nlm.nih.gov/vsac/ws/Ticket/TGT-27358-evxYu9uD2MCSlgmxopRkHEZcRX6x7PTeZnlKo0fPzUQirOK9Nn-cas
    body:
      encoding: UTF-8
      string: service=http%3A%2F%2Fumlsks.nlm.nih.gov
    headers:
      Accept:
      - "*/*; q=0.5, application/xml"
      Accept-Encoding:
      - gzip, deflate
      Content-Length:
      - '39'
      Content-Type:
      - application/x-www-form-urlencoded
      User-Agent:
      - Ruby
  response:
    status:
      code: 200
      message: ''
    headers:
      Cache-Control:
      - no-cache, no-store, max-age=0, must-revalidate
      Pragma:
      - no-cache
      Expires:
      - '0'
      X-Xss-Protection:
      - 1; mode=block
      X-Frame-Options:
      - SAMEORIGIN
      X-Content-Type-Options:
      - nosniff
      Content-Type:
      - text/plain;charset=utf-8
      Content-Length:
      - '34'
      Date:
      - Thu, 08 Mar 2018 16:05:47 GMT
      Set-Cookie:
      - BIGipServervsacweb_p=!Il0aItrI7yk/pHXNtNHn4GsLooFbUyL7AXUNSB8OdjowhYdmnRGOZ7+WCSgLFOdvoyXWACdRgMW+pQQ=;
        expires=Thu, 08-Mar-2018 18:05:48 GMT; path=/; Httponly; Secure
      X-Vip-Info:
      - 130.14.16.40:443
      X-Pool-Info:
      - "/Common/vsacweb_p 10.1.5.110 8080"
      Strict-Transport-Security:
      - max-age=31536000; includeSubDomains; preload
    body:
      encoding: UTF-8
      string: ST-194660-9mWBrhYyGNqAdT0Uc77n-cas
    http_version: 
  recorded_at: Thu, 08 Mar 2018 16:05:48 GMT
- request:
    method: get
    uri: https://vsac.nlm.nih.gov/vsac/svs/RetrieveMultipleValueSets?id=2.16.840.1.113883.3.526.3.1496&profile=Latest%20eCQM&ticket=ST-194660-9mWBrhYyGNqAdT0Uc77n-cas
    body:
      encoding: US-ASCII
      string: ''
    headers:
      Accept:
      - "*/*; q=0.5, application/xml"
      Accept-Encoding:
      - gzip, deflate
      User-Agent:
      - Ruby
  response:
    status:
      code: 200
      message: ''
    headers:
      Cache-Control:
      - no-cache, no-store, max-age=0, must-revalidate
      Pragma:
      - no-cache
      Expires:
      - '0'
      X-Xss-Protection:
      - 1; mode=block
      X-Frame-Options:
      - SAMEORIGIN
      X-Content-Type-Options:
      - nosniff
      Set-Cookie:
      - BIGipServervsacweb_p=!wvGywHCJa70m0xDNtNHn4GsLooFbUx0JAARrvzN6QGwVC09H+r9nY3yBEcXzeyEiecN+J64/RWCMoiY=;
        expires=Thu, 08-Mar-2018 18:05:48 GMT; path=/; Httponly; Secure
      - JSESSIONID=93DB72AFC940793C3D254843CA139E2C;path=/vsac;HttpOnly;Secure
      Content-Type:
      - text/xml;charset=utf-8
      Content-Length:
      - '1470'
      Date:
      - Thu, 08 Mar 2018 16:05:48 GMT
      X-Vip-Info:
      - 130.14.16.40:443
      X-Pool-Info:
      - "/Common/vsacweb_p 10.1.5.111 8080"
      Strict-Transport-Security:
      - max-age=31536000; includeSubDomains; preload
    body:
      encoding: UTF-8
      string: |
        <?xml version="1.0" encoding="UTF-8" standalone="yes"?>
        <ns0:RetrieveMultipleValueSetsResponse xmlns:ns0="urn:ihe:iti:svs:2008" xmlns:xsi="http://www.w3.org/2001/XMLSchema-instance">
            <ns0:DescribedValueSet ID="2.16.840.1.113883.3.526.3.1496" displayName="Psych Visit - Psychotherapy" version="N/A">
                <ns0:ConceptList>
                    <ns0:Concept code="90832" codeSystem="2.16.840.1.113883.6.12" codeSystemName="CPT" codeSystemVersion="2018" displayName="Psychotherapy, 30 minutes with patient"/>
                    <ns0:Concept code="90834" codeSystem="2.16.840.1.113883.6.12" codeSystemName="CPT" codeSystemVersion="2018" displayName="Psychotherapy, 45 minutes with patient"/>
                    <ns0:Concept code="90837" codeSystem="2.16.840.1.113883.6.12" codeSystemName="CPT" codeSystemVersion="2018" displayName="Psychotherapy, 60 minutes with patient"/>
                </ns0:ConceptList>
                <ns0:Source>PCPI Foundation</ns0:Source>
                <ns0:Purpose>(Clinical Focus: Under Development),(Data Element Scope: Under Development),(Inclusion Criteria: Under Development),(Exclusion Criteria: Under Development)</ns0:Purpose>
                <ns0:Definition>(2.16.840.1.113883.3.526.2.1927:Psych Visit - Psychotherapy)</ns0:Definition>
                <ns0:Type>Grouping</ns0:Type>
                <ns0:Binding>Dynamic</ns0:Binding>
                <ns0:Status>Active</ns0:Status>
                <ns0:RevisionDate>2017-05-04</ns0:RevisionDate>
            </ns0:DescribedValueSet>
        </ns0:RetrieveMultipleValueSetsResponse>
    http_version: 
  recorded_at: Thu, 08 Mar 2018 16:05:48 GMT
- request:
    method: post
    uri: https://vsac.nlm.nih.gov/vsac/ws/Ticket/TGT-27358-evxYu9uD2MCSlgmxopRkHEZcRX6x7PTeZnlKo0fPzUQirOK9Nn-cas
    body:
      encoding: UTF-8
      string: service=http%3A%2F%2Fumlsks.nlm.nih.gov
    headers:
      Accept:
      - "*/*; q=0.5, application/xml"
      Accept-Encoding:
      - gzip, deflate
      Content-Length:
      - '39'
      Content-Type:
      - application/x-www-form-urlencoded
      User-Agent:
      - Ruby
  response:
    status:
      code: 200
      message: ''
    headers:
      Cache-Control:
      - no-cache, no-store, max-age=0, must-revalidate
      Pragma:
      - no-cache
      Expires:
      - '0'
      X-Xss-Protection:
      - 1; mode=block
      X-Frame-Options:
      - SAMEORIGIN
      X-Content-Type-Options:
      - nosniff
      Content-Type:
      - text/plain;charset=utf-8
      Content-Length:
      - '34'
      Date:
      - Thu, 08 Mar 2018 16:05:48 GMT
      Set-Cookie:
      - BIGipServervsacweb_p=!5Nh5osX9FCFZ+Kbm9OGvBt4MxRMcjrQvOM3ZDYUNhRdfgdEv8yxzfH7NtONmcJhgZJReJxC0i1mz7HQ=;
        expires=Thu, 08-Mar-2018 18:05:49 GMT; path=/; Httponly; Secure
      X-Vip-Info:
      - 130.14.16.40:443
      X-Pool-Info:
      - "/Common/vsacweb_p 10.1.5.111 8080"
      Strict-Transport-Security:
      - max-age=31536000; includeSubDomains; preload
    body:
      encoding: UTF-8
      string: ST-194663-5V2XfZmUWawDYKVWaNWo-cas
    http_version: 
  recorded_at: Thu, 08 Mar 2018 16:05:49 GMT
- request:
    method: get
    uri: https://vsac.nlm.nih.gov/vsac/svs/RetrieveMultipleValueSets?id=2.16.840.1.113883.3.526.3.1141&profile=Latest%20eCQM&ticket=ST-194663-5V2XfZmUWawDYKVWaNWo-cas
    body:
      encoding: US-ASCII
      string: ''
    headers:
      Accept:
      - "*/*; q=0.5, application/xml"
      Accept-Encoding:
      - gzip, deflate
      User-Agent:
      - Ruby
  response:
    status:
      code: 200
      message: ''
    headers:
      Cache-Control:
      - no-cache, no-store, max-age=0, must-revalidate
      Pragma:
      - no-cache
      Expires:
      - '0'
      X-Xss-Protection:
      - 1; mode=block
      X-Frame-Options:
      - SAMEORIGIN
      X-Content-Type-Options:
      - nosniff
      Set-Cookie:
      - BIGipServervsacweb_p=!tCCAGYqpxVxwg9jNtNHn4GsLooFbU09nn5N/8c4bTrPOIfQXPvTGeLttkl36MFrLG62lceYNAGkIgsE=;
        expires=Thu, 08-Mar-2018 18:05:49 GMT; path=/; Httponly; Secure
      - JSESSIONID=888B78564474BD0DC5B9A4BBD02C34C6;path=/vsac;HttpOnly;Secure
      Content-Type:
      - text/xml;charset=utf-8
      Content-Length:
      - '1070'
      Date:
      - Thu, 08 Mar 2018 16:05:48 GMT
      X-Vip-Info:
      - 130.14.16.40:443
      X-Pool-Info:
      - "/Common/vsacweb_p 10.1.5.111 8080"
      Strict-Transport-Security:
      - max-age=31536000; includeSubDomains; preload
    body:
      encoding: UTF-8
      string: |
        <?xml version="1.0" encoding="UTF-8" standalone="yes"?>
        <ns0:RetrieveMultipleValueSetsResponse xmlns:ns0="urn:ihe:iti:svs:2008" xmlns:xsi="http://www.w3.org/2001/XMLSchema-instance">
            <ns0:DescribedValueSet ID="2.16.840.1.113883.3.526.3.1141" displayName="Psychoanalysis" version="N/A">
                <ns0:ConceptList>
                    <ns0:Concept code="90845" codeSystem="2.16.840.1.113883.6.12" codeSystemName="CPT" codeSystemVersion="2018" displayName="Psychoanalysis"/>
                </ns0:ConceptList>
                <ns0:Source>PCPI Foundation</ns0:Source>
                <ns0:Purpose>(Clinical Focus: Under Development),(Data Element Scope: Under Development),(Inclusion Criteria: Under Development),(Exclusion Criteria: Under Development)</ns0:Purpose>
                <ns0:Definition>(2.16.840.1.113883.3.526.2.1243:Psychoanalysis)</ns0:Definition>
                <ns0:Type>Grouping</ns0:Type>
                <ns0:Binding>Dynamic</ns0:Binding>
                <ns0:Status>Active</ns0:Status>
                <ns0:RevisionDate>2017-05-04</ns0:RevisionDate>
            </ns0:DescribedValueSet>
        </ns0:RetrieveMultipleValueSetsResponse>
    http_version: 
  recorded_at: Thu, 08 Mar 2018 16:05:49 GMT
- request:
    method: post
    uri: https://vsac.nlm.nih.gov/vsac/ws/Ticket/TGT-27358-evxYu9uD2MCSlgmxopRkHEZcRX6x7PTeZnlKo0fPzUQirOK9Nn-cas
    body:
      encoding: UTF-8
      string: service=http%3A%2F%2Fumlsks.nlm.nih.gov
    headers:
      Accept:
      - "*/*; q=0.5, application/xml"
      Accept-Encoding:
      - gzip, deflate
      Content-Length:
      - '39'
      Content-Type:
      - application/x-www-form-urlencoded
      User-Agent:
      - Ruby
  response:
    status:
      code: 200
      message: ''
    headers:
      Cache-Control:
      - no-cache, no-store, max-age=0, must-revalidate
      Pragma:
      - no-cache
      Expires:
      - '0'
      X-Xss-Protection:
      - 1; mode=block
      X-Frame-Options:
      - SAMEORIGIN
      X-Content-Type-Options:
      - nosniff
      Content-Type:
      - text/plain;charset=utf-8
      Content-Length:
      - '34'
      Date:
      - Thu, 08 Mar 2018 16:05:50 GMT
      Set-Cookie:
      - BIGipServervsacweb_p=!+sJK2YvM+S9/g+Lm9OGvBt4MxRMcjoLpIC9Iew4gVAjyC4GquZwHyHejA+I2kf/KJBniarZCfoIcbz0=;
        expires=Thu, 08-Mar-2018 18:05:50 GMT; path=/; Httponly; Secure
      X-Vip-Info:
      - 130.14.16.40:443
      X-Pool-Info:
      - "/Common/vsacweb_p 10.1.5.110 8080"
      Strict-Transport-Security:
      - max-age=31536000; includeSubDomains; preload
    body:
      encoding: UTF-8
      string: ST-194666-NNwHNUYN3uKzf4rZY2aJ-cas
    http_version: 
  recorded_at: Thu, 08 Mar 2018 16:05:50 GMT
- request:
    method: get
    uri: https://vsac.nlm.nih.gov/vsac/svs/RetrieveMultipleValueSets?id=2.16.840.1.113883.3.526.3.1484&profile=Latest%20eCQM&ticket=ST-194666-NNwHNUYN3uKzf4rZY2aJ-cas
    body:
      encoding: US-ASCII
      string: ''
    headers:
      Accept:
      - "*/*; q=0.5, application/xml"
      Accept-Encoding:
      - gzip, deflate
      User-Agent:
      - Ruby
  response:
    status:
      code: 200
      message: ''
    headers:
      Cache-Control:
      - no-cache, no-store, max-age=0, must-revalidate
      Pragma:
      - no-cache
      Expires:
      - '0'
      X-Xss-Protection:
      - 1; mode=block
      X-Frame-Options:
      - SAMEORIGIN
      X-Content-Type-Options:
      - nosniff
      Set-Cookie:
      - BIGipServervsacweb_p=!NgtQcBvvg1wEOkrm9OGvBt4MxRMcjjgA+hxNC8pttGaiHAZfrS9/1U22uHSzfF07tono9vG3p7Z5ypg=;
        expires=Thu, 08-Mar-2018 18:05:50 GMT; path=/; Httponly; Secure
      - JSESSIONID=17A4AEB07C81183E2DCD47A5735AFA70;path=/vsac;HttpOnly;Secure
      Content-Type:
      - text/xml;charset=utf-8
      Content-Length:
      - '1121'
      Date:
      - Thu, 08 Mar 2018 16:05:50 GMT
      X-Vip-Info:
      - 130.14.16.40:443
      X-Pool-Info:
      - "/Common/vsacweb_p 10.1.5.110 8080"
      Strict-Transport-Security:
      - max-age=31536000; includeSubDomains; preload
    body:
      encoding: UTF-8
      string: |
        <?xml version="1.0" encoding="UTF-8" standalone="yes"?>
        <ns0:RetrieveMultipleValueSetsResponse xmlns:ns0="urn:ihe:iti:svs:2008" xmlns:xsi="http://www.w3.org/2001/XMLSchema-instance">
            <ns0:DescribedValueSet ID="2.16.840.1.113883.3.526.3.1484" displayName="Suicide Risk Assessment" version="N/A">
                <ns0:ConceptList>
                    <ns0:Concept code="225337009" codeSystem="2.16.840.1.113883.6.96" codeSystemName="SNOMEDCT" codeSystemVersion="2017-09" displayName="Suicide risk assessment (procedure)"/>
                </ns0:ConceptList>
                <ns0:Source>PCPI Foundation</ns0:Source>
                <ns0:Purpose>(Clinical Focus: Under Development),(Data Element Scope: Under Development),(Inclusion Criteria: Under Development),(Exclusion Criteria: Under Development)</ns0:Purpose>
                <ns0:Definition>(2.16.840.1.113883.3.526.2.1732:Suicide Risk Assessment)</ns0:Definition>
                <ns0:Type>Grouping</ns0:Type>
                <ns0:Binding>Dynamic</ns0:Binding>
                <ns0:Status>Active</ns0:Status>
                <ns0:RevisionDate>2017-05-04</ns0:RevisionDate>
            </ns0:DescribedValueSet>
        </ns0:RetrieveMultipleValueSetsResponse>
    http_version: 
  recorded_at: Thu, 08 Mar 2018 16:05:50 GMT
recorded_with: VCR 3.0.3
