---
http_interactions:
- request:
    method: post
    uri: https://vsac.nlm.nih.gov/vsac/ws/Ticket
    body:
      encoding: US-ASCII
      string: apikey=xxxxxx
    headers:
      User-Agent:
      - Typhoeus - https://github.com/typhoeus/typhoeus
      Expect:
      - ''
  response:
    status:
      code: 200
      message: ''
    headers:
      Vary:
      - Access-Control-Request-Headers
      - Access-Control-Request-Method
      - Origin
      X-Frame-Options:
      - SAMEORIGIN
      X-Content-Type-Options:
      - nosniff
      X-Xss-Protection:
      - 1; mode=block
      Cache-Control:
      - no-cache, no-store, max-age=0, must-revalidate
      Pragma:
      - no-cache
      Expires:
      - '0'
      Content-Type:
      - text/plain;charset=utf-8
      Content-Length:
      - '65'
      Date:
      - Mon, 14 Dec 2020 17:06:53 GMT
      X-Vip-Info:
      - 2607:f220:41e:1016::40:443
      X-Pool-Info:
      - "/Common/vsacweb_p 10.1.5.86 8080"
      Strict-Transport-Security:
      - max-age=31536000; includeSubDomains; preload
    body:
      encoding: UTF-8
      string: TGT-219754-LBRYzC5dQ4CngRGVygwYbnPTb36pdyR55KfaNXaget2BWT7phE-cas
  recorded_at: Mon, 14 Dec 2020 17:06:53 GMT
- request:
    method: post
    uri: https://vsac.nlm.nih.gov/vsac/ws/Ticket/TGT-219754-LBRYzC5dQ4CngRGVygwYbnPTb36pdyR55KfaNXaget2BWT7phE-cas?service=http://umlsks.nlm.nih.gov
    body:
      encoding: US-ASCII
      string: ''
    headers:
      User-Agent:
      - Typhoeus - https://github.com/typhoeus/typhoeus
      Expect:
      - ''
  response:
    status:
      code: 200
      message: ''
    headers:
      Vary:
      - Access-Control-Request-Headers
      - Access-Control-Request-Method
      - Origin
      X-Frame-Options:
      - SAMEORIGIN
      X-Content-Type-Options:
      - nosniff
      X-Xss-Protection:
      - 1; mode=block
      Cache-Control:
      - no-cache, no-store, max-age=0, must-revalidate
      Pragma:
      - no-cache
      Expires:
      - '0'
      Content-Type:
      - text/plain;charset=utf-8
      Content-Length:
      - '34'
      Date:
      - Mon, 14 Dec 2020 17:06:53 GMT
      X-Vip-Info:
      - 2607:f220:41e:1016::40:443
      X-Pool-Info:
      - "/Common/vsacweb_p 10.1.5.89 8080"
      Strict-Transport-Security:
      - max-age=31536000; includeSubDomains; preload
    body:
      encoding: UTF-8
      string: ST-790587-LctQdFFbtmcNsdWcwRu2-cas
  recorded_at: Mon, 14 Dec 2020 17:06:53 GMT
- request:
    method: post
    uri: https://vsac.nlm.nih.gov/vsac/ws/Ticket/TGT-219754-LBRYzC5dQ4CngRGVygwYbnPTb36pdyR55KfaNXaget2BWT7phE-cas?service=http://umlsks.nlm.nih.gov
    body:
      encoding: US-ASCII
      string: ''
    headers:
      User-Agent:
      - Typhoeus - https://github.com/typhoeus/typhoeus
      Expect:
      - ''
  response:
    status:
      code: 200
      message: ''
    headers:
      Vary:
      - Access-Control-Request-Headers
      - Access-Control-Request-Method
      - Origin
      X-Frame-Options:
      - SAMEORIGIN
      X-Content-Type-Options:
      - nosniff
      X-Xss-Protection:
      - 1; mode=block
      Cache-Control:
      - no-cache, no-store, max-age=0, must-revalidate
      Pragma:
      - no-cache
      Expires:
      - '0'
      Content-Type:
      - text/plain;charset=utf-8
      Content-Length:
      - '34'
      Date:
      - Mon, 14 Dec 2020 17:06:53 GMT
      X-Vip-Info:
      - 2607:f220:41e:1016::40:443
      X-Pool-Info:
      - "/Common/vsacweb_p 10.1.5.86 8080"
      Strict-Transport-Security:
      - max-age=31536000; includeSubDomains; preload
    body:
      encoding: UTF-8
      string: ST-790588-cB4BqWOsRohBcdJtGseS-cas
  recorded_at: Mon, 14 Dec 2020 17:06:54 GMT
- request:
    method: post
    uri: https://vsac.nlm.nih.gov/vsac/ws/Ticket/TGT-219754-LBRYzC5dQ4CngRGVygwYbnPTb36pdyR55KfaNXaget2BWT7phE-cas?service=http://umlsks.nlm.nih.gov
    body:
      encoding: US-ASCII
      string: ''
    headers:
      User-Agent:
      - Typhoeus - https://github.com/typhoeus/typhoeus
      Expect:
      - ''
  response:
    status:
      code: 200
      message: ''
    headers:
      Vary:
      - Access-Control-Request-Headers
      - Access-Control-Request-Method
      - Origin
      X-Frame-Options:
      - SAMEORIGIN
      X-Content-Type-Options:
      - nosniff
      X-Xss-Protection:
      - 1; mode=block
      Cache-Control:
      - no-cache, no-store, max-age=0, must-revalidate
      Pragma:
      - no-cache
      Expires:
      - '0'
      Content-Type:
      - text/plain;charset=utf-8
      Content-Length:
      - '34'
      Date:
      - Mon, 14 Dec 2020 17:06:53 GMT
      X-Vip-Info:
      - 2607:f220:41e:1016::40:443
      X-Pool-Info:
      - "/Common/vsacweb_p 10.1.5.89 8080"
      Strict-Transport-Security:
      - max-age=31536000; includeSubDomains; preload
    body:
      encoding: UTF-8
      string: ST-790594-boIvpb1iTxVMg5RU04cd-cas
  recorded_at: Mon, 14 Dec 2020 17:06:54 GMT
- request:
    method: post
    uri: https://vsac.nlm.nih.gov/vsac/ws/Ticket/TGT-219754-LBRYzC5dQ4CngRGVygwYbnPTb36pdyR55KfaNXaget2BWT7phE-cas?service=http://umlsks.nlm.nih.gov
    body:
      encoding: US-ASCII
      string: ''
    headers:
      User-Agent:
      - Typhoeus - https://github.com/typhoeus/typhoeus
      Expect:
      - ''
  response:
    status:
      code: 200
      message: ''
    headers:
      Vary:
      - Access-Control-Request-Headers
      - Access-Control-Request-Method
      - Origin
      X-Frame-Options:
      - SAMEORIGIN
      X-Content-Type-Options:
      - nosniff
      X-Xss-Protection:
      - 1; mode=block
      Cache-Control:
      - no-cache, no-store, max-age=0, must-revalidate
      Pragma:
      - no-cache
      Expires:
      - '0'
      Content-Type:
      - text/plain;charset=utf-8
      Content-Length:
      - '34'
      Date:
      - Mon, 14 Dec 2020 17:06:53 GMT
      X-Vip-Info:
      - 2607:f220:41e:1016::40:443
      X-Pool-Info:
      - "/Common/vsacweb_p 10.1.5.86 8080"
      Strict-Transport-Security:
      - max-age=31536000; includeSubDomains; preload
    body:
      encoding: UTF-8
      string: ST-790589-UiFvLcLN4loqi1wWINeR-cas
  recorded_at: Mon, 14 Dec 2020 17:06:54 GMT
- request:
    method: post
    uri: https://vsac.nlm.nih.gov/vsac/ws/Ticket/TGT-219754-LBRYzC5dQ4CngRGVygwYbnPTb36pdyR55KfaNXaget2BWT7phE-cas?service=http://umlsks.nlm.nih.gov
    body:
      encoding: US-ASCII
      string: ''
    headers:
      User-Agent:
      - Typhoeus - https://github.com/typhoeus/typhoeus
      Expect:
      - ''
  response:
    status:
      code: 200
      message: ''
    headers:
      Vary:
      - Access-Control-Request-Headers
      - Access-Control-Request-Method
      - Origin
      X-Frame-Options:
      - SAMEORIGIN
      X-Content-Type-Options:
      - nosniff
      X-Xss-Protection:
      - 1; mode=block
      Cache-Control:
      - no-cache, no-store, max-age=0, must-revalidate
      Pragma:
      - no-cache
      Expires:
      - '0'
      Content-Type:
      - text/plain;charset=utf-8
      Content-Length:
      - '34'
      Date:
      - Mon, 14 Dec 2020 17:06:53 GMT
      X-Vip-Info:
      - 2607:f220:41e:1016::40:443
      X-Pool-Info:
      - "/Common/vsacweb_p 10.1.5.86 8080"
      Strict-Transport-Security:
      - max-age=31536000; includeSubDomains; preload
    body:
      encoding: UTF-8
      string: ST-790593-AtBRsmsq9LQU4amVOq7n-cas
  recorded_at: Mon, 14 Dec 2020 17:06:54 GMT
- request:
    method: post
    uri: https://vsac.nlm.nih.gov/vsac/ws/Ticket/TGT-219754-LBRYzC5dQ4CngRGVygwYbnPTb36pdyR55KfaNXaget2BWT7phE-cas?service=http://umlsks.nlm.nih.gov
    body:
      encoding: US-ASCII
      string: ''
    headers:
      User-Agent:
      - Typhoeus - https://github.com/typhoeus/typhoeus
      Expect:
      - ''
  response:
    status:
      code: 200
      message: ''
    headers:
      Vary:
      - Access-Control-Request-Headers
      - Access-Control-Request-Method
      - Origin
      X-Frame-Options:
      - SAMEORIGIN
      X-Content-Type-Options:
      - nosniff
      X-Xss-Protection:
      - 1; mode=block
      Cache-Control:
      - no-cache, no-store, max-age=0, must-revalidate
      Pragma:
      - no-cache
      Expires:
      - '0'
      Content-Type:
      - text/plain;charset=utf-8
      Content-Length:
      - '34'
      Date:
      - Mon, 14 Dec 2020 17:06:53 GMT
      X-Vip-Info:
      - 2607:f220:41e:1016::40:443
      X-Pool-Info:
      - "/Common/vsacweb_p 10.1.5.89 8080"
      Strict-Transport-Security:
      - max-age=31536000; includeSubDomains; preload
    body:
      encoding: UTF-8
      string: ST-790592-Jc6slre5x0u2P27SKrpF-cas
  recorded_at: Mon, 14 Dec 2020 17:06:54 GMT
- request:
    method: post
    uri: https://vsac.nlm.nih.gov/vsac/ws/Ticket/TGT-219754-LBRYzC5dQ4CngRGVygwYbnPTb36pdyR55KfaNXaget2BWT7phE-cas?service=http://umlsks.nlm.nih.gov
    body:
      encoding: US-ASCII
      string: ''
    headers:
      User-Agent:
      - Typhoeus - https://github.com/typhoeus/typhoeus
      Expect:
      - ''
  response:
    status:
      code: 200
      message: ''
    headers:
      Vary:
      - Access-Control-Request-Headers
      - Access-Control-Request-Method
      - Origin
      X-Frame-Options:
      - SAMEORIGIN
      X-Content-Type-Options:
      - nosniff
      X-Xss-Protection:
      - 1; mode=block
      Cache-Control:
      - no-cache, no-store, max-age=0, must-revalidate
      Pragma:
      - no-cache
      Expires:
      - '0'
      Content-Type:
      - text/plain;charset=utf-8
      Content-Length:
      - '34'
      Date:
      - Mon, 14 Dec 2020 17:06:53 GMT
      X-Vip-Info:
      - 2607:f220:41e:1016::40:443
      X-Pool-Info:
      - "/Common/vsacweb_p 10.1.5.89 8080"
      Strict-Transport-Security:
      - max-age=31536000; includeSubDomains; preload
    body:
      encoding: UTF-8
      string: ST-790590-opPBHBAagaURzcFFm3Ke-cas
  recorded_at: Mon, 14 Dec 2020 17:06:54 GMT
- request:
    method: post
    uri: https://vsac.nlm.nih.gov/vsac/ws/Ticket/TGT-219754-LBRYzC5dQ4CngRGVygwYbnPTb36pdyR55KfaNXaget2BWT7phE-cas?service=http://umlsks.nlm.nih.gov
    body:
      encoding: US-ASCII
      string: ''
    headers:
      User-Agent:
      - Typhoeus - https://github.com/typhoeus/typhoeus
      Expect:
      - ''
  response:
    status:
      code: 200
      message: ''
    headers:
      Vary:
      - Access-Control-Request-Headers
      - Access-Control-Request-Method
      - Origin
      X-Frame-Options:
      - SAMEORIGIN
      X-Content-Type-Options:
      - nosniff
      X-Xss-Protection:
      - 1; mode=block
      Cache-Control:
      - no-cache, no-store, max-age=0, must-revalidate
      Pragma:
      - no-cache
      Expires:
      - '0'
      Content-Type:
      - text/plain;charset=utf-8
      Content-Length:
      - '34'
      Date:
      - Mon, 14 Dec 2020 17:06:53 GMT
      X-Vip-Info:
      - 2607:f220:41e:1016::40:443
      X-Pool-Info:
      - "/Common/vsacweb_p 10.1.5.89 8080"
      Strict-Transport-Security:
      - max-age=31536000; includeSubDomains; preload
    body:
      encoding: UTF-8
      string: ST-790591-1UgPxYD0KmxrSLew6aou-cas
  recorded_at: Mon, 14 Dec 2020 17:06:54 GMT
- request:
    method: post
    uri: https://vsac.nlm.nih.gov/vsac/ws/Ticket/TGT-219754-LBRYzC5dQ4CngRGVygwYbnPTb36pdyR55KfaNXaget2BWT7phE-cas?service=http://umlsks.nlm.nih.gov
    body:
      encoding: US-ASCII
      string: ''
    headers:
      User-Agent:
      - Typhoeus - https://github.com/typhoeus/typhoeus
      Expect:
      - ''
  response:
    status:
      code: 200
      message: ''
    headers:
      Vary:
      - Access-Control-Request-Headers
      - Access-Control-Request-Method
      - Origin
      X-Frame-Options:
      - SAMEORIGIN
      X-Content-Type-Options:
      - nosniff
      X-Xss-Protection:
      - 1; mode=block
      Cache-Control:
      - no-cache, no-store, max-age=0, must-revalidate
      Pragma:
      - no-cache
      Expires:
      - '0'
      Content-Type:
      - text/plain;charset=utf-8
      Content-Length:
      - '34'
      Date:
      - Mon, 14 Dec 2020 17:06:53 GMT
      X-Vip-Info:
      - 2607:f220:41e:1016::40:443
      X-Pool-Info:
      - "/Common/vsacweb_p 10.1.5.86 8080"
      Strict-Transport-Security:
      - max-age=31536000; includeSubDomains; preload
    body:
      encoding: UTF-8
      string: ST-790595-sytdq7VZxmTPdPlxAIZf-cas
  recorded_at: Mon, 14 Dec 2020 17:06:54 GMT
- request:
    method: post
    uri: https://vsac.nlm.nih.gov/vsac/ws/Ticket/TGT-219754-LBRYzC5dQ4CngRGVygwYbnPTb36pdyR55KfaNXaget2BWT7phE-cas?service=http://umlsks.nlm.nih.gov
    body:
      encoding: US-ASCII
      string: ''
    headers:
      User-Agent:
      - Typhoeus - https://github.com/typhoeus/typhoeus
      Expect:
      - ''
  response:
    status:
      code: 200
      message: ''
    headers:
      Vary:
      - Access-Control-Request-Headers
      - Access-Control-Request-Method
      - Origin
      X-Frame-Options:
      - SAMEORIGIN
      X-Content-Type-Options:
      - nosniff
      X-Xss-Protection:
      - 1; mode=block
      Cache-Control:
      - no-cache, no-store, max-age=0, must-revalidate
      Pragma:
      - no-cache
      Expires:
      - '0'
      Content-Type:
      - text/plain;charset=utf-8
      Content-Length:
      - '34'
      Date:
      - Mon, 14 Dec 2020 17:06:54 GMT
      X-Vip-Info:
      - 2607:f220:41e:1016::40:443
      X-Pool-Info:
      - "/Common/vsacweb_p 10.1.5.87 8080"
      Strict-Transport-Security:
      - max-age=31536000; includeSubDomains; preload
    body:
      encoding: UTF-8
      string: ST-790596-zXAgo0SMSnd15yPLdfLw-cas
  recorded_at: Mon, 14 Dec 2020 17:06:54 GMT
- request:
    method: post
    uri: https://vsac.nlm.nih.gov/vsac/ws/Ticket/TGT-219754-LBRYzC5dQ4CngRGVygwYbnPTb36pdyR55KfaNXaget2BWT7phE-cas?service=http://umlsks.nlm.nih.gov
    body:
      encoding: US-ASCII
      string: ''
    headers:
      User-Agent:
      - Typhoeus - https://github.com/typhoeus/typhoeus
      Expect:
      - ''
  response:
    status:
      code: 200
      message: ''
    headers:
      Vary:
      - Access-Control-Request-Headers
      - Access-Control-Request-Method
      - Origin
      X-Frame-Options:
      - SAMEORIGIN
      X-Content-Type-Options:
      - nosniff
      X-Xss-Protection:
      - 1; mode=block
      Cache-Control:
      - no-cache, no-store, max-age=0, must-revalidate
      Pragma:
      - no-cache
      Expires:
      - '0'
      Content-Type:
      - text/plain;charset=utf-8
      Content-Length:
      - '34'
      Date:
      - Mon, 14 Dec 2020 17:06:54 GMT
      X-Vip-Info:
      - 2607:f220:41e:1016::40:443
      X-Pool-Info:
      - "/Common/vsacweb_p 10.1.5.87 8080"
      Strict-Transport-Security:
      - max-age=31536000; includeSubDomains; preload
    body:
      encoding: UTF-8
      string: ST-790599-OLAjWoLoU2hR9Jk245yF-cas
  recorded_at: Mon, 14 Dec 2020 17:06:54 GMT
- request:
    method: post
    uri: https://vsac.nlm.nih.gov/vsac/ws/Ticket/TGT-219754-LBRYzC5dQ4CngRGVygwYbnPTb36pdyR55KfaNXaget2BWT7phE-cas?service=http://umlsks.nlm.nih.gov
    body:
      encoding: US-ASCII
      string: ''
    headers:
      User-Agent:
      - Typhoeus - https://github.com/typhoeus/typhoeus
      Expect:
      - ''
  response:
    status:
      code: 200
      message: ''
    headers:
      Vary:
      - Access-Control-Request-Headers
      - Access-Control-Request-Method
      - Origin
      X-Frame-Options:
      - SAMEORIGIN
      X-Content-Type-Options:
      - nosniff
      X-Xss-Protection:
      - 1; mode=block
      Cache-Control:
      - no-cache, no-store, max-age=0, must-revalidate
      Pragma:
      - no-cache
      Expires:
      - '0'
      Content-Type:
      - text/plain;charset=utf-8
      Content-Length:
      - '34'
      Date:
      - Mon, 14 Dec 2020 17:06:54 GMT
      X-Vip-Info:
      - 2607:f220:41e:1016::40:443
      X-Pool-Info:
      - "/Common/vsacweb_p 10.1.5.87 8080"
      Strict-Transport-Security:
      - max-age=31536000; includeSubDomains; preload
    body:
      encoding: UTF-8
      string: ST-790598-2HBW1e45O4HgzMcUWTlU-cas
  recorded_at: Mon, 14 Dec 2020 17:06:54 GMT
- request:
    method: post
    uri: https://vsac.nlm.nih.gov/vsac/ws/Ticket/TGT-219754-LBRYzC5dQ4CngRGVygwYbnPTb36pdyR55KfaNXaget2BWT7phE-cas?service=http://umlsks.nlm.nih.gov
    body:
      encoding: US-ASCII
      string: ''
    headers:
      User-Agent:
      - Typhoeus - https://github.com/typhoeus/typhoeus
      Expect:
      - ''
  response:
    status:
      code: 200
      message: ''
    headers:
      Vary:
      - Access-Control-Request-Headers
      - Access-Control-Request-Method
      - Origin
      X-Frame-Options:
      - SAMEORIGIN
      X-Content-Type-Options:
      - nosniff
      X-Xss-Protection:
      - 1; mode=block
      Cache-Control:
      - no-cache, no-store, max-age=0, must-revalidate
      Pragma:
      - no-cache
      Expires:
      - '0'
      Content-Type:
      - text/plain;charset=utf-8
      Content-Length:
      - '34'
      Date:
      - Mon, 14 Dec 2020 17:06:54 GMT
      X-Vip-Info:
      - 2607:f220:41e:1016::40:443
      X-Pool-Info:
      - "/Common/vsacweb_p 10.1.5.88 8080"
      Strict-Transport-Security:
      - max-age=31536000; includeSubDomains; preload
    body:
      encoding: UTF-8
      string: ST-790604-r6JtlTxP3BZL9wdQgyaF-cas
  recorded_at: Mon, 14 Dec 2020 17:06:54 GMT
- request:
    method: post
    uri: https://vsac.nlm.nih.gov/vsac/ws/Ticket/TGT-219754-LBRYzC5dQ4CngRGVygwYbnPTb36pdyR55KfaNXaget2BWT7phE-cas?service=http://umlsks.nlm.nih.gov
    body:
      encoding: US-ASCII
      string: ''
    headers:
      User-Agent:
      - Typhoeus - https://github.com/typhoeus/typhoeus
      Expect:
      - ''
  response:
    status:
      code: 200
      message: ''
    headers:
      Vary:
      - Access-Control-Request-Headers
      - Access-Control-Request-Method
      - Origin
      X-Frame-Options:
      - SAMEORIGIN
      X-Content-Type-Options:
      - nosniff
      X-Xss-Protection:
      - 1; mode=block
      Cache-Control:
      - no-cache, no-store, max-age=0, must-revalidate
      Pragma:
      - no-cache
      Expires:
      - '0'
      Content-Type:
      - text/plain;charset=utf-8
      Content-Length:
      - '34'
      Date:
      - Mon, 14 Dec 2020 17:06:54 GMT
      X-Vip-Info:
      - 2607:f220:41e:1016::40:443
      X-Pool-Info:
      - "/Common/vsacweb_p 10.1.5.88 8080"
      Strict-Transport-Security:
      - max-age=31536000; includeSubDomains; preload
    body:
      encoding: UTF-8
      string: ST-790603-Cg4ytgPBBdOOPNU0hq4U-cas
  recorded_at: Mon, 14 Dec 2020 17:06:54 GMT
- request:
    method: post
    uri: https://vsac.nlm.nih.gov/vsac/ws/Ticket/TGT-219754-LBRYzC5dQ4CngRGVygwYbnPTb36pdyR55KfaNXaget2BWT7phE-cas?service=http://umlsks.nlm.nih.gov
    body:
      encoding: US-ASCII
      string: ''
    headers:
      User-Agent:
      - Typhoeus - https://github.com/typhoeus/typhoeus
      Expect:
      - ''
  response:
    status:
      code: 200
      message: ''
    headers:
      Vary:
      - Access-Control-Request-Headers
      - Access-Control-Request-Method
      - Origin
      X-Frame-Options:
      - SAMEORIGIN
      X-Content-Type-Options:
      - nosniff
      X-Xss-Protection:
      - 1; mode=block
      Cache-Control:
      - no-cache, no-store, max-age=0, must-revalidate
      Pragma:
      - no-cache
      Expires:
      - '0'
      Content-Type:
      - text/plain;charset=utf-8
      Content-Length:
      - '34'
      Date:
      - Mon, 14 Dec 2020 17:06:54 GMT
      X-Vip-Info:
      - 2607:f220:41e:1016::40:443
      X-Pool-Info:
      - "/Common/vsacweb_p 10.1.5.87 8080"
      Strict-Transport-Security:
      - max-age=31536000; includeSubDomains; preload
    body:
      encoding: UTF-8
      string: ST-790597-9qAEtyil9wjFrEAVZdCm-cas
  recorded_at: Mon, 14 Dec 2020 17:06:54 GMT
- request:
    method: post
    uri: https://vsac.nlm.nih.gov/vsac/ws/Ticket/TGT-219754-LBRYzC5dQ4CngRGVygwYbnPTb36pdyR55KfaNXaget2BWT7phE-cas?service=http://umlsks.nlm.nih.gov
    body:
      encoding: US-ASCII
      string: ''
    headers:
      User-Agent:
      - Typhoeus - https://github.com/typhoeus/typhoeus
      Expect:
      - ''
  response:
    status:
      code: 200
      message: ''
    headers:
      Vary:
      - Access-Control-Request-Headers
      - Access-Control-Request-Method
      - Origin
      X-Frame-Options:
      - SAMEORIGIN
      X-Content-Type-Options:
      - nosniff
      X-Xss-Protection:
      - 1; mode=block
      Cache-Control:
      - no-cache, no-store, max-age=0, must-revalidate
      Pragma:
      - no-cache
      Expires:
      - '0'
      Content-Type:
      - text/plain;charset=utf-8
      Content-Length:
      - '34'
      Date:
      - Mon, 14 Dec 2020 17:06:54 GMT
      X-Vip-Info:
      - 2607:f220:41e:1016::40:443
      X-Pool-Info:
      - "/Common/vsacweb_p 10.1.5.87 8080"
      Strict-Transport-Security:
      - max-age=31536000; includeSubDomains; preload
    body:
      encoding: UTF-8
      string: ST-790601-GPmLjbOVux0bKEi91jIZ-cas
  recorded_at: Mon, 14 Dec 2020 17:06:54 GMT
- request:
    method: post
    uri: https://vsac.nlm.nih.gov/vsac/ws/Ticket/TGT-219754-LBRYzC5dQ4CngRGVygwYbnPTb36pdyR55KfaNXaget2BWT7phE-cas?service=http://umlsks.nlm.nih.gov
    body:
      encoding: US-ASCII
      string: ''
    headers:
      User-Agent:
      - Typhoeus - https://github.com/typhoeus/typhoeus
      Expect:
      - ''
  response:
    status:
      code: 200
      message: ''
    headers:
      Vary:
      - Access-Control-Request-Headers
      - Access-Control-Request-Method
      - Origin
      X-Frame-Options:
      - SAMEORIGIN
      X-Content-Type-Options:
      - nosniff
      X-Xss-Protection:
      - 1; mode=block
      Cache-Control:
      - no-cache, no-store, max-age=0, must-revalidate
      Pragma:
      - no-cache
      Expires:
      - '0'
      Content-Type:
      - text/plain;charset=utf-8
      Content-Length:
      - '34'
      Date:
      - Mon, 14 Dec 2020 17:06:54 GMT
      X-Vip-Info:
      - 2607:f220:41e:1016::40:443
      X-Pool-Info:
      - "/Common/vsacweb_p 10.1.5.87 8080"
      Strict-Transport-Security:
      - max-age=31536000; includeSubDomains; preload
    body:
      encoding: UTF-8
      string: ST-790600-JMydtNtbBarpVzCxXHBq-cas
  recorded_at: Mon, 14 Dec 2020 17:06:54 GMT
- request:
    method: post
    uri: https://vsac.nlm.nih.gov/vsac/ws/Ticket/TGT-219754-LBRYzC5dQ4CngRGVygwYbnPTb36pdyR55KfaNXaget2BWT7phE-cas?service=http://umlsks.nlm.nih.gov
    body:
      encoding: US-ASCII
      string: ''
    headers:
      User-Agent:
      - Typhoeus - https://github.com/typhoeus/typhoeus
      Expect:
      - ''
  response:
    status:
      code: 200
      message: ''
    headers:
      Vary:
      - Access-Control-Request-Headers
      - Access-Control-Request-Method
      - Origin
      X-Frame-Options:
      - SAMEORIGIN
      X-Content-Type-Options:
      - nosniff
      X-Xss-Protection:
      - 1; mode=block
      Cache-Control:
      - no-cache, no-store, max-age=0, must-revalidate
      Pragma:
      - no-cache
      Expires:
      - '0'
      Content-Type:
      - text/plain;charset=utf-8
      Content-Length:
      - '34'
      Date:
      - Mon, 14 Dec 2020 17:06:54 GMT
      X-Vip-Info:
      - 2607:f220:41e:1016::40:443
      X-Pool-Info:
      - "/Common/vsacweb_p 10.1.5.88 8080"
      Strict-Transport-Security:
      - max-age=31536000; includeSubDomains; preload
    body:
      encoding: UTF-8
      string: ST-790602-4yZYjLZNd9hmaoRSzHQ1-cas
  recorded_at: Mon, 14 Dec 2020 17:06:54 GMT
- request:
    method: post
    uri: https://vsac.nlm.nih.gov/vsac/ws/Ticket/TGT-219754-LBRYzC5dQ4CngRGVygwYbnPTb36pdyR55KfaNXaget2BWT7phE-cas?service=http://umlsks.nlm.nih.gov
    body:
      encoding: US-ASCII
      string: ''
    headers:
      User-Agent:
      - Typhoeus - https://github.com/typhoeus/typhoeus
      Expect:
      - ''
  response:
    status:
      code: 200
      message: ''
    headers:
      Vary:
      - Access-Control-Request-Headers
      - Access-Control-Request-Method
      - Origin
      X-Frame-Options:
      - SAMEORIGIN
      X-Content-Type-Options:
      - nosniff
      X-Xss-Protection:
      - 1; mode=block
      Cache-Control:
      - no-cache, no-store, max-age=0, must-revalidate
      Pragma:
      - no-cache
      Expires:
      - '0'
      Content-Type:
      - text/plain;charset=utf-8
      Content-Length:
      - '34'
      Date:
      - Mon, 14 Dec 2020 17:06:54 GMT
      X-Vip-Info:
      - 2607:f220:41e:1016::40:443
      X-Pool-Info:
      - "/Common/vsacweb_p 10.1.5.86 8080"
      Strict-Transport-Security:
      - max-age=31536000; includeSubDomains; preload
    body:
      encoding: UTF-8
      string: ST-790605-f9H9GL9nbfProh6UFFdl-cas
  recorded_at: Mon, 14 Dec 2020 17:06:54 GMT
- request:
    method: post
    uri: https://vsac.nlm.nih.gov/vsac/ws/Ticket/TGT-219754-LBRYzC5dQ4CngRGVygwYbnPTb36pdyR55KfaNXaget2BWT7phE-cas?service=http://umlsks.nlm.nih.gov
    body:
      encoding: US-ASCII
      string: ''
    headers:
      User-Agent:
      - Typhoeus - https://github.com/typhoeus/typhoeus
      Expect:
      - ''
  response:
    status:
      code: 200
      message: ''
    headers:
      Vary:
      - Access-Control-Request-Headers
      - Access-Control-Request-Method
      - Origin
      X-Frame-Options:
      - SAMEORIGIN
      X-Content-Type-Options:
      - nosniff
      X-Xss-Protection:
      - 1; mode=block
      Cache-Control:
      - no-cache, no-store, max-age=0, must-revalidate
      Pragma:
      - no-cache
      Expires:
      - '0'
      Content-Type:
      - text/plain;charset=utf-8
      Content-Length:
      - '34'
      Date:
      - Mon, 14 Dec 2020 17:06:54 GMT
      X-Vip-Info:
      - 2607:f220:41e:1016::40:443
      X-Pool-Info:
      - "/Common/vsacweb_p 10.1.5.88 8080"
      Strict-Transport-Security:
      - max-age=31536000; includeSubDomains; preload
    body:
      encoding: UTF-8
      string: ST-790606-fFoyYU75Nz2ibzBXEzSf-cas
  recorded_at: Mon, 14 Dec 2020 17:06:54 GMT
- request:
    method: get
    uri: https://vsac.nlm.nih.gov/vsac/svs/RetrieveMultipleValueSets?id=2.16.840.1.113883.3.117.1.7.1.201&profile=Latest%20eCQM&ticket=ST-790601-GPmLjbOVux0bKEi91jIZ-cas
    body:
      encoding: US-ASCII
      string: ''
    headers:
      User-Agent:
      - Typhoeus - https://github.com/typhoeus/typhoeus
      Expect:
      - ''
  response:
    status:
      code: 200
      message: ''
    headers:
      Vary:
      - Access-Control-Request-Headers
      - Access-Control-Request-Method
      - Origin
      X-Frame-Options:
      - SAMEORIGIN
      X-Content-Type-Options:
      - nosniff
      X-Xss-Protection:
      - 1; mode=block
      Set-Cookie:
      - JSESSIONID=AADF92F7DF5438237F4E893085360EBF; Path=/vsac; HttpOnly;Secure
      Cache-Control:
      - no-cache, no-store, max-age=0, must-revalidate
      Pragma:
      - no-cache
      Expires:
      - '0'
      Content-Type:
      - text/xml;charset=utf-8
      Content-Length:
      - '21381'
      Date:
      - Mon, 14 Dec 2020 17:06:55 GMT
      X-Vip-Info:
      - 2607:f220:41e:1016::40:443
      X-Pool-Info:
      - "/Common/vsacweb_p 10.1.5.89 8080"
      Strict-Transport-Security:
      - max-age=31536000; includeSubDomains; preload
    body:
      encoding: UTF-8
      string: |
        <?xml version="1.0" encoding="UTF-8" standalone="yes"?>
        <ns0:RetrieveMultipleValueSetsResponse xmlns:ns0="urn:ihe:iti:svs:2008" xmlns:xsi="http://www.w3.org/2001/XMLSchema-instance">
            <ns0:DescribedValueSet ID="2.16.840.1.113883.3.117.1.7.1.201" displayName="Antithrombotic Therapy" version="N/A">
                <ns0:ConceptList>
                    <ns0:Concept code="1037045" codeSystem="2.16.840.1.113883.6.88" codeSystemName="RXNORM" codeSystemVersion="2020-01" displayName="dabigatran etexilate 150 MG Oral Capsule"/>
                    <ns0:Concept code="1037179" codeSystem="2.16.840.1.113883.6.88" codeSystemName="RXNORM" codeSystemVersion="2020-01" displayName="dabigatran etexilate 75 MG Oral Capsule"/>
                    <ns0:Concept code="1092398" codeSystem="2.16.840.1.113883.6.88" codeSystemName="RXNORM" codeSystemVersion="2020-01" displayName="Aspirin 500 MG / Diphenhydramine Hydrochloride 25 MG Oral Tablet"/>
                    <ns0:Concept code="1114198" codeSystem="2.16.840.1.113883.6.88" codeSystemName="RXNORM" codeSystemVersion="2020-01" displayName="rivaroxaban 10 MG Oral Tablet"/>
                    <ns0:Concept code="1232082" codeSystem="2.16.840.1.113883.6.88" codeSystemName="RXNORM" codeSystemVersion="2020-01" displayName="rivaroxaban 15 MG Oral Tablet"/>
                    <ns0:Concept code="1232086" codeSystem="2.16.840.1.113883.6.88" codeSystemName="RXNORM" codeSystemVersion="2020-01" displayName="rivaroxaban 20 MG Oral Tablet"/>
                    <ns0:Concept code="1250907" codeSystem="2.16.840.1.113883.6.88" codeSystemName="RXNORM" codeSystemVersion="2020-01" displayName="Aspirin 500 MG / Diphenhydramine Citrate 38.3 MG Oral Tablet"/>
                    <ns0:Concept code="1361574" codeSystem="2.16.840.1.113883.6.88" codeSystemName="RXNORM" codeSystemVersion="2020-01" displayName="heparin sodium, porcine 20000 UNT/ML Injectable Solution"/>
                    <ns0:Concept code="1364435" codeSystem="2.16.840.1.113883.6.88" codeSystemName="RXNORM" codeSystemVersion="2020-01" displayName="apixaban 2.5 MG Oral Tablet"/>
                    <ns0:Concept code="1364445" codeSystem="2.16.840.1.113883.6.88" codeSystemName="RXNORM" codeSystemVersion="2020-01" displayName="apixaban 5 MG Oral Tablet"/>
                    <ns0:Concept code="1536467" codeSystem="2.16.840.1.113883.6.88" codeSystemName="RXNORM" codeSystemVersion="2020-01" displayName="Aspirin 325 MG / Citric Acid 1000 MG / Sodium Bicarbonate 1700 MG Effervescent Oral Tablet"/>
                    <ns0:Concept code="1536498" codeSystem="2.16.840.1.113883.6.88" codeSystemName="RXNORM" codeSystemVersion="2020-01" displayName="Aspirin 325 MG / Dextromethorphan Hydrobromide 10 MG / Phenylephrine bitartrate 7.8 MG Effervescent Oral Tablet"/>
                    <ns0:Concept code="1536503" codeSystem="2.16.840.1.113883.6.88" codeSystemName="RXNORM" codeSystemVersion="2020-01" displayName="Aspirin 500 MG / Dextromethorphan Hydrobromide 10 MG / doxylamine succinate 6.25 MG / Phenylephrine bitartrate 7.8 MG Effervescent Oral Tablet"/>
                    <ns0:Concept code="1536675" codeSystem="2.16.840.1.113883.6.88" codeSystemName="RXNORM" codeSystemVersion="2020-01" displayName="Aspirin 325 MG / Citric Acid 1000 MG / Sodium Bicarbonate 1916 MG Effervescent Oral Tablet"/>
                    <ns0:Concept code="1536815" codeSystem="2.16.840.1.113883.6.88" codeSystemName="RXNORM" codeSystemVersion="2020-01" displayName="Aspirin 500 MG / Caffeine 65 MG Effervescent Oral Tablet"/>
                    <ns0:Concept code="1536833" codeSystem="2.16.840.1.113883.6.88" codeSystemName="RXNORM" codeSystemVersion="2020-01" displayName="Aspirin 500 MG / Citric Acid 1000 MG / Sodium Bicarbonate 1985 MG Effervescent Oral Tablet"/>
                    <ns0:Concept code="1536840" codeSystem="2.16.840.1.113883.6.88" codeSystemName="RXNORM" codeSystemVersion="2020-01" displayName="Aspirin 325 MG / Chlorpheniramine Maleate 2 MG / Phenylephrine bitartrate 7.8 MG Effervescent Oral Tablet"/>
                    <ns0:Concept code="1537029" codeSystem="2.16.840.1.113883.6.88" codeSystemName="RXNORM" codeSystemVersion="2020-01" displayName="Aspirin 325 MG / Chlorpheniramine Maleate 2 MG / Dextromethorphan Hydrobromide 10 MG / Phenylephrine bitartrate 7.8 MG Effervescent Oral Tablet"/>
                    <ns0:Concept code="1549682" codeSystem="2.16.840.1.113883.6.88" codeSystemName="RXNORM" codeSystemVersion="2020-01" displayName="{42 (rivaroxaban 15 MG Oral Tablet) / 9 (rivaroxaban 20 MG Oral Tablet) } Pack"/>
                    <ns0:Concept code="1593110" codeSystem="2.16.840.1.113883.6.88" codeSystemName="RXNORM" codeSystemVersion="2020-01" displayName="Acetaminophen 250 MG / Aspirin 250 MG / Diphenhydramine Citrate 38 MG Oral Tablet"/>
                    <ns0:Concept code="1599543" codeSystem="2.16.840.1.113883.6.88" codeSystemName="RXNORM" codeSystemVersion="2020-01" displayName="edoxaban 15 MG Oral Tablet"/>
                    <ns0:Concept code="1599551" codeSystem="2.16.840.1.113883.6.88" codeSystemName="RXNORM" codeSystemVersion="2020-01" displayName="edoxaban 30 MG Oral Tablet"/>
                    <ns0:Concept code="1599555" codeSystem="2.16.840.1.113883.6.88" codeSystemName="RXNORM" codeSystemVersion="2020-01" displayName="edoxaban 60 MG Oral Tablet"/>
                    <ns0:Concept code="1658717" codeSystem="2.16.840.1.113883.6.88" codeSystemName="RXNORM" codeSystemVersion="2020-01" displayName="250 ML heparin sodium, porcine 100 UNT/ML Injection"/>
                    <ns0:Concept code="1659195" codeSystem="2.16.840.1.113883.6.88" codeSystemName="RXNORM" codeSystemVersion="2020-01" displayName="500 ML heparin sodium, porcine 50 UNT/ML Injection"/>
                    <ns0:Concept code="1659197" codeSystem="2.16.840.1.113883.6.88" codeSystemName="RXNORM" codeSystemVersion="2020-01" displayName="250 ML heparin sodium, porcine 50 UNT/ML Injection"/>
                    <ns0:Concept code="1665356" codeSystem="2.16.840.1.113883.6.88" codeSystemName="RXNORM" codeSystemVersion="2020-01" displayName="24 HR Aspirin 162.5 MG Extended Release Oral Capsule"/>
                    <ns0:Concept code="1722689" codeSystem="2.16.840.1.113883.6.88" codeSystemName="RXNORM" codeSystemVersion="2020-01" displayName="Aspirin 81 MG / Calcium Carbonate 777 MG Oral Tablet"/>
                    <ns0:Concept code="1723476" codeSystem="2.16.840.1.113883.6.88" codeSystemName="RXNORM" codeSystemVersion="2020-01" displayName="dabigatran etexilate 110 MG Oral Capsule"/>
                    <ns0:Concept code="1730187" codeSystem="2.16.840.1.113883.6.88" codeSystemName="RXNORM" codeSystemVersion="2020-01" displayName="{12 (Aspirin 325 MG / Dextromethorphan Hydrobromide 10 MG / Phenylephrine bitartrate 7.8 MG Effervescent Oral Tablet) / 8 (Aspirin 500 MG / Dextromethorphan Hydrobromide 10 MG / doxylamine succinate 6.25 MG / Phenylephrine bitartrate 7.8 MG Effervescent Oral Tablet) } Pack"/>
                    <ns0:Concept code="1804735" codeSystem="2.16.840.1.113883.6.88" codeSystemName="RXNORM" codeSystemVersion="2020-01" displayName="50 ML argatroban 1 MG/ML Injection"/>
                    <ns0:Concept code="1804737" codeSystem="2.16.840.1.113883.6.88" codeSystemName="RXNORM" codeSystemVersion="2020-01" displayName="125 ML argatroban 1 MG/ML Injection"/>
                    <ns0:Concept code="1804738" codeSystem="2.16.840.1.113883.6.88" codeSystemName="RXNORM" codeSystemVersion="2020-01" displayName="250 ML argatroban 1 MG/ML Injection"/>
                    <ns0:Concept code="1811631" codeSystem="2.16.840.1.113883.6.88" codeSystemName="RXNORM" codeSystemVersion="2020-01" displayName="Aspirin 81 MG / Omeprazole 40 MG Delayed Release Oral Tablet"/>
                    <ns0:Concept code="1811632" codeSystem="2.16.840.1.113883.6.88" codeSystemName="RXNORM" codeSystemVersion="2020-01" displayName="Aspirin 325 MG / Omeprazole 40 MG Delayed Release Oral Tablet"/>
                    <ns0:Concept code="198464" codeSystem="2.16.840.1.113883.6.88" codeSystemName="RXNORM" codeSystemVersion="2020-01" displayName="Aspirin 300 MG Rectal Suppository"/>
                    <ns0:Concept code="198467" codeSystem="2.16.840.1.113883.6.88" codeSystemName="RXNORM" codeSystemVersion="2020-01" displayName="Aspirin 325 MG Delayed Release Oral Tablet"/>
                    <ns0:Concept code="198471" codeSystem="2.16.840.1.113883.6.88" codeSystemName="RXNORM" codeSystemVersion="2020-01" displayName="Aspirin 500 MG Oral Tablet"/>
                    <ns0:Concept code="198473" codeSystem="2.16.840.1.113883.6.88" codeSystemName="RXNORM" codeSystemVersion="2020-01" displayName="Aspirin 600 MG Rectal Suppository"/>
                    <ns0:Concept code="198475" codeSystem="2.16.840.1.113883.6.88" codeSystemName="RXNORM" codeSystemVersion="2020-01" displayName="Aspirin 650 MG Oral Tablet"/>
                    <ns0:Concept code="198479" codeSystem="2.16.840.1.113883.6.88" codeSystemName="RXNORM" codeSystemVersion="2020-01" displayName="Aspirin 400 MG / Caffeine 32 MG Oral Tablet"/>
                    <ns0:Concept code="198480" codeSystem="2.16.840.1.113883.6.88" codeSystemName="RXNORM" codeSystemVersion="2020-01" displayName="Aspirin 500 MG / Caffeine 32 MG Oral Tablet"/>
                    <ns0:Concept code="1992427" codeSystem="2.16.840.1.113883.6.88" codeSystemName="RXNORM" codeSystemVersion="2020-01" displayName="{74 (apixaban 5 MG Oral Tablet) } Pack"/>
                    <ns0:Concept code="2059015" codeSystem="2.16.840.1.113883.6.88" codeSystemName="RXNORM" codeSystemVersion="2020-01" displayName="rivaroxaban 2.5 MG Oral Tablet"/>
                    <ns0:Concept code="212033" codeSystem="2.16.840.1.113883.6.88" codeSystemName="RXNORM" codeSystemVersion="2020-01" displayName="Aspirin 325 MG Oral Tablet"/>
                    <ns0:Concept code="243670" codeSystem="2.16.840.1.113883.6.88" codeSystemName="RXNORM" codeSystemVersion="2020-01" displayName="Aspirin 81 MG Oral Tablet"/>
                    <ns0:Concept code="243694" codeSystem="2.16.840.1.113883.6.88" codeSystemName="RXNORM" codeSystemVersion="2020-01" displayName="Acetaminophen 194 MG / Aspirin 227 MG / Caffeine 33 MG Oral Tablet"/>
                    <ns0:Concept code="259081" codeSystem="2.16.840.1.113883.6.88" codeSystemName="RXNORM" codeSystemVersion="2020-01" displayName="12 HR Aspirin 25 MG / Dipyridamole 200 MG Extended Release Oral Capsule"/>
                    <ns0:Concept code="308278" codeSystem="2.16.840.1.113883.6.88" codeSystemName="RXNORM" codeSystemVersion="2020-01" displayName="Acetaminophen 115 MG / Aspirin 210 MG / Caffeine 16 MG / salicylamide 65 MG Oral Tablet"/>
                    <ns0:Concept code="308297" codeSystem="2.16.840.1.113883.6.88" codeSystemName="RXNORM" codeSystemVersion="2020-01" displayName="Acetaminophen 250 MG / Aspirin 250 MG / Caffeine 65 MG Oral Tablet"/>
                    <ns0:Concept code="308351" codeSystem="2.16.840.1.113883.6.88" codeSystemName="RXNORM" codeSystemVersion="2020-01" displayName="2.5 ML argatroban 100 MG/ML Injection"/>
                    <ns0:Concept code="308363" codeSystem="2.16.840.1.113883.6.88" codeSystemName="RXNORM" codeSystemVersion="2020-01" displayName="Aspirin 325 MG / Caffeine 16 MG / salicylamide 95 MG Oral Tablet"/>
                    <ns0:Concept code="308409" codeSystem="2.16.840.1.113883.6.88" codeSystemName="RXNORM" codeSystemVersion="2020-01" displayName="Aspirin 500 MG Delayed Release Oral Tablet"/>
                    <ns0:Concept code="308411" codeSystem="2.16.840.1.113883.6.88" codeSystemName="RXNORM" codeSystemVersion="2020-01" displayName="Aspirin 650 MG Delayed Release Oral Tablet"/>
                    <ns0:Concept code="308416" codeSystem="2.16.840.1.113883.6.88" codeSystemName="RXNORM" codeSystemVersion="2020-01" displayName="Aspirin 81 MG Delayed Release Oral Tablet"/>
                    <ns0:Concept code="308417" codeSystem="2.16.840.1.113883.6.88" codeSystemName="RXNORM" codeSystemVersion="2020-01" displayName="Aspirin 975 MG Delayed Release Oral Tablet"/>
                    <ns0:Concept code="309362" codeSystem="2.16.840.1.113883.6.88" codeSystemName="RXNORM" codeSystemVersion="2020-01" displayName="clopidogrel 75 MG Oral Tablet"/>
                    <ns0:Concept code="313406" codeSystem="2.16.840.1.113883.6.88" codeSystemName="RXNORM" codeSystemVersion="2020-01" displayName="Ticlopidine Hydrochloride 250 MG Oral Tablet"/>
                    <ns0:Concept code="318272" codeSystem="2.16.840.1.113883.6.88" codeSystemName="RXNORM" codeSystemVersion="2020-01" displayName="Aspirin 81 MG Chewable Tablet"/>
                    <ns0:Concept code="359221" codeSystem="2.16.840.1.113883.6.88" codeSystemName="RXNORM" codeSystemVersion="2020-01" displayName="Acetaminophen 110 MG / Aspirin 162 MG / Caffeine 32.4 MG / salicylamide 152 MG Oral Tablet"/>
                    <ns0:Concept code="432638" codeSystem="2.16.840.1.113883.6.88" codeSystemName="RXNORM" codeSystemVersion="2020-01" displayName="Acetaminophen 250 MG / Aspirin 250 MG Oral Tablet"/>
                    <ns0:Concept code="692836" codeSystem="2.16.840.1.113883.6.88" codeSystemName="RXNORM" codeSystemVersion="2020-01" displayName="Acetaminophen 325 MG / Aspirin 500 MG / Caffeine 65 MG Oral Powder"/>
                    <ns0:Concept code="702316" codeSystem="2.16.840.1.113883.6.88" codeSystemName="RXNORM" codeSystemVersion="2020-01" displayName="Aspirin 500 MG / Caffeine 32.5 MG Oral Tablet"/>
                    <ns0:Concept code="747211" codeSystem="2.16.840.1.113883.6.88" codeSystemName="RXNORM" codeSystemVersion="2020-01" displayName="Aspirin 81 MG Disintegrating Oral Tablet"/>
                    <ns0:Concept code="749196" codeSystem="2.16.840.1.113883.6.88" codeSystemName="RXNORM" codeSystemVersion="2020-01" displayName="clopidogrel 300 MG Oral Tablet"/>
                    <ns0:Concept code="763111" codeSystem="2.16.840.1.113883.6.88" codeSystemName="RXNORM" codeSystemVersion="2020-01" displayName="Acetaminophen 325 MG / Aspirin 500 MG Oral Powder"/>
                    <ns0:Concept code="763116" codeSystem="2.16.840.1.113883.6.88" codeSystemName="RXNORM" codeSystemVersion="2020-01" displayName="Acetaminophen 260 MG / Aspirin 520 MG / Caffeine 32.5 MG Oral Powder"/>
                    <ns0:Concept code="827318" codeSystem="2.16.840.1.113883.6.88" codeSystemName="RXNORM" codeSystemVersion="2020-01" displayName="Acetaminophen 250 MG / Aspirin 250 MG / Caffeine 65 MG Oral Capsule"/>
                    <ns0:Concept code="854238" codeSystem="2.16.840.1.113883.6.88" codeSystemName="RXNORM" codeSystemVersion="2020-01" displayName="0.6 ML Enoxaparin sodium 100 MG/ML Prefilled Syringe"/>
                    <ns0:Concept code="854241" codeSystem="2.16.840.1.113883.6.88" codeSystemName="RXNORM" codeSystemVersion="2020-01" displayName="0.8 ML Enoxaparin sodium 100 MG/ML Prefilled Syringe"/>
                    <ns0:Concept code="854245" codeSystem="2.16.840.1.113883.6.88" codeSystemName="RXNORM" codeSystemVersion="2020-01" displayName="0.8 ML Enoxaparin sodium 150 MG/ML Prefilled Syringe"/>
                    <ns0:Concept code="854248" codeSystem="2.16.840.1.113883.6.88" codeSystemName="RXNORM" codeSystemVersion="2020-01" displayName="1 ML Enoxaparin sodium 100 MG/ML Prefilled Syringe"/>
                    <ns0:Concept code="854252" codeSystem="2.16.840.1.113883.6.88" codeSystemName="RXNORM" codeSystemVersion="2020-01" displayName="1 ML Enoxaparin sodium 150 MG/ML Prefilled Syringe"/>
                    <ns0:Concept code="854255" codeSystem="2.16.840.1.113883.6.88" codeSystemName="RXNORM" codeSystemVersion="2020-01" displayName="Enoxaparin sodium 100 MG/ML Injectable Solution"/>
                    <ns0:Concept code="855288" codeSystem="2.16.840.1.113883.6.88" codeSystemName="RXNORM" codeSystemVersion="2020-01" displayName="Warfarin Sodium 1 MG Oral Tablet"/>
                    <ns0:Concept code="855296" codeSystem="2.16.840.1.113883.6.88" codeSystemName="RXNORM" codeSystemVersion="2020-01" displayName="Warfarin Sodium 10 MG Oral Tablet"/>
                    <ns0:Concept code="855302" codeSystem="2.16.840.1.113883.6.88" codeSystemName="RXNORM" codeSystemVersion="2020-01" displayName="Warfarin Sodium 2 MG Oral Tablet"/>
                    <ns0:Concept code="855312" codeSystem="2.16.840.1.113883.6.88" codeSystemName="RXNORM" codeSystemVersion="2020-01" displayName="Warfarin Sodium 2.5 MG Oral Tablet"/>
                    <ns0:Concept code="855318" codeSystem="2.16.840.1.113883.6.88" codeSystemName="RXNORM" codeSystemVersion="2020-01" displayName="Warfarin Sodium 3 MG Oral Tablet"/>
                    <ns0:Concept code="855324" codeSystem="2.16.840.1.113883.6.88" codeSystemName="RXNORM" codeSystemVersion="2020-01" displayName="Warfarin Sodium 4 MG Oral Tablet"/>
                    <ns0:Concept code="855332" codeSystem="2.16.840.1.113883.6.88" codeSystemName="RXNORM" codeSystemVersion="2020-01" displayName="Warfarin Sodium 5 MG Oral Tablet"/>
                    <ns0:Concept code="855338" codeSystem="2.16.840.1.113883.6.88" codeSystemName="RXNORM" codeSystemVersion="2020-01" displayName="Warfarin Sodium 6 MG Oral Tablet"/>
                    <ns0:Concept code="855344" codeSystem="2.16.840.1.113883.6.88" codeSystemName="RXNORM" codeSystemVersion="2020-01" displayName="Warfarin Sodium 7.5 MG Oral Tablet"/>
                    <ns0:Concept code="861356" codeSystem="2.16.840.1.113883.6.88" codeSystemName="RXNORM" codeSystemVersion="2020-01" displayName="0.8 ML Fondaparinux sodium 12.5 MG/ML Prefilled Syringe"/>
                    <ns0:Concept code="861360" codeSystem="2.16.840.1.113883.6.88" codeSystemName="RXNORM" codeSystemVersion="2020-01" displayName="0.5 ML Fondaparinux sodium 5 MG/ML Prefilled Syringe"/>
                    <ns0:Concept code="861363" codeSystem="2.16.840.1.113883.6.88" codeSystemName="RXNORM" codeSystemVersion="2020-01" displayName="0.4 ML Fondaparinux sodium 12.5 MG/ML Prefilled Syringe"/>
                    <ns0:Concept code="861365" codeSystem="2.16.840.1.113883.6.88" codeSystemName="RXNORM" codeSystemVersion="2020-01" displayName="0.6 ML Fondaparinux sodium 12.5 MG/ML Prefilled Syringe"/>
                    <ns0:Concept code="900528" codeSystem="2.16.840.1.113883.6.88" codeSystemName="RXNORM" codeSystemVersion="2020-01" displayName="Aspirin 850 MG / Caffeine 65 MG Oral Powder"/>
                    <ns0:Concept code="978725" codeSystem="2.16.840.1.113883.6.88" codeSystemName="RXNORM" codeSystemVersion="2020-01" displayName="0.2 ML Dalteparin Sodium 12500 UNT/ML Prefilled Syringe"/>
                    <ns0:Concept code="978733" codeSystem="2.16.840.1.113883.6.88" codeSystemName="RXNORM" codeSystemVersion="2020-01" displayName="0.2 ML Dalteparin Sodium 25000 UNT/ML Prefilled Syringe"/>
                    <ns0:Concept code="978736" codeSystem="2.16.840.1.113883.6.88" codeSystemName="RXNORM" codeSystemVersion="2020-01" displayName="0.3 ML Dalteparin Sodium 25000 UNT/ML Prefilled Syringe"/>
                    <ns0:Concept code="978740" codeSystem="2.16.840.1.113883.6.88" codeSystemName="RXNORM" codeSystemVersion="2020-01" displayName="0.5 ML Dalteparin Sodium 25000 UNT/ML Prefilled Syringe"/>
                    <ns0:Concept code="978744" codeSystem="2.16.840.1.113883.6.88" codeSystemName="RXNORM" codeSystemVersion="2020-01" displayName="0.6 ML Dalteparin Sodium 25000 UNT/ML Prefilled Syringe"/>
                    <ns0:Concept code="978746" codeSystem="2.16.840.1.113883.6.88" codeSystemName="RXNORM" codeSystemVersion="2020-01" displayName="0.72 ML Dalteparin Sodium 25000 UNT/ML Prefilled Syringe"/>
                    <ns0:Concept code="978755" codeSystem="2.16.840.1.113883.6.88" codeSystemName="RXNORM" codeSystemVersion="2020-01" displayName="1 ML Dalteparin Sodium 10000 UNT/ML Prefilled Syringe"/>
                    <ns0:Concept code="978759" codeSystem="2.16.840.1.113883.6.88" codeSystemName="RXNORM" codeSystemVersion="2020-01" displayName="Dalteparin Sodium 10000 UNT/ML Injectable Solution"/>
                    <ns0:Concept code="978777" codeSystem="2.16.840.1.113883.6.88" codeSystemName="RXNORM" codeSystemVersion="2020-01" displayName="Dalteparin Sodium 25000 UNT/ML Injectable Solution"/>
                    <ns0:Concept code="994430" codeSystem="2.16.840.1.113883.6.88" codeSystemName="RXNORM" codeSystemVersion="2020-01" displayName="Aspirin 1000 MG / Caffeine 65 MG Oral Powder"/>
                    <ns0:Concept code="994435" codeSystem="2.16.840.1.113883.6.88" codeSystemName="RXNORM" codeSystemVersion="2020-01" displayName="Aspirin 845 MG / Caffeine 65 MG Oral Powder"/>
                    <ns0:Concept code="994528" codeSystem="2.16.840.1.113883.6.88" codeSystemName="RXNORM" codeSystemVersion="2020-01" displayName="Aspirin 385 MG / Caffeine 30 MG / Orphenadrine Citrate 25 MG Oral Tablet"/>
                    <ns0:Concept code="994535" codeSystem="2.16.840.1.113883.6.88" codeSystemName="RXNORM" codeSystemVersion="2020-01" displayName="Aspirin 770 MG / Caffeine 60 MG / Orphenadrine Citrate 50 MG Oral Tablet"/>
                </ns0:ConceptList>
                <ns0:Source>The Joint Commission</ns0:Source>
                <ns0:Purpose>(Clinical Focus: This value set contains concepts that represent anticoagulant and antiplatelet medications used to reduce stroke mortality and morbidity.),(Data Element Scope: This value set may use the Quality Data Model (QDM) category related to Medication. The intent of this data element is to identify patients who receive antithrombotic therapy following stroke. ),(Inclusion Criteria: Includes only relevant concepts associated with single and multi-ingredient drugs. Oral, rectal, and injectable dose forms should be included. Antithrombotic medications includes only relevant concepts associated with anticoagulants and antiplatelet drugs.),(Exclusion Criteria: Excludes codes for enoxaparin and heparin generally given for VTE prophylaxis.)</ns0:Purpose>
                <ns0:Type>Extensional</ns0:Type>
                <ns0:Binding>Dynamic</ns0:Binding>
                <ns0:Status>Active</ns0:Status>
                <ns0:RevisionDate>2020-03-19</ns0:RevisionDate>
            </ns0:DescribedValueSet>
        </ns0:RetrieveMultipleValueSetsResponse>
  recorded_at: Mon, 14 Dec 2020 17:06:55 GMT
- request:
    method: get
    uri: https://vsac.nlm.nih.gov/vsac/svs/RetrieveMultipleValueSets?id=1.3.6.1.4.1.33895.1.3.0.45&profile=Latest%20eCQM&ticket=ST-790596-zXAgo0SMSnd15yPLdfLw-cas
    body:
      encoding: US-ASCII
      string: ''
    headers:
      User-Agent:
      - Typhoeus - https://github.com/typhoeus/typhoeus
      Expect:
      - ''
  response:
    status:
      code: 200
      message: ''
    headers:
      Vary:
      - Access-Control-Request-Headers
      - Access-Control-Request-Method
      - Origin
      X-Frame-Options:
      - SAMEORIGIN
      X-Content-Type-Options:
      - nosniff
      X-Xss-Protection:
      - 1; mode=block
      Set-Cookie:
      - JSESSIONID=F4B860FBFBA27E52B8757FBF5293E884; Path=/vsac; HttpOnly;Secure
      Cache-Control:
      - no-cache, no-store, max-age=0, must-revalidate
      Pragma:
      - no-cache
      Expires:
      - '0'
      Content-Type:
      - text/xml;charset=utf-8
      Content-Length:
      - '1969'
      Date:
      - Mon, 14 Dec 2020 17:06:55 GMT
      X-Vip-Info:
      - 2607:f220:41e:1016::40:443
      X-Pool-Info:
      - "/Common/vsacweb_p 10.1.5.89 8080"
      Strict-Transport-Security:
      - max-age=31536000; includeSubDomains; preload
    body:
      encoding: UTF-8
      string: |
        <?xml version="1.0" encoding="UTF-8" standalone="yes"?>
        <ns0:RetrieveMultipleValueSetsResponse xmlns:ns0="urn:ihe:iti:svs:2008" xmlns:xsi="http://www.w3.org/2001/XMLSchema-instance">
            <ns0:DescribedValueSet ID="1.3.6.1.4.1.33895.1.3.0.45" displayName="Comfort Measures" version="N/A">
                <ns0:ConceptList>
                    <ns0:Concept code="133918004" codeSystem="2.16.840.1.113883.6.96" codeSystemName="SNOMEDCT" codeSystemVersion="2019-09" displayName="Comfort measures (regime/therapy)"/>
                    <ns0:Concept code="182964004" codeSystem="2.16.840.1.113883.6.96" codeSystemName="SNOMEDCT" codeSystemVersion="2019-09" displayName="Terminal care (regime/therapy)"/>
                    <ns0:Concept code="385736008" codeSystem="2.16.840.1.113883.6.96" codeSystemName="SNOMEDCT" codeSystemVersion="2019-09" displayName="Dying care (regime/therapy)"/>
                    <ns0:Concept code="385763009" codeSystem="2.16.840.1.113883.6.96" codeSystemName="SNOMEDCT" codeSystemVersion="2019-09" displayName="Hospice care (regime/therapy)"/>
                </ns0:ConceptList>
                <ns0:Source>The Joint Commission</ns0:Source>
                <ns0:Purpose>(Clinical Focus: This value set contains concepts that represent care regimes used to define comfort measure care.),(Data Element Scope: This value set may use the Quality Data Model (QDM) category related to Intervention. The intent of this data element is to identify patients receiving comfort measure care.),(Inclusion Criteria: Includes only relevant concepts associated with SNOMED CT regime and therapy codes for comfort measures, terminal care, dying care and hospice care.),(Exclusion Criteria: Exclude diagnosis codes that identify patients with Palliative Care.)</ns0:Purpose>
                <ns0:Type>Extensional</ns0:Type>
                <ns0:Binding>Dynamic</ns0:Binding>
                <ns0:Status>Active</ns0:Status>
                <ns0:RevisionDate>2016-03-31</ns0:RevisionDate>
            </ns0:DescribedValueSet>
        </ns0:RetrieveMultipleValueSetsResponse>
  recorded_at: Mon, 14 Dec 2020 17:06:55 GMT
- request:
    method: get
    uri: https://vsac.nlm.nih.gov/vsac/svs/RetrieveMultipleValueSets?id=2.16.840.1.113883.3.117.1.7.1.87&profile=Latest%20eCQM&ticket=ST-790593-AtBRsmsq9LQU4amVOq7n-cas
    body:
      encoding: US-ASCII
      string: ''
    headers:
      User-Agent:
      - Typhoeus - https://github.com/typhoeus/typhoeus
      Expect:
      - ''
  response:
    status:
      code: 200
      message: ''
    headers:
      Vary:
      - Access-Control-Request-Headers
      - Access-Control-Request-Method
      - Origin
      X-Frame-Options:
      - SAMEORIGIN
      X-Content-Type-Options:
      - nosniff
      X-Xss-Protection:
      - 1; mode=block
      Set-Cookie:
      - JSESSIONID=D6F3933DFA3BCC31008D1685D3152079; Path=/vsac; HttpOnly;Secure
      Cache-Control:
      - no-cache, no-store, max-age=0, must-revalidate
      Pragma:
      - no-cache
      Expires:
      - '0'
      Content-Type:
      - text/xml;charset=utf-8
      Content-Length:
      - '2006'
      Date:
      - Mon, 14 Dec 2020 17:06:55 GMT
      X-Vip-Info:
      - 2607:f220:41e:1016::40:443
      X-Pool-Info:
      - "/Common/vsacweb_p 10.1.5.89 8080"
      Strict-Transport-Security:
      - max-age=31536000; includeSubDomains; preload
    body:
      encoding: UTF-8
      string: |
        <?xml version="1.0" encoding="UTF-8" standalone="yes"?>
        <ns0:RetrieveMultipleValueSetsResponse xmlns:ns0="urn:ihe:iti:svs:2008" xmlns:xsi="http://www.w3.org/2001/XMLSchema-instance">
            <ns0:DescribedValueSet ID="2.16.840.1.113883.3.117.1.7.1.87" displayName="Discharge To Acute Care Facility" version="N/A">
                <ns0:ConceptList>
                    <ns0:Concept code="306701001" codeSystem="2.16.840.1.113883.6.96" codeSystemName="SNOMEDCT" codeSystemVersion="2019-09" displayName="Discharge to community hospital (procedure)"/>
                    <ns0:Concept code="306703003" codeSystem="2.16.840.1.113883.6.96" codeSystemName="SNOMEDCT" codeSystemVersion="2019-09" displayName="Discharge to tertiary referral hospital (procedure)"/>
                    <ns0:Concept code="434781000124105" codeSystem="2.16.840.1.113883.6.96" codeSystemName="SNOMEDCT" codeSystemVersion="2019-09" displayName="Discharge to acute care hospital (procedure)"/>
                </ns0:ConceptList>
                <ns0:Source>The Joint Commission</ns0:Source>
                <ns0:Purpose>(Clinical Focus: This value set contains concepts that represent the discharge of a patient to an acute care facility.),(Data Element Scope: This value set may use the Quality Data Model (QDM) attribute related to Discharge Disposition. The intent of this data element is to identify the final place or setting to which the patient was discharged on the day of discharge from a particular inpatient encounter. This particular value set intends to identify patients who were discharged to an acute care facility.),(Inclusion Criteria: Includes only relevant concepts associated with SNOMED CT codes representing short-term acute care hospitals, including specialty hospitals.),(Exclusion Criteria: No exclusions.)</ns0:Purpose>
                <ns0:Type>Extensional</ns0:Type>
                <ns0:Binding>Dynamic</ns0:Binding>
                <ns0:Status>Active</ns0:Status>
                <ns0:RevisionDate>2017-07-25</ns0:RevisionDate>
            </ns0:DescribedValueSet>
        </ns0:RetrieveMultipleValueSetsResponse>
  recorded_at: Mon, 14 Dec 2020 17:06:55 GMT
- request:
    method: get
    uri: https://vsac.nlm.nih.gov/vsac/svs/RetrieveMultipleValueSets?id=2.16.840.1.113883.3.117.1.7.1.207&profile=Latest%20eCQM&ticket=ST-790595-sytdq7VZxmTPdPlxAIZf-cas
    body:
      encoding: US-ASCII
      string: ''
    headers:
      User-Agent:
      - Typhoeus - https://github.com/typhoeus/typhoeus
      Expect:
      - ''
  response:
    status:
      code: 200
      message: ''
    headers:
      Vary:
      - Access-Control-Request-Headers
      - Access-Control-Request-Method
      - Origin
      X-Frame-Options:
      - SAMEORIGIN
      X-Content-Type-Options:
      - nosniff
      X-Xss-Protection:
      - 1; mode=block
      Set-Cookie:
      - JSESSIONID=039DA9C0F8385DE7514E9D6EF23ECD6B; Path=/vsac; HttpOnly;Secure
      Cache-Control:
      - no-cache, no-store, max-age=0, must-revalidate
      Pragma:
      - no-cache
      Expires:
      - '0'
      Content-Type:
      - text/xml;charset=utf-8
      Content-Length:
      - '1674'
      Date:
      - Mon, 14 Dec 2020 17:06:55 GMT
      X-Vip-Info:
      - 2607:f220:41e:1016::40:443
      X-Pool-Info:
      - "/Common/vsacweb_p 10.1.5.89 8080"
      Strict-Transport-Security:
      - max-age=31536000; includeSubDomains; preload
    body:
      encoding: UTF-8
      string: |
        <?xml version="1.0" encoding="UTF-8" standalone="yes"?>
        <ns0:RetrieveMultipleValueSetsResponse xmlns:ns0="urn:ihe:iti:svs:2008" xmlns:xsi="http://www.w3.org/2001/XMLSchema-instance">
            <ns0:DescribedValueSet ID="2.16.840.1.113883.3.117.1.7.1.207" displayName="Discharged to Health Care Facility for Hospice Care" version="N/A">
                <ns0:ConceptList>
                    <ns0:Concept code="428371000124100" codeSystem="2.16.840.1.113883.6.96" codeSystemName="SNOMEDCT" codeSystemVersion="2019-09" displayName="Discharge to healthcare facility for hospice care (procedure)"/>
                </ns0:ConceptList>
                <ns0:Source>The Joint Commission</ns0:Source>
                <ns0:Purpose>(Clinical Focus: This value set contains concepts that represent procedures used to represent the discharge of a patient to a health care facility for hospice care.),(Data Element Scope: This value set may use the Quality Data Model (QDM) attribute related to Discharge Disposition. The intent of this data element is to identify the final place or setting to which the patient was discharged on the day of discharge from a particular inpatient encounter. This particular value set intends to identify patients who were discharged to a health care facility for hospice care.),(Inclusion Criteria: Includes only relevant concepts associated with SNOMED CT codes representing health care facilities.),(Exclusion Criteria: No exclusions.)</ns0:Purpose>
                <ns0:Type>Extensional</ns0:Type>
                <ns0:Binding>Dynamic</ns0:Binding>
                <ns0:Status>Active</ns0:Status>
                <ns0:RevisionDate>2017-07-25</ns0:RevisionDate>
            </ns0:DescribedValueSet>
        </ns0:RetrieveMultipleValueSetsResponse>
  recorded_at: Mon, 14 Dec 2020 17:06:56 GMT
- request:
    method: get
    uri: https://vsac.nlm.nih.gov/vsac/svs/RetrieveMultipleValueSets?id=2.16.840.1.113883.3.117.1.7.1.209&profile=Latest%20eCQM&ticket=ST-790589-UiFvLcLN4loqi1wWINeR-cas
    body:
      encoding: US-ASCII
      string: ''
    headers:
      User-Agent:
      - Typhoeus - https://github.com/typhoeus/typhoeus
      Expect:
      - ''
  response:
    status:
      code: 200
      message: ''
    headers:
      Vary:
      - Access-Control-Request-Headers
      - Access-Control-Request-Method
      - Origin
      X-Frame-Options:
      - SAMEORIGIN
      X-Content-Type-Options:
      - nosniff
      X-Xss-Protection:
      - 1; mode=block
      Set-Cookie:
      - JSESSIONID=52F41B18BF0FEEABB0E1FF75684D7A7E; Path=/vsac; HttpOnly;Secure
      Cache-Control:
      - no-cache, no-store, max-age=0, must-revalidate
      Pragma:
      - no-cache
      Expires:
      - '0'
      Content-Type:
      - text/xml;charset=utf-8
      Content-Length:
      - '1619'
      Date:
      - Mon, 14 Dec 2020 17:06:56 GMT
      X-Vip-Info:
      - 2607:f220:41e:1016::40:443
      X-Pool-Info:
      - "/Common/vsacweb_p 10.1.5.89 8080"
      Strict-Transport-Security:
      - max-age=31536000; includeSubDomains; preload
    body:
      encoding: UTF-8
      string: |
        <?xml version="1.0" encoding="UTF-8" standalone="yes"?>
        <ns0:RetrieveMultipleValueSetsResponse xmlns:ns0="urn:ihe:iti:svs:2008" xmlns:xsi="http://www.w3.org/2001/XMLSchema-instance">
            <ns0:DescribedValueSet ID="2.16.840.1.113883.3.117.1.7.1.209" displayName="Discharged to Home for Hospice Care" version="N/A">
                <ns0:ConceptList>
                    <ns0:Concept code="428361000124107" codeSystem="2.16.840.1.113883.6.96" codeSystemName="SNOMEDCT" codeSystemVersion="2019-09" displayName="Discharge to home for hospice care (procedure)"/>
                </ns0:ConceptList>
                <ns0:Source>The Joint Commission</ns0:Source>
                <ns0:Purpose>(Clinical Focus: This value set contains concepts that represent procedures used to represent the discharge of a patient to home for hospice care.),(Data Element Scope: This value set may use the Quality Data Model (QDM) attribute related to Discharge Disposition. The intent of this data element is to identify the final place or setting to which the patient was discharged on the day of discharge from a particular inpatient encounter. This particular value set intends to identify patients who were discharged to home for hospice care.),(Inclusion Criteria: Includes only relevant concepts associated with SNOMED CT codes representing discharge to home for hospice care.),(Exclusion Criteria: No exclusions.)</ns0:Purpose>
                <ns0:Type>Extensional</ns0:Type>
                <ns0:Binding>Dynamic</ns0:Binding>
                <ns0:Status>Active</ns0:Status>
                <ns0:RevisionDate>2017-07-25</ns0:RevisionDate>
            </ns0:DescribedValueSet>
        </ns0:RetrieveMultipleValueSetsResponse>
  recorded_at: Mon, 14 Dec 2020 17:06:56 GMT
- request:
    method: get
    uri: https://vsac.nlm.nih.gov/vsac/svs/RetrieveMultipleValueSets?id=2.16.840.1.113883.3.117.1.7.1.292&profile=Latest%20eCQM&ticket=ST-790594-boIvpb1iTxVMg5RU04cd-cas
    body:
      encoding: US-ASCII
      string: ''
    headers:
      User-Agent:
      - Typhoeus - https://github.com/typhoeus/typhoeus
      Expect:
      - ''
  response:
    status:
      code: 200
      message: ''
    headers:
      Vary:
      - Access-Control-Request-Headers
      - Access-Control-Request-Method
      - Origin
      X-Frame-Options:
      - SAMEORIGIN
      X-Content-Type-Options:
      - nosniff
      X-Xss-Protection:
      - 1; mode=block
      Set-Cookie:
      - JSESSIONID=8AAFB36E0B63877F2DB18DDC5B39369E; Path=/vsac; HttpOnly;Secure
      Cache-Control:
      - no-cache, no-store, max-age=0, must-revalidate
      Pragma:
      - no-cache
      Expires:
      - '0'
      Content-Type:
      - text/xml;charset=utf-8
      Content-Length:
      - '1405'
      Date:
      - Mon, 14 Dec 2020 17:06:56 GMT
      X-Vip-Info:
      - 2607:f220:41e:1016::40:443
      X-Pool-Info:
      - "/Common/vsacweb_p 10.1.5.89 8080"
      Strict-Transport-Security:
      - max-age=31536000; includeSubDomains; preload
    body:
      encoding: UTF-8
      string: |
        <?xml version="1.0" encoding="UTF-8" standalone="yes"?>
        <ns0:RetrieveMultipleValueSetsResponse xmlns:ns0="urn:ihe:iti:svs:2008" xmlns:xsi="http://www.w3.org/2001/XMLSchema-instance">
            <ns0:DescribedValueSet ID="2.16.840.1.113883.3.117.1.7.1.292" displayName="Emergency Department Visit" version="N/A">
                <ns0:ConceptList>
                    <ns0:Concept code="4525004" codeSystem="2.16.840.1.113883.6.96" codeSystemName="SNOMEDCT" codeSystemVersion="2019-09" displayName="Emergency department patient visit (procedure)"/>
                </ns0:ConceptList>
                <ns0:Source>The Joint Commission</ns0:Source>
                <ns0:Purpose>(Clinical Focus: This value set contains concepts that represent procedures representing an emergency department encounter.),(Data Element Scope: This value set may use the Quality Data Model (QDM) category related to Encounter. The intent of this data element is to identify patients who have had an emergency department encounter. ),(Inclusion Criteria: Includes only relevant concepts associated with an emergency department visit encounter using the SNOMED CT code system.),(Exclusion Criteria: No exclusions.)</ns0:Purpose>
                <ns0:Type>Extensional</ns0:Type>
                <ns0:Binding>Dynamic</ns0:Binding>
                <ns0:Status>Active</ns0:Status>
                <ns0:RevisionDate>2017-07-26</ns0:RevisionDate>
            </ns0:DescribedValueSet>
        </ns0:RetrieveMultipleValueSetsResponse>
  recorded_at: Mon, 14 Dec 2020 17:06:56 GMT
- request:
    method: get
    uri: https://vsac.nlm.nih.gov/vsac/svs/RetrieveMultipleValueSets?id=2.16.840.1.114222.4.11.837&profile=Latest%20eCQM&ticket=ST-790591-1UgPxYD0KmxrSLew6aou-cas
    body:
      encoding: US-ASCII
      string: ''
    headers:
      User-Agent:
      - Typhoeus - https://github.com/typhoeus/typhoeus
      Expect:
      - ''
  response:
    status:
      code: 200
      message: ''
    headers:
      Vary:
      - Access-Control-Request-Headers
      - Access-Control-Request-Method
      - Origin
      X-Frame-Options:
      - SAMEORIGIN
      X-Content-Type-Options:
      - nosniff
      X-Xss-Protection:
      - 1; mode=block
      Set-Cookie:
      - JSESSIONID=3F0A960A36BEF8EAE0FD64475E76EE89; Path=/vsac; HttpOnly;Secure
      Cache-Control:
      - no-cache, no-store, max-age=0, must-revalidate
      Pragma:
      - no-cache
      Expires:
      - '0'
      Content-Type:
      - text/xml;charset=utf-8
      Content-Length:
      - '1128'
      Date:
      - Mon, 14 Dec 2020 17:06:56 GMT
      X-Vip-Info:
      - 2607:f220:41e:1016::40:443
      X-Pool-Info:
      - "/Common/vsacweb_p 10.1.5.89 8080"
      Strict-Transport-Security:
      - max-age=31536000; includeSubDomains; preload
    body:
      encoding: UTF-8
      string: |
        <?xml version="1.0" encoding="UTF-8" standalone="yes"?>
        <ns0:RetrieveMultipleValueSetsResponse xmlns:ns0="urn:ihe:iti:svs:2008" xmlns:xsi="http://www.w3.org/2001/XMLSchema-instance">
            <ns0:DescribedValueSet ID="2.16.840.1.114222.4.11.837" displayName="Ethnicity" version="N/A">
                <ns0:ConceptList>
                    <ns0:Concept code="2135-2" codeSystem="2.16.840.1.113883.6.238" codeSystemName="CDCREC" codeSystemVersion="1.2" displayName="Hispanic or Latino"/>
                    <ns0:Concept code="2186-5" codeSystem="2.16.840.1.113883.6.238" codeSystemName="CDCREC" codeSystemVersion="1.2" displayName="Not Hispanic or Latino"/>
                </ns0:ConceptList>
                <ns0:Source>Centers for Disease Control National Center for Health Statistics</ns0:Source>
                <ns0:Purpose>(Clinical Focus: ),(Data Element Scope: ),(Inclusion Criteria: ),(Exclusion Criteria: )</ns0:Purpose>
                <ns0:Type>Extensional</ns0:Type>
                <ns0:Binding>Dynamic</ns0:Binding>
                <ns0:Status>Active</ns0:Status>
                <ns0:RevisionDate>2012-10-25</ns0:RevisionDate>
            </ns0:DescribedValueSet>
        </ns0:RetrieveMultipleValueSetsResponse>
  recorded_at: Mon, 14 Dec 2020 17:06:56 GMT
- request:
    method: get
    uri: https://vsac.nlm.nih.gov/vsac/svs/RetrieveMultipleValueSets?id=2.16.840.1.113883.3.117.1.7.1.212&profile=Latest%20eCQM&ticket=ST-790606-fFoyYU75Nz2ibzBXEzSf-cas
    body:
      encoding: US-ASCII
      string: ''
    headers:
      User-Agent:
      - Typhoeus - https://github.com/typhoeus/typhoeus
      Expect:
      - ''
  response:
    status:
      code: 200
      message: ''
    headers:
      Vary:
      - Access-Control-Request-Headers
      - Access-Control-Request-Method
      - Origin
      X-Frame-Options:
      - SAMEORIGIN
      X-Content-Type-Options:
      - nosniff
      X-Xss-Protection:
      - 1; mode=block
      Set-Cookie:
      - JSESSIONID=EFA32FD66953BA2AA3471BB0669AFAC3; Path=/vsac; HttpOnly;Secure
      Cache-Control:
      - no-cache, no-store, max-age=0, must-revalidate
      Pragma:
      - no-cache
      Expires:
      - '0'
      Content-Type:
      - text/xml;charset=utf-8
      Content-Length:
      - '14450'
      Date:
      - Mon, 14 Dec 2020 17:06:56 GMT
      X-Vip-Info:
      - 2607:f220:41e:1016::40:443
      X-Pool-Info:
      - "/Common/vsacweb_p 10.1.5.89 8080"
      Strict-Transport-Security:
      - max-age=31536000; includeSubDomains; preload
    body:
      encoding: UTF-8
      string: |
        <?xml version="1.0" encoding="UTF-8" standalone="yes"?>
        <ns0:RetrieveMultipleValueSetsResponse xmlns:ns0="urn:ihe:iti:svs:2008" xmlns:xsi="http://www.w3.org/2001/XMLSchema-instance">
            <ns0:DescribedValueSet ID="2.16.840.1.113883.3.117.1.7.1.212" displayName="Hemorrhagic Stroke" version="N/A">
                <ns0:ConceptList>
                    <ns0:Concept code="195155004" codeSystem="2.16.840.1.113883.6.96" codeSystemName="SNOMEDCT" codeSystemVersion="2019-09" displayName="Subarachnoid hemorrhage from carotid siphon and bifurcation (disorder)"/>
                    <ns0:Concept code="195160000" codeSystem="2.16.840.1.113883.6.96" codeSystemName="SNOMEDCT" codeSystemVersion="2019-09" displayName="Intracranial subarachnoid hemorrhage from vertebral artery (disorder)"/>
                    <ns0:Concept code="195165005" codeSystem="2.16.840.1.113883.6.96" codeSystemName="SNOMEDCT" codeSystemVersion="2019-09" displayName="Basal ganglia hemorrhage (disorder)"/>
                    <ns0:Concept code="195167002" codeSystem="2.16.840.1.113883.6.96" codeSystemName="SNOMEDCT" codeSystemVersion="2019-09" displayName="External capsule hemorrhage (disorder)"/>
                    <ns0:Concept code="195168007" codeSystem="2.16.840.1.113883.6.96" codeSystemName="SNOMEDCT" codeSystemVersion="2019-09" displayName="Intracerebral hemorrhage with intraventricular hemorrhage (disorder)"/>
                    <ns0:Concept code="195169004" codeSystem="2.16.840.1.113883.6.96" codeSystemName="SNOMEDCT" codeSystemVersion="2019-09" displayName="Intracerebral hemorrhage, multiple localized (disorder)"/>
                    <ns0:Concept code="20908003" codeSystem="2.16.840.1.113883.6.96" codeSystemName="SNOMEDCT" codeSystemVersion="2019-09" displayName="Subcortical cerebral hemorrhage (disorder)"/>
                    <ns0:Concept code="230706003" codeSystem="2.16.840.1.113883.6.96" codeSystemName="SNOMEDCT" codeSystemVersion="2019-09" displayName="Hemorrhagic cerebral infarction (disorder)"/>
                    <ns0:Concept code="230707007" codeSystem="2.16.840.1.113883.6.96" codeSystemName="SNOMEDCT" codeSystemVersion="2019-09" displayName="Anterior cerebral circulation hemorrhagic infarction (disorder)"/>
                    <ns0:Concept code="230708002" codeSystem="2.16.840.1.113883.6.96" codeSystemName="SNOMEDCT" codeSystemVersion="2019-09" displayName="Posterior cerebral circulation hemorrhagic infarction (disorder)"/>
                    <ns0:Concept code="230709005" codeSystem="2.16.840.1.113883.6.96" codeSystemName="SNOMEDCT" codeSystemVersion="2019-09" displayName="Massive supratentorial cerebral hemorrhage (disorder)"/>
                    <ns0:Concept code="230710000" codeSystem="2.16.840.1.113883.6.96" codeSystemName="SNOMEDCT" codeSystemVersion="2019-09" displayName="Lobar cerebral hemorrhage (disorder)"/>
                    <ns0:Concept code="230711001" codeSystem="2.16.840.1.113883.6.96" codeSystemName="SNOMEDCT" codeSystemVersion="2019-09" displayName="Thalamic hemorrhage (disorder)"/>
                    <ns0:Concept code="230712008" codeSystem="2.16.840.1.113883.6.96" codeSystemName="SNOMEDCT" codeSystemVersion="2019-09" displayName="Lacunar hemorrhage (disorder)"/>
                    <ns0:Concept code="23276006" codeSystem="2.16.840.1.113883.6.96" codeSystemName="SNOMEDCT" codeSystemVersion="2019-09" displayName="Ventricular hemorrhage (disorder)"/>
                    <ns0:Concept code="270907008" codeSystem="2.16.840.1.113883.6.96" codeSystemName="SNOMEDCT" codeSystemVersion="2019-09" displayName="Spontaneous intracranial subarachnoid hemorrhage (disorder)"/>
                    <ns0:Concept code="274100004" codeSystem="2.16.840.1.113883.6.96" codeSystemName="SNOMEDCT" codeSystemVersion="2019-09" displayName="Cerebral hemorrhage (disorder)"/>
                    <ns0:Concept code="276277008" codeSystem="2.16.840.1.113883.6.96" codeSystemName="SNOMEDCT" codeSystemVersion="2019-09" displayName="Subarachnoid hemorrhage from multiple aneurysms (disorder)"/>
                    <ns0:Concept code="276278003" codeSystem="2.16.840.1.113883.6.96" codeSystemName="SNOMEDCT" codeSystemVersion="2019-09" displayName="Subarachnoid hemorrhage from anterior cerebral artery aneurysm (disorder)"/>
                    <ns0:Concept code="276280009" codeSystem="2.16.840.1.113883.6.96" codeSystemName="SNOMEDCT" codeSystemVersion="2019-09" displayName="Subarachnoid hemorrhage from middle cerebral artery aneurysm (disorder)"/>
                    <ns0:Concept code="276281008" codeSystem="2.16.840.1.113883.6.96" codeSystemName="SNOMEDCT" codeSystemVersion="2019-09" displayName="Subarachnoid hemorrhage from posterior cerebral artery aneurysm (disorder)"/>
                    <ns0:Concept code="276282001" codeSystem="2.16.840.1.113883.6.96" codeSystemName="SNOMEDCT" codeSystemVersion="2019-09" displayName="Subarachnoid hemorrhage from anterior communicating artery aneurysm (disorder)"/>
                    <ns0:Concept code="276283006" codeSystem="2.16.840.1.113883.6.96" codeSystemName="SNOMEDCT" codeSystemVersion="2019-09" displayName="Subarachnoid hemorrhage from posterior communicating artery aneurysm (disorder)"/>
                    <ns0:Concept code="276284000" codeSystem="2.16.840.1.113883.6.96" codeSystemName="SNOMEDCT" codeSystemVersion="2019-09" displayName="Subarachnoid hemorrhage from basilar artery aneurysm (disorder)"/>
                    <ns0:Concept code="276285004" codeSystem="2.16.840.1.113883.6.96" codeSystemName="SNOMEDCT" codeSystemVersion="2019-09" displayName="Subarachnoid hemorrhage from posterior inferior cerebellar artery aneurysm (disorder)"/>
                    <ns0:Concept code="276286003" codeSystem="2.16.840.1.113883.6.96" codeSystemName="SNOMEDCT" codeSystemVersion="2019-09" displayName="Subarachnoid hemorrhage from carotid artery aneurysm (disorder)"/>
                    <ns0:Concept code="276722003" codeSystem="2.16.840.1.113883.6.96" codeSystemName="SNOMEDCT" codeSystemVersion="2019-09" displayName="Intracerebellar and posterior fossa hemorrhage (disorder)"/>
                    <ns0:Concept code="28318001" codeSystem="2.16.840.1.113883.6.96" codeSystemName="SNOMEDCT" codeSystemVersion="2019-09" displayName="Basilar hemorrhage (disorder)"/>
                    <ns0:Concept code="42429001" codeSystem="2.16.840.1.113883.6.96" codeSystemName="SNOMEDCT" codeSystemVersion="2019-09" displayName="Cerebromeningeal hemorrhage (disorder)"/>
                    <ns0:Concept code="425957003" codeSystem="2.16.840.1.113883.6.96" codeSystemName="SNOMEDCT" codeSystemVersion="2019-09" displayName="Non-traumatic intracerebral ventricular hemorrhage (disorder)"/>
                    <ns0:Concept code="449020009" codeSystem="2.16.840.1.113883.6.96" codeSystemName="SNOMEDCT" codeSystemVersion="2019-09" displayName="Intraparenchymal hemorrhage of brain (disorder)"/>
                    <ns0:Concept code="49422009" codeSystem="2.16.840.1.113883.6.96" codeSystemName="SNOMEDCT" codeSystemVersion="2019-09" displayName="Cortical hemorrhage (disorder)"/>
                    <ns0:Concept code="52201006" codeSystem="2.16.840.1.113883.6.96" codeSystemName="SNOMEDCT" codeSystemVersion="2019-09" displayName="Internal capsule hemorrhage (disorder)"/>
                    <ns0:Concept code="73020009" codeSystem="2.16.840.1.113883.6.96" codeSystemName="SNOMEDCT" codeSystemVersion="2019-09" displayName="Cerebral hemisphere hemorrhage (disorder)"/>
                    <ns0:Concept code="75038005" codeSystem="2.16.840.1.113883.6.96" codeSystemName="SNOMEDCT" codeSystemVersion="2019-09" displayName="Cerebellar hemorrhage (disorder)"/>
                    <ns0:Concept code="7713009" codeSystem="2.16.840.1.113883.6.96" codeSystemName="SNOMEDCT" codeSystemVersion="2019-09" displayName="Intrapontine hemorrhage (disorder)"/>
                    <ns0:Concept code="95454007" codeSystem="2.16.840.1.113883.6.96" codeSystemName="SNOMEDCT" codeSystemVersion="2019-09" displayName="Brain stem hemorrhage (disorder)"/>
                    <ns0:Concept code="I60.00" codeSystem="2.16.840.1.113883.6.90" codeSystemName="ICD10CM" codeSystemVersion="2020" displayName="Nontraumatic subarachnoid hemorrhage from unspecified carotid siphon and bifurcation"/>
                    <ns0:Concept code="I60.01" codeSystem="2.16.840.1.113883.6.90" codeSystemName="ICD10CM" codeSystemVersion="2020" displayName="Nontraumatic subarachnoid hemorrhage from right carotid siphon and bifurcation"/>
                    <ns0:Concept code="I60.02" codeSystem="2.16.840.1.113883.6.90" codeSystemName="ICD10CM" codeSystemVersion="2020" displayName="Nontraumatic subarachnoid hemorrhage from left carotid siphon and bifurcation"/>
                    <ns0:Concept code="I60.10" codeSystem="2.16.840.1.113883.6.90" codeSystemName="ICD10CM" codeSystemVersion="2020" displayName="Nontraumatic subarachnoid hemorrhage from unspecified middle cerebral artery"/>
                    <ns0:Concept code="I60.11" codeSystem="2.16.840.1.113883.6.90" codeSystemName="ICD10CM" codeSystemVersion="2020" displayName="Nontraumatic subarachnoid hemorrhage from right middle cerebral artery"/>
                    <ns0:Concept code="I60.12" codeSystem="2.16.840.1.113883.6.90" codeSystemName="ICD10CM" codeSystemVersion="2020" displayName="Nontraumatic subarachnoid hemorrhage from left middle cerebral artery"/>
                    <ns0:Concept code="I60.2" codeSystem="2.16.840.1.113883.6.90" codeSystemName="ICD10CM" codeSystemVersion="2020" displayName="Nontraumatic subarachnoid hemorrhage from anterior communicating artery"/>
                    <ns0:Concept code="I60.30" codeSystem="2.16.840.1.113883.6.90" codeSystemName="ICD10CM" codeSystemVersion="2020" displayName="Nontraumatic subarachnoid hemorrhage from unspecified posterior communicating artery"/>
                    <ns0:Concept code="I60.31" codeSystem="2.16.840.1.113883.6.90" codeSystemName="ICD10CM" codeSystemVersion="2020" displayName="Nontraumatic subarachnoid hemorrhage from right posterior communicating artery"/>
                    <ns0:Concept code="I60.32" codeSystem="2.16.840.1.113883.6.90" codeSystemName="ICD10CM" codeSystemVersion="2020" displayName="Nontraumatic subarachnoid hemorrhage from left posterior communicating artery"/>
                    <ns0:Concept code="I60.4" codeSystem="2.16.840.1.113883.6.90" codeSystemName="ICD10CM" codeSystemVersion="2020" displayName="Nontraumatic subarachnoid hemorrhage from basilar artery"/>
                    <ns0:Concept code="I60.50" codeSystem="2.16.840.1.113883.6.90" codeSystemName="ICD10CM" codeSystemVersion="2020" displayName="Nontraumatic subarachnoid hemorrhage from unspecified vertebral artery"/>
                    <ns0:Concept code="I60.51" codeSystem="2.16.840.1.113883.6.90" codeSystemName="ICD10CM" codeSystemVersion="2020" displayName="Nontraumatic subarachnoid hemorrhage from right vertebral artery"/>
                    <ns0:Concept code="I60.52" codeSystem="2.16.840.1.113883.6.90" codeSystemName="ICD10CM" codeSystemVersion="2020" displayName="Nontraumatic subarachnoid hemorrhage from left vertebral artery"/>
                    <ns0:Concept code="I60.6" codeSystem="2.16.840.1.113883.6.90" codeSystemName="ICD10CM" codeSystemVersion="2020" displayName="Nontraumatic subarachnoid hemorrhage from other intracranial arteries"/>
                    <ns0:Concept code="I60.7" codeSystem="2.16.840.1.113883.6.90" codeSystemName="ICD10CM" codeSystemVersion="2020" displayName="Nontraumatic subarachnoid hemorrhage from unspecified intracranial artery"/>
                    <ns0:Concept code="I60.8" codeSystem="2.16.840.1.113883.6.90" codeSystemName="ICD10CM" codeSystemVersion="2020" displayName="Other nontraumatic subarachnoid hemorrhage"/>
                    <ns0:Concept code="I60.9" codeSystem="2.16.840.1.113883.6.90" codeSystemName="ICD10CM" codeSystemVersion="2020" displayName="Nontraumatic subarachnoid hemorrhage, unspecified"/>
                    <ns0:Concept code="I61.0" codeSystem="2.16.840.1.113883.6.90" codeSystemName="ICD10CM" codeSystemVersion="2020" displayName="Nontraumatic intracerebral hemorrhage in hemisphere, subcortical"/>
                    <ns0:Concept code="I61.1" codeSystem="2.16.840.1.113883.6.90" codeSystemName="ICD10CM" codeSystemVersion="2020" displayName="Nontraumatic intracerebral hemorrhage in hemisphere, cortical"/>
                    <ns0:Concept code="I61.2" codeSystem="2.16.840.1.113883.6.90" codeSystemName="ICD10CM" codeSystemVersion="2020" displayName="Nontraumatic intracerebral hemorrhage in hemisphere, unspecified"/>
                    <ns0:Concept code="I61.3" codeSystem="2.16.840.1.113883.6.90" codeSystemName="ICD10CM" codeSystemVersion="2020" displayName="Nontraumatic intracerebral hemorrhage in brain stem"/>
                    <ns0:Concept code="I61.4" codeSystem="2.16.840.1.113883.6.90" codeSystemName="ICD10CM" codeSystemVersion="2020" displayName="Nontraumatic intracerebral hemorrhage in cerebellum"/>
                    <ns0:Concept code="I61.5" codeSystem="2.16.840.1.113883.6.90" codeSystemName="ICD10CM" codeSystemVersion="2020" displayName="Nontraumatic intracerebral hemorrhage, intraventricular"/>
                    <ns0:Concept code="I61.6" codeSystem="2.16.840.1.113883.6.90" codeSystemName="ICD10CM" codeSystemVersion="2020" displayName="Nontraumatic intracerebral hemorrhage, multiple localized"/>
                    <ns0:Concept code="I61.8" codeSystem="2.16.840.1.113883.6.90" codeSystemName="ICD10CM" codeSystemVersion="2020" displayName="Other nontraumatic intracerebral hemorrhage"/>
                    <ns0:Concept code="I61.9" codeSystem="2.16.840.1.113883.6.90" codeSystemName="ICD10CM" codeSystemVersion="2020" displayName="Nontraumatic intracerebral hemorrhage, unspecified"/>
                </ns0:ConceptList>
                <ns0:Source>The Joint Commission</ns0:Source>
                <ns0:Purpose>(Clinical Focus: This value set grouping contains concepts that represent patients who have had a hemorrhagic stroke, or stroke caused by hemorrhage.),(Data Element Scope: This value set may use the Quality Data Model (QDM) attribute related to Principal Diagnosis. The intent of this data element is to identify patients who have a diagnosis of hemorrhagic stroke, or stroke caused by a hemorrhage. ),(Inclusion Criteria: Includes only relevant concepts associated with a diagnosis of hemorrhagic stroke, or stroke caused by hemorrhage. This is a grouping of ICD-10-CM and SNOMED CT codes.),(Exclusion Criteria: No exclusions.)</ns0:Purpose>
                <ns0:Definition>(2.16.840.1.113883.3.117.1.7.1.234:Hemorrhagic Stroke ICD10CM),(2.16.840.1.113883.3.117.1.7.1.235:Hemorrhagic Stroke SNOMED CT)</ns0:Definition>
                <ns0:Type>Grouping</ns0:Type>
                <ns0:Binding>Dynamic</ns0:Binding>
                <ns0:Status>Active</ns0:Status>
                <ns0:RevisionDate>2017-07-26</ns0:RevisionDate>
            </ns0:DescribedValueSet>
        </ns0:RetrieveMultipleValueSetsResponse>
  recorded_at: Mon, 14 Dec 2020 17:06:56 GMT
- request:
    method: get
    uri: https://vsac.nlm.nih.gov/vsac/svs/RetrieveMultipleValueSets?id=2.16.840.1.113883.3.117.1.7.1.247&profile=Latest%20eCQM&ticket=ST-790590-opPBHBAagaURzcFFm3Ke-cas
    body:
      encoding: US-ASCII
      string: ''
    headers:
      User-Agent:
      - Typhoeus - https://github.com/typhoeus/typhoeus
      Expect:
      - ''
  response:
    status:
      code: 200
      message: ''
    headers:
      Vary:
      - Access-Control-Request-Headers
      - Access-Control-Request-Method
      - Origin
      X-Frame-Options:
      - SAMEORIGIN
      X-Content-Type-Options:
      - nosniff
      X-Xss-Protection:
      - 1; mode=block
      Set-Cookie:
      - JSESSIONID=67CE3B7249F96A0A472A6624CFC8DFD2; Path=/vsac; HttpOnly;Secure
      Cache-Control:
      - no-cache, no-store, max-age=0, must-revalidate
      Pragma:
      - no-cache
      Expires:
      - '0'
      Content-Type:
      - text/xml;charset=utf-8
      Content-Length:
      - '26277'
      Date:
      - Mon, 14 Dec 2020 17:06:56 GMT
      X-Vip-Info:
      - 2607:f220:41e:1016::40:443
      X-Pool-Info:
      - "/Common/vsacweb_p 10.1.5.89 8080"
      Strict-Transport-Security:
      - max-age=31536000; includeSubDomains; preload
    body:
      encoding: UTF-8
      string: |
        <?xml version="1.0" encoding="UTF-8" standalone="yes"?>
        <ns0:RetrieveMultipleValueSetsResponse xmlns:ns0="urn:ihe:iti:svs:2008" xmlns:xsi="http://www.w3.org/2001/XMLSchema-instance">
            <ns0:DescribedValueSet ID="2.16.840.1.113883.3.117.1.7.1.247" displayName="Ischemic Stroke" version="N/A">
                <ns0:ConceptList>
                    <ns0:Concept code="111297002" codeSystem="2.16.840.1.113883.6.96" codeSystemName="SNOMEDCT" codeSystemVersion="2019-09" displayName="Nonparalytic stroke (disorder)"/>
                    <ns0:Concept code="116288000" codeSystem="2.16.840.1.113883.6.96" codeSystemName="SNOMEDCT" codeSystemVersion="2019-09" displayName="Paralytic stroke (disorder)"/>
                    <ns0:Concept code="195185009" codeSystem="2.16.840.1.113883.6.96" codeSystemName="SNOMEDCT" codeSystemVersion="2019-09" displayName="Cerebral infarct due to thrombosis of precerebral arteries (disorder)"/>
                    <ns0:Concept code="195186005" codeSystem="2.16.840.1.113883.6.96" codeSystemName="SNOMEDCT" codeSystemVersion="2019-09" displayName="Cerebral infarction due to embolism of precerebral arteries (disorder)"/>
                    <ns0:Concept code="195189003" codeSystem="2.16.840.1.113883.6.96" codeSystemName="SNOMEDCT" codeSystemVersion="2019-09" displayName="Cerebral infarction due to thrombosis of cerebral arteries (disorder)"/>
                    <ns0:Concept code="195190007" codeSystem="2.16.840.1.113883.6.96" codeSystemName="SNOMEDCT" codeSystemVersion="2019-09" displayName="Cerebral infarction due to embolism of cerebral arteries (disorder)"/>
                    <ns0:Concept code="195212005" codeSystem="2.16.840.1.113883.6.96" codeSystemName="SNOMEDCT" codeSystemVersion="2019-09" displayName="Brainstem stroke syndrome (disorder)"/>
                    <ns0:Concept code="195213000" codeSystem="2.16.840.1.113883.6.96" codeSystemName="SNOMEDCT" codeSystemVersion="2019-09" displayName="Cerebellar stroke syndrome (disorder)"/>
                    <ns0:Concept code="195216008" codeSystem="2.16.840.1.113883.6.96" codeSystemName="SNOMEDCT" codeSystemVersion="2019-09" displayName="Left sided cerebral hemisphere cerebrovascular accident (disorder)"/>
                    <ns0:Concept code="195217004" codeSystem="2.16.840.1.113883.6.96" codeSystemName="SNOMEDCT" codeSystemVersion="2019-09" displayName="Right sided cerebral hemisphere cerebrovascular accident (disorder)"/>
                    <ns0:Concept code="195230003" codeSystem="2.16.840.1.113883.6.96" codeSystemName="SNOMEDCT" codeSystemVersion="2019-09" displayName="Cerebral infarction due to cerebral venous thrombosis, non-pyogenic (disorder)"/>
                    <ns0:Concept code="230690007" codeSystem="2.16.840.1.113883.6.96" codeSystemName="SNOMEDCT" codeSystemVersion="2019-09" displayName="Cerebrovascular accident (disorder)"/>
                    <ns0:Concept code="230691006" codeSystem="2.16.840.1.113883.6.96" codeSystemName="SNOMEDCT" codeSystemVersion="2019-09" displayName="Cerebrovascular accident due to occlusion of cerebral artery (disorder)"/>
                    <ns0:Concept code="230692004" codeSystem="2.16.840.1.113883.6.96" codeSystemName="SNOMEDCT" codeSystemVersion="2019-09" displayName="Infarction - precerebral (disorder)"/>
                    <ns0:Concept code="230693009" codeSystem="2.16.840.1.113883.6.96" codeSystemName="SNOMEDCT" codeSystemVersion="2019-09" displayName="Anterior cerebral circulation infarction (disorder)"/>
                    <ns0:Concept code="230694003" codeSystem="2.16.840.1.113883.6.96" codeSystemName="SNOMEDCT" codeSystemVersion="2019-09" displayName="Total anterior cerebral circulation infarction (disorder)"/>
                    <ns0:Concept code="230695002" codeSystem="2.16.840.1.113883.6.96" codeSystemName="SNOMEDCT" codeSystemVersion="2019-09" displayName="Partial anterior cerebral circulation infarction (disorder)"/>
                    <ns0:Concept code="230696001" codeSystem="2.16.840.1.113883.6.96" codeSystemName="SNOMEDCT" codeSystemVersion="2019-09" displayName="Posterior cerebral circulation infarction (disorder)"/>
                    <ns0:Concept code="230698000" codeSystem="2.16.840.1.113883.6.96" codeSystemName="SNOMEDCT" codeSystemVersion="2019-09" displayName="Lacunar infarction (disorder)"/>
                    <ns0:Concept code="230699008" codeSystem="2.16.840.1.113883.6.96" codeSystemName="SNOMEDCT" codeSystemVersion="2019-09" displayName="Pure motor lacunar infarction (disorder)"/>
                    <ns0:Concept code="230700009" codeSystem="2.16.840.1.113883.6.96" codeSystemName="SNOMEDCT" codeSystemVersion="2019-09" displayName="Pure sensory lacunar infarction (disorder)"/>
                    <ns0:Concept code="230701008" codeSystem="2.16.840.1.113883.6.96" codeSystemName="SNOMEDCT" codeSystemVersion="2019-09" displayName="Pure sensorimotor lacunar infarction (disorder)"/>
                    <ns0:Concept code="307363008" codeSystem="2.16.840.1.113883.6.96" codeSystemName="SNOMEDCT" codeSystemVersion="2019-09" displayName="Multiple lacunar infarcts (disorder)"/>
                    <ns0:Concept code="422504002" codeSystem="2.16.840.1.113883.6.96" codeSystemName="SNOMEDCT" codeSystemVersion="2019-09" displayName="Ischemic stroke (disorder)"/>
                    <ns0:Concept code="426107000" codeSystem="2.16.840.1.113883.6.96" codeSystemName="SNOMEDCT" codeSystemVersion="2019-09" displayName="Acute lacunar infarction (disorder)"/>
                    <ns0:Concept code="I63.00" codeSystem="2.16.840.1.113883.6.90" codeSystemName="ICD10CM" codeSystemVersion="2020" displayName="Cerebral infarction due to thrombosis of unspecified precerebral artery"/>
                    <ns0:Concept code="I63.011" codeSystem="2.16.840.1.113883.6.90" codeSystemName="ICD10CM" codeSystemVersion="2020" displayName="Cerebral infarction due to thrombosis of right vertebral artery"/>
                    <ns0:Concept code="I63.012" codeSystem="2.16.840.1.113883.6.90" codeSystemName="ICD10CM" codeSystemVersion="2020" displayName="Cerebral infarction due to thrombosis of left vertebral artery"/>
                    <ns0:Concept code="I63.013" codeSystem="2.16.840.1.113883.6.90" codeSystemName="ICD10CM" codeSystemVersion="2020" displayName="Cerebral infarction due to thrombosis of bilateral vertebral arteries"/>
                    <ns0:Concept code="I63.019" codeSystem="2.16.840.1.113883.6.90" codeSystemName="ICD10CM" codeSystemVersion="2020" displayName="Cerebral infarction due to thrombosis of unspecified vertebral artery"/>
                    <ns0:Concept code="I63.02" codeSystem="2.16.840.1.113883.6.90" codeSystemName="ICD10CM" codeSystemVersion="2020" displayName="Cerebral infarction due to thrombosis of basilar artery"/>
                    <ns0:Concept code="I63.031" codeSystem="2.16.840.1.113883.6.90" codeSystemName="ICD10CM" codeSystemVersion="2020" displayName="Cerebral infarction due to thrombosis of right carotid artery"/>
                    <ns0:Concept code="I63.032" codeSystem="2.16.840.1.113883.6.90" codeSystemName="ICD10CM" codeSystemVersion="2020" displayName="Cerebral infarction due to thrombosis of left carotid artery"/>
                    <ns0:Concept code="I63.033" codeSystem="2.16.840.1.113883.6.90" codeSystemName="ICD10CM" codeSystemVersion="2020" displayName="Cerebral infarction due to thrombosis of bilateral carotid arteries"/>
                    <ns0:Concept code="I63.039" codeSystem="2.16.840.1.113883.6.90" codeSystemName="ICD10CM" codeSystemVersion="2020" displayName="Cerebral infarction due to thrombosis of unspecified carotid artery"/>
                    <ns0:Concept code="I63.09" codeSystem="2.16.840.1.113883.6.90" codeSystemName="ICD10CM" codeSystemVersion="2020" displayName="Cerebral infarction due to thrombosis of other precerebral artery"/>
                    <ns0:Concept code="I63.10" codeSystem="2.16.840.1.113883.6.90" codeSystemName="ICD10CM" codeSystemVersion="2020" displayName="Cerebral infarction due to embolism of unspecified precerebral artery"/>
                    <ns0:Concept code="I63.111" codeSystem="2.16.840.1.113883.6.90" codeSystemName="ICD10CM" codeSystemVersion="2020" displayName="Cerebral infarction due to embolism of right vertebral artery"/>
                    <ns0:Concept code="I63.112" codeSystem="2.16.840.1.113883.6.90" codeSystemName="ICD10CM" codeSystemVersion="2020" displayName="Cerebral infarction due to embolism of left vertebral artery"/>
                    <ns0:Concept code="I63.113" codeSystem="2.16.840.1.113883.6.90" codeSystemName="ICD10CM" codeSystemVersion="2020" displayName="Cerebral infarction due to embolism of bilateral vertebral arteries"/>
                    <ns0:Concept code="I63.119" codeSystem="2.16.840.1.113883.6.90" codeSystemName="ICD10CM" codeSystemVersion="2020" displayName="Cerebral infarction due to embolism of unspecified vertebral artery"/>
                    <ns0:Concept code="I63.12" codeSystem="2.16.840.1.113883.6.90" codeSystemName="ICD10CM" codeSystemVersion="2020" displayName="Cerebral infarction due to embolism of basilar artery"/>
                    <ns0:Concept code="I63.131" codeSystem="2.16.840.1.113883.6.90" codeSystemName="ICD10CM" codeSystemVersion="2020" displayName="Cerebral infarction due to embolism of right carotid artery"/>
                    <ns0:Concept code="I63.132" codeSystem="2.16.840.1.113883.6.90" codeSystemName="ICD10CM" codeSystemVersion="2020" displayName="Cerebral infarction due to embolism of left carotid artery"/>
                    <ns0:Concept code="I63.133" codeSystem="2.16.840.1.113883.6.90" codeSystemName="ICD10CM" codeSystemVersion="2020" displayName="Cerebral infarction due to embolism of bilateral carotid arteries"/>
                    <ns0:Concept code="I63.139" codeSystem="2.16.840.1.113883.6.90" codeSystemName="ICD10CM" codeSystemVersion="2020" displayName="Cerebral infarction due to embolism of unspecified carotid artery"/>
                    <ns0:Concept code="I63.19" codeSystem="2.16.840.1.113883.6.90" codeSystemName="ICD10CM" codeSystemVersion="2020" displayName="Cerebral infarction due to embolism of other precerebral artery"/>
                    <ns0:Concept code="I63.20" codeSystem="2.16.840.1.113883.6.90" codeSystemName="ICD10CM" codeSystemVersion="2020" displayName="Cerebral infarction due to unspecified occlusion or stenosis of unspecified precerebral arteries"/>
                    <ns0:Concept code="I63.211" codeSystem="2.16.840.1.113883.6.90" codeSystemName="ICD10CM" codeSystemVersion="2020" displayName="Cerebral infarction due to unspecified occlusion or stenosis of right vertebral artery"/>
                    <ns0:Concept code="I63.212" codeSystem="2.16.840.1.113883.6.90" codeSystemName="ICD10CM" codeSystemVersion="2020" displayName="Cerebral infarction due to unspecified occlusion or stenosis of left vertebral artery"/>
                    <ns0:Concept code="I63.213" codeSystem="2.16.840.1.113883.6.90" codeSystemName="ICD10CM" codeSystemVersion="2020" displayName="Cerebral infarction due to unspecified occlusion or stenosis of bilateral vertebral arteries"/>
                    <ns0:Concept code="I63.219" codeSystem="2.16.840.1.113883.6.90" codeSystemName="ICD10CM" codeSystemVersion="2020" displayName="Cerebral infarction due to unspecified occlusion or stenosis of unspecified vertebral artery"/>
                    <ns0:Concept code="I63.22" codeSystem="2.16.840.1.113883.6.90" codeSystemName="ICD10CM" codeSystemVersion="2020" displayName="Cerebral infarction due to unspecified occlusion or stenosis of basilar artery"/>
                    <ns0:Concept code="I63.231" codeSystem="2.16.840.1.113883.6.90" codeSystemName="ICD10CM" codeSystemVersion="2020" displayName="Cerebral infarction due to unspecified occlusion or stenosis of right carotid arteries"/>
                    <ns0:Concept code="I63.232" codeSystem="2.16.840.1.113883.6.90" codeSystemName="ICD10CM" codeSystemVersion="2020" displayName="Cerebral infarction due to unspecified occlusion or stenosis of left carotid arteries"/>
                    <ns0:Concept code="I63.233" codeSystem="2.16.840.1.113883.6.90" codeSystemName="ICD10CM" codeSystemVersion="2020" displayName="Cerebral infarction due to unspecified occlusion or stenosis of bilateral carotid arteries"/>
                    <ns0:Concept code="I63.239" codeSystem="2.16.840.1.113883.6.90" codeSystemName="ICD10CM" codeSystemVersion="2020" displayName="Cerebral infarction due to unspecified occlusion or stenosis of unspecified carotid artery"/>
                    <ns0:Concept code="I63.29" codeSystem="2.16.840.1.113883.6.90" codeSystemName="ICD10CM" codeSystemVersion="2020" displayName="Cerebral infarction due to unspecified occlusion or stenosis of other precerebral arteries"/>
                    <ns0:Concept code="I63.30" codeSystem="2.16.840.1.113883.6.90" codeSystemName="ICD10CM" codeSystemVersion="2020" displayName="Cerebral infarction due to thrombosis of unspecified cerebral artery"/>
                    <ns0:Concept code="I63.311" codeSystem="2.16.840.1.113883.6.90" codeSystemName="ICD10CM" codeSystemVersion="2020" displayName="Cerebral infarction due to thrombosis of right middle cerebral artery"/>
                    <ns0:Concept code="I63.312" codeSystem="2.16.840.1.113883.6.90" codeSystemName="ICD10CM" codeSystemVersion="2020" displayName="Cerebral infarction due to thrombosis of left middle cerebral artery"/>
                    <ns0:Concept code="I63.313" codeSystem="2.16.840.1.113883.6.90" codeSystemName="ICD10CM" codeSystemVersion="2020" displayName="Cerebral infarction due to thrombosis of bilateral middle cerebral arteries"/>
                    <ns0:Concept code="I63.319" codeSystem="2.16.840.1.113883.6.90" codeSystemName="ICD10CM" codeSystemVersion="2020" displayName="Cerebral infarction due to thrombosis of unspecified middle cerebral artery"/>
                    <ns0:Concept code="I63.321" codeSystem="2.16.840.1.113883.6.90" codeSystemName="ICD10CM" codeSystemVersion="2020" displayName="Cerebral infarction due to thrombosis of right anterior cerebral artery"/>
                    <ns0:Concept code="I63.322" codeSystem="2.16.840.1.113883.6.90" codeSystemName="ICD10CM" codeSystemVersion="2020" displayName="Cerebral infarction due to thrombosis of left anterior cerebral artery"/>
                    <ns0:Concept code="I63.323" codeSystem="2.16.840.1.113883.6.90" codeSystemName="ICD10CM" codeSystemVersion="2020" displayName="Cerebral infarction due to thrombosis of bilateral anterior cerebral arteries"/>
                    <ns0:Concept code="I63.329" codeSystem="2.16.840.1.113883.6.90" codeSystemName="ICD10CM" codeSystemVersion="2020" displayName="Cerebral infarction due to thrombosis of unspecified anterior cerebral artery"/>
                    <ns0:Concept code="I63.331" codeSystem="2.16.840.1.113883.6.90" codeSystemName="ICD10CM" codeSystemVersion="2020" displayName="Cerebral infarction due to thrombosis of right posterior cerebral artery"/>
                    <ns0:Concept code="I63.332" codeSystem="2.16.840.1.113883.6.90" codeSystemName="ICD10CM" codeSystemVersion="2020" displayName="Cerebral infarction due to thrombosis of left posterior cerebral artery"/>
                    <ns0:Concept code="I63.333" codeSystem="2.16.840.1.113883.6.90" codeSystemName="ICD10CM" codeSystemVersion="2020" displayName="Cerebral infarction due to thrombosis of bilateral posterior cerebral arteries"/>
                    <ns0:Concept code="I63.339" codeSystem="2.16.840.1.113883.6.90" codeSystemName="ICD10CM" codeSystemVersion="2020" displayName="Cerebral infarction due to thrombosis of unspecified posterior cerebral artery"/>
                    <ns0:Concept code="I63.341" codeSystem="2.16.840.1.113883.6.90" codeSystemName="ICD10CM" codeSystemVersion="2020" displayName="Cerebral infarction due to thrombosis of right cerebellar artery"/>
                    <ns0:Concept code="I63.342" codeSystem="2.16.840.1.113883.6.90" codeSystemName="ICD10CM" codeSystemVersion="2020" displayName="Cerebral infarction due to thrombosis of left cerebellar artery"/>
                    <ns0:Concept code="I63.343" codeSystem="2.16.840.1.113883.6.90" codeSystemName="ICD10CM" codeSystemVersion="2020" displayName="Cerebral infarction due to thrombosis of bilateral cerebellar arteries"/>
                    <ns0:Concept code="I63.349" codeSystem="2.16.840.1.113883.6.90" codeSystemName="ICD10CM" codeSystemVersion="2020" displayName="Cerebral infarction due to thrombosis of unspecified cerebellar artery"/>
                    <ns0:Concept code="I63.39" codeSystem="2.16.840.1.113883.6.90" codeSystemName="ICD10CM" codeSystemVersion="2020" displayName="Cerebral infarction due to thrombosis of other cerebral artery"/>
                    <ns0:Concept code="I63.40" codeSystem="2.16.840.1.113883.6.90" codeSystemName="ICD10CM" codeSystemVersion="2020" displayName="Cerebral infarction due to embolism of unspecified cerebral artery"/>
                    <ns0:Concept code="I63.411" codeSystem="2.16.840.1.113883.6.90" codeSystemName="ICD10CM" codeSystemVersion="2020" displayName="Cerebral infarction due to embolism of right middle cerebral artery"/>
                    <ns0:Concept code="I63.412" codeSystem="2.16.840.1.113883.6.90" codeSystemName="ICD10CM" codeSystemVersion="2020" displayName="Cerebral infarction due to embolism of left middle cerebral artery"/>
                    <ns0:Concept code="I63.413" codeSystem="2.16.840.1.113883.6.90" codeSystemName="ICD10CM" codeSystemVersion="2020" displayName="Cerebral infarction due to embolism of bilateral middle cerebral arteries"/>
                    <ns0:Concept code="I63.419" codeSystem="2.16.840.1.113883.6.90" codeSystemName="ICD10CM" codeSystemVersion="2020" displayName="Cerebral infarction due to embolism of unspecified middle cerebral artery"/>
                    <ns0:Concept code="I63.421" codeSystem="2.16.840.1.113883.6.90" codeSystemName="ICD10CM" codeSystemVersion="2020" displayName="Cerebral infarction due to embolism of right anterior cerebral artery"/>
                    <ns0:Concept code="I63.422" codeSystem="2.16.840.1.113883.6.90" codeSystemName="ICD10CM" codeSystemVersion="2020" displayName="Cerebral infarction due to embolism of left anterior cerebral artery"/>
                    <ns0:Concept code="I63.423" codeSystem="2.16.840.1.113883.6.90" codeSystemName="ICD10CM" codeSystemVersion="2020" displayName="Cerebral infarction due to embolism of bilateral anterior cerebral arteries"/>
                    <ns0:Concept code="I63.429" codeSystem="2.16.840.1.113883.6.90" codeSystemName="ICD10CM" codeSystemVersion="2020" displayName="Cerebral infarction due to embolism of unspecified anterior cerebral artery"/>
                    <ns0:Concept code="I63.431" codeSystem="2.16.840.1.113883.6.90" codeSystemName="ICD10CM" codeSystemVersion="2020" displayName="Cerebral infarction due to embolism of right posterior cerebral artery"/>
                    <ns0:Concept code="I63.432" codeSystem="2.16.840.1.113883.6.90" codeSystemName="ICD10CM" codeSystemVersion="2020" displayName="Cerebral infarction due to embolism of left posterior cerebral artery"/>
                    <ns0:Concept code="I63.433" codeSystem="2.16.840.1.113883.6.90" codeSystemName="ICD10CM" codeSystemVersion="2020" displayName="Cerebral infarction due to embolism of bilateral posterior cerebral arteries"/>
                    <ns0:Concept code="I63.439" codeSystem="2.16.840.1.113883.6.90" codeSystemName="ICD10CM" codeSystemVersion="2020" displayName="Cerebral infarction due to embolism of unspecified posterior cerebral artery"/>
                    <ns0:Concept code="I63.441" codeSystem="2.16.840.1.113883.6.90" codeSystemName="ICD10CM" codeSystemVersion="2020" displayName="Cerebral infarction due to embolism of right cerebellar artery"/>
                    <ns0:Concept code="I63.442" codeSystem="2.16.840.1.113883.6.90" codeSystemName="ICD10CM" codeSystemVersion="2020" displayName="Cerebral infarction due to embolism of left cerebellar artery"/>
                    <ns0:Concept code="I63.443" codeSystem="2.16.840.1.113883.6.90" codeSystemName="ICD10CM" codeSystemVersion="2020" displayName="Cerebral infarction due to embolism of bilateral cerebellar arteries"/>
                    <ns0:Concept code="I63.449" codeSystem="2.16.840.1.113883.6.90" codeSystemName="ICD10CM" codeSystemVersion="2020" displayName="Cerebral infarction due to embolism of unspecified cerebellar artery"/>
                    <ns0:Concept code="I63.49" codeSystem="2.16.840.1.113883.6.90" codeSystemName="ICD10CM" codeSystemVersion="2020" displayName="Cerebral infarction due to embolism of other cerebral artery"/>
                    <ns0:Concept code="I63.50" codeSystem="2.16.840.1.113883.6.90" codeSystemName="ICD10CM" codeSystemVersion="2020" displayName="Cerebral infarction due to unspecified occlusion or stenosis of unspecified cerebral artery"/>
                    <ns0:Concept code="I63.511" codeSystem="2.16.840.1.113883.6.90" codeSystemName="ICD10CM" codeSystemVersion="2020" displayName="Cerebral infarction due to unspecified occlusion or stenosis of right middle cerebral artery"/>
                    <ns0:Concept code="I63.512" codeSystem="2.16.840.1.113883.6.90" codeSystemName="ICD10CM" codeSystemVersion="2020" displayName="Cerebral infarction due to unspecified occlusion or stenosis of left middle cerebral artery"/>
                    <ns0:Concept code="I63.513" codeSystem="2.16.840.1.113883.6.90" codeSystemName="ICD10CM" codeSystemVersion="2020" displayName="Cerebral infarction due to unspecified occlusion or stenosis of bilateral middle cerebral arteries"/>
                    <ns0:Concept code="I63.519" codeSystem="2.16.840.1.113883.6.90" codeSystemName="ICD10CM" codeSystemVersion="2020" displayName="Cerebral infarction due to unspecified occlusion or stenosis of unspecified middle cerebral artery"/>
                    <ns0:Concept code="I63.521" codeSystem="2.16.840.1.113883.6.90" codeSystemName="ICD10CM" codeSystemVersion="2020" displayName="Cerebral infarction due to unspecified occlusion or stenosis of right anterior cerebral artery"/>
                    <ns0:Concept code="I63.522" codeSystem="2.16.840.1.113883.6.90" codeSystemName="ICD10CM" codeSystemVersion="2020" displayName="Cerebral infarction due to unspecified occlusion or stenosis of left anterior cerebral artery"/>
                    <ns0:Concept code="I63.523" codeSystem="2.16.840.1.113883.6.90" codeSystemName="ICD10CM" codeSystemVersion="2020" displayName="Cerebral infarction due to unspecified occlusion or stenosis of bilateral anterior cerebral arteries"/>
                    <ns0:Concept code="I63.529" codeSystem="2.16.840.1.113883.6.90" codeSystemName="ICD10CM" codeSystemVersion="2020" displayName="Cerebral infarction due to unspecified occlusion or stenosis of unspecified anterior cerebral artery"/>
                    <ns0:Concept code="I63.531" codeSystem="2.16.840.1.113883.6.90" codeSystemName="ICD10CM" codeSystemVersion="2020" displayName="Cerebral infarction due to unspecified occlusion or stenosis of right posterior cerebral artery"/>
                    <ns0:Concept code="I63.532" codeSystem="2.16.840.1.113883.6.90" codeSystemName="ICD10CM" codeSystemVersion="2020" displayName="Cerebral infarction due to unspecified occlusion or stenosis of left posterior cerebral artery"/>
                    <ns0:Concept code="I63.533" codeSystem="2.16.840.1.113883.6.90" codeSystemName="ICD10CM" codeSystemVersion="2020" displayName="Cerebral infarction due to unspecified occlusion or stenosis of bilateral posterior cerebral arteries"/>
                    <ns0:Concept code="I63.539" codeSystem="2.16.840.1.113883.6.90" codeSystemName="ICD10CM" codeSystemVersion="2020" displayName="Cerebral infarction due to unspecified occlusion or stenosis of unspecified posterior cerebral artery"/>
                    <ns0:Concept code="I63.541" codeSystem="2.16.840.1.113883.6.90" codeSystemName="ICD10CM" codeSystemVersion="2020" displayName="Cerebral infarction due to unspecified occlusion or stenosis of right cerebellar artery"/>
                    <ns0:Concept code="I63.542" codeSystem="2.16.840.1.113883.6.90" codeSystemName="ICD10CM" codeSystemVersion="2020" displayName="Cerebral infarction due to unspecified occlusion or stenosis of left cerebellar artery"/>
                    <ns0:Concept code="I63.543" codeSystem="2.16.840.1.113883.6.90" codeSystemName="ICD10CM" codeSystemVersion="2020" displayName="Cerebral infarction due to unspecified occlusion or stenosis of bilateral cerebellar arteries"/>
                    <ns0:Concept code="I63.549" codeSystem="2.16.840.1.113883.6.90" codeSystemName="ICD10CM" codeSystemVersion="2020" displayName="Cerebral infarction due to unspecified occlusion or stenosis of unspecified cerebellar artery"/>
                    <ns0:Concept code="I63.59" codeSystem="2.16.840.1.113883.6.90" codeSystemName="ICD10CM" codeSystemVersion="2020" displayName="Cerebral infarction due to unspecified occlusion or stenosis of other cerebral artery"/>
                    <ns0:Concept code="I63.6" codeSystem="2.16.840.1.113883.6.90" codeSystemName="ICD10CM" codeSystemVersion="2020" displayName="Cerebral infarction due to cerebral venous thrombosis, nonpyogenic"/>
                    <ns0:Concept code="I63.81" codeSystem="2.16.840.1.113883.6.90" codeSystemName="ICD10CM" codeSystemVersion="2020" displayName="Other cerebral infarction due to occlusion or stenosis of small artery"/>
                    <ns0:Concept code="I63.89" codeSystem="2.16.840.1.113883.6.90" codeSystemName="ICD10CM" codeSystemVersion="2020" displayName="Other cerebral infarction"/>
                    <ns0:Concept code="I63.9" codeSystem="2.16.840.1.113883.6.90" codeSystemName="ICD10CM" codeSystemVersion="2020" displayName="Cerebral infarction, unspecified"/>
                </ns0:ConceptList>
                <ns0:Source>The Joint Commission</ns0:Source>
                <ns0:Purpose>(Clinical Focus: This value set grouping contains concepts that represent patients who have had a stroke caused by ischemia, where the blood supply is restricted to an area of the brain by something like thrombosis or an embolism.),(Data Element Scope: This value set may use the Quality Data Model (QDM) category or attribute related to Diagnosis. The intent of this data element is to identify patients who have a diagnosis of ischemic stroke, or stroke caused by ischemia.),(Inclusion Criteria: Includes only relevant concepts associated with a diagnosis of ischemic stroke, or stroke caused by ischemia. This is a grouping of ICD-10-CM and SNOMED CT codes and concepts.),(Exclusion Criteria: No exclusions.)</ns0:Purpose>
                <ns0:Definition>(2.16.840.1.113883.3.117.1.7.1.251:Ischemic Stroke ICD10CM),(2.16.840.1.113883.3.117.1.7.1.252:Ischemic Stroke SNOMED CT)</ns0:Definition>
                <ns0:Type>Grouping</ns0:Type>
                <ns0:Binding>Dynamic</ns0:Binding>
                <ns0:Status>Active</ns0:Status>
                <ns0:RevisionDate>2017-07-26</ns0:RevisionDate>
            </ns0:DescribedValueSet>
        </ns0:RetrieveMultipleValueSetsResponse>
  recorded_at: Mon, 14 Dec 2020 17:06:57 GMT
- request:
    method: get
    uri: https://vsac.nlm.nih.gov/vsac/svs/RetrieveMultipleValueSets?id=2.16.840.1.113883.3.117.1.7.1.308&profile=Latest%20eCQM&ticket=ST-790597-9qAEtyil9wjFrEAVZdCm-cas
    body:
      encoding: US-ASCII
      string: ''
    headers:
      User-Agent:
      - Typhoeus - https://github.com/typhoeus/typhoeus
      Expect:
      - ''
  response:
    status:
      code: 200
      message: ''
    headers:
      Vary:
      - Access-Control-Request-Headers
      - Access-Control-Request-Method
      - Origin
      X-Frame-Options:
      - SAMEORIGIN
      X-Content-Type-Options:
      - nosniff
      X-Xss-Protection:
      - 1; mode=block
      Set-Cookie:
      - JSESSIONID=D68E15F211B41B185242A4CEBE1BE355; Path=/vsac; HttpOnly;Secure
      Cache-Control:
      - no-cache, no-store, max-age=0, must-revalidate
      Pragma:
      - no-cache
      Expires:
      - '0'
      Content-Type:
      - text/xml;charset=utf-8
      Content-Length:
      - '1539'
      Date:
      - Mon, 14 Dec 2020 17:06:57 GMT
      X-Vip-Info:
      - 2607:f220:41e:1016::40:443
      X-Pool-Info:
      - "/Common/vsacweb_p 10.1.5.89 8080"
      Strict-Transport-Security:
      - max-age=31536000; includeSubDomains; preload
    body:
      encoding: UTF-8
      string: |
        <?xml version="1.0" encoding="UTF-8" standalone="yes"?>
        <ns0:RetrieveMultipleValueSetsResponse xmlns:ns0="urn:ihe:iti:svs:2008" xmlns:xsi="http://www.w3.org/2001/XMLSchema-instance">
            <ns0:DescribedValueSet ID="2.16.840.1.113883.3.117.1.7.1.308" displayName="Left Against Medical Advice" version="N/A">
                <ns0:ConceptList>
                    <ns0:Concept code="445060000" codeSystem="2.16.840.1.113883.6.96" codeSystemName="SNOMEDCT" codeSystemVersion="2019-09" displayName="Left against medical advice (finding)"/>
                </ns0:ConceptList>
                <ns0:Source>The Joint Commission</ns0:Source>
                <ns0:Purpose>(Clinical Focus: This value set contains concepts that represent a patient leaving against medical advice.),(Data Element Scope: This value set may use the Quality Data Model (QDM) attribute related to Discharge disposition. The intent of this data element is to identify the final place or setting to which the patient was discharged on the day of discharge from a particular inpatient encounter. This particular value set intends to identify patients who left against medical advice.),(Inclusion Criteria: Includes only relevant concepts associated with SNOMED CT codes representing leaving against medical advice.),(Exclusion Criteria: No exclusions.)</ns0:Purpose>
                <ns0:Type>Extensional</ns0:Type>
                <ns0:Binding>Dynamic</ns0:Binding>
                <ns0:Status>Active</ns0:Status>
                <ns0:RevisionDate>2017-07-26</ns0:RevisionDate>
            </ns0:DescribedValueSet>
        </ns0:RetrieveMultipleValueSetsResponse>
  recorded_at: Mon, 14 Dec 2020 17:06:57 GMT
- request:
    method: get
    uri: https://vsac.nlm.nih.gov/vsac/svs/RetrieveMultipleValueSets?id=2.16.840.1.113883.3.117.1.7.1.473&profile=Latest%20eCQM&ticket=ST-790604-r6JtlTxP3BZL9wdQgyaF-cas
    body:
      encoding: US-ASCII
      string: ''
    headers:
      User-Agent:
      - Typhoeus - https://github.com/typhoeus/typhoeus
      Expect:
      - ''
  response:
    status:
      code: 200
      message: ''
    headers:
      Vary:
      - Access-Control-Request-Headers
      - Access-Control-Request-Method
      - Origin
      X-Frame-Options:
      - SAMEORIGIN
      X-Content-Type-Options:
      - nosniff
      X-Xss-Protection:
      - 1; mode=block
      Set-Cookie:
      - JSESSIONID=4BFB490C3096EC809E9E8489485E4C82; Path=/vsac; HttpOnly;Secure
      Cache-Control:
      - no-cache, no-store, max-age=0, must-revalidate
      Pragma:
      - no-cache
      Expires:
      - '0'
      Content-Type:
      - text/xml;charset=utf-8
      Content-Length:
      - '4536'
      Date:
      - Mon, 14 Dec 2020 17:06:57 GMT
      X-Vip-Info:
      - 2607:f220:41e:1016::40:443
      X-Pool-Info:
      - "/Common/vsacweb_p 10.1.5.89 8080"
      Strict-Transport-Security:
      - max-age=31536000; includeSubDomains; preload
    body:
      encoding: UTF-8
      string: |
        <?xml version="1.0" encoding="UTF-8" standalone="yes"?>
        <ns0:RetrieveMultipleValueSetsResponse xmlns:ns0="urn:ihe:iti:svs:2008" xmlns:xsi="http://www.w3.org/2001/XMLSchema-instance">
            <ns0:DescribedValueSet ID="2.16.840.1.113883.3.117.1.7.1.473" displayName="Medical Reason" version="N/A">
                <ns0:ConceptList>
                    <ns0:Concept code="183932001" codeSystem="2.16.840.1.113883.6.96" codeSystemName="SNOMEDCT" codeSystemVersion="2019-09" displayName="Procedure contraindicated (situation)"/>
                    <ns0:Concept code="183964008" codeSystem="2.16.840.1.113883.6.96" codeSystemName="SNOMEDCT" codeSystemVersion="2019-09" displayName="Treatment not indicated (situation)"/>
                    <ns0:Concept code="183966005" codeSystem="2.16.840.1.113883.6.96" codeSystemName="SNOMEDCT" codeSystemVersion="2019-09" displayName="Drug treatment not indicated (situation)"/>
                    <ns0:Concept code="266721009" codeSystem="2.16.840.1.113883.6.96" codeSystemName="SNOMEDCT" codeSystemVersion="2019-09" displayName="Absent response to treatment (situation)"/>
                    <ns0:Concept code="31438003" codeSystem="2.16.840.1.113883.6.96" codeSystemName="SNOMEDCT" codeSystemVersion="2019-09" displayName="Drug resistance (disorder)"/>
                    <ns0:Concept code="35688006" codeSystem="2.16.840.1.113883.6.96" codeSystemName="SNOMEDCT" codeSystemVersion="2019-09" displayName="Complication of medical care (disorder)"/>
                    <ns0:Concept code="397745006" codeSystem="2.16.840.1.113883.6.96" codeSystemName="SNOMEDCT" codeSystemVersion="2019-09" displayName="Medical contraindication (finding)"/>
                    <ns0:Concept code="407563006" codeSystem="2.16.840.1.113883.6.96" codeSystemName="SNOMEDCT" codeSystemVersion="2019-09" displayName="Treatment not tolerated (situation)"/>
                    <ns0:Concept code="410529002" codeSystem="2.16.840.1.113883.6.96" codeSystemName="SNOMEDCT" codeSystemVersion="2019-09" displayName="Not needed (qualifier value)"/>
                    <ns0:Concept code="410534003" codeSystem="2.16.840.1.113883.6.96" codeSystemName="SNOMEDCT" codeSystemVersion="2019-09" displayName="Not indicated (qualifier value)"/>
                    <ns0:Concept code="410536001" codeSystem="2.16.840.1.113883.6.96" codeSystemName="SNOMEDCT" codeSystemVersion="2019-09" displayName="Contraindicated (qualifier value)"/>
                    <ns0:Concept code="416098002" codeSystem="2.16.840.1.113883.6.96" codeSystemName="SNOMEDCT" codeSystemVersion="2019-09" displayName="Allergy to drug (finding)"/>
                    <ns0:Concept code="419511003" codeSystem="2.16.840.1.113883.6.96" codeSystemName="SNOMEDCT" codeSystemVersion="2019-09" displayName="Propensity to adverse reactions to drug (finding)"/>
                    <ns0:Concept code="428024001" codeSystem="2.16.840.1.113883.6.96" codeSystemName="SNOMEDCT" codeSystemVersion="2019-09" displayName="Clinical trial participant (person)"/>
                    <ns0:Concept code="428119001" codeSystem="2.16.840.1.113883.6.96" codeSystemName="SNOMEDCT" codeSystemVersion="2019-09" displayName="Procedure not indicated (situation)"/>
                    <ns0:Concept code="59037007" codeSystem="2.16.840.1.113883.6.96" codeSystemName="SNOMEDCT" codeSystemVersion="2019-09" displayName="Intolerance to drug (finding)"/>
                    <ns0:Concept code="62014003" codeSystem="2.16.840.1.113883.6.96" codeSystemName="SNOMEDCT" codeSystemVersion="2019-09" displayName="Adverse reaction caused by drug (disorder)"/>
                    <ns0:Concept code="79899007" codeSystem="2.16.840.1.113883.6.96" codeSystemName="SNOMEDCT" codeSystemVersion="2019-09" displayName="Drug interaction (finding)"/>
                </ns0:ConceptList>
                <ns0:Source>The Joint Commission</ns0:Source>
                <ns0:Purpose>(Clinical Focus: This value set contains concepts that represent situations that represent medical reasons for not providing treatment.),(Data Element Scope: This value set may use the Quality Data Model (QDM) attribute related to Negation Rationale or Reason. The intent of this data element is to identify medical reasons for not providing treatment. ),(Inclusion Criteria: Includes only relevant concepts associated with SNOMED CT codes representing medical reasons for not providing treatment should be included.),(Exclusion Criteria: No exclusions.)</ns0:Purpose>
                <ns0:Type>Extensional</ns0:Type>
                <ns0:Binding>Dynamic</ns0:Binding>
                <ns0:Status>Active</ns0:Status>
                <ns0:RevisionDate>2017-07-26</ns0:RevisionDate>
            </ns0:DescribedValueSet>
        </ns0:RetrieveMultipleValueSetsResponse>
  recorded_at: Mon, 14 Dec 2020 17:06:57 GMT
- request:
    method: get
    uri: https://vsac.nlm.nih.gov/vsac/svs/RetrieveMultipleValueSets?id=2.16.840.1.113883.3.117.1.7.1.424&profile=Latest%20eCQM&ticket=ST-790592-Jc6slre5x0u2P27SKrpF-cas
    body:
      encoding: US-ASCII
      string: ''
    headers:
      User-Agent:
      - Typhoeus - https://github.com/typhoeus/typhoeus
      Expect:
      - ''
  response:
    status:
      code: 200
      message: ''
    headers:
      Vary:
      - Access-Control-Request-Headers
      - Access-Control-Request-Method
      - Origin
      X-Frame-Options:
      - SAMEORIGIN
      X-Content-Type-Options:
      - nosniff
      X-Xss-Protection:
      - 1; mode=block
      Set-Cookie:
      - JSESSIONID=BAF9A4764E83476EFA1F3CAF3D0FF91C; Path=/vsac; HttpOnly;Secure
      Cache-Control:
      - no-cache, no-store, max-age=0, must-revalidate
      Pragma:
      - no-cache
      Expires:
      - '0'
      Content-Type:
      - text/xml;charset=utf-8
      Content-Length:
      - '1545'
      Date:
      - Mon, 14 Dec 2020 17:06:57 GMT
      X-Vip-Info:
      - 2607:f220:41e:1016::40:443
      X-Pool-Info:
      - "/Common/vsacweb_p 10.1.5.89 8080"
      Strict-Transport-Security:
      - max-age=31536000; includeSubDomains; preload
    body:
      encoding: UTF-8
      string: |
        <?xml version="1.0" encoding="UTF-8" standalone="yes"?>
        <ns0:RetrieveMultipleValueSetsResponse xmlns:ns0="urn:ihe:iti:svs:2008" xmlns:xsi="http://www.w3.org/2001/XMLSchema-instance">
            <ns0:DescribedValueSet ID="2.16.840.1.113883.3.117.1.7.1.424" displayName="Non-Elective Inpatient Encounter" version="N/A">
                <ns0:ConceptList>
                    <ns0:Concept code="183452005" codeSystem="2.16.840.1.113883.6.96" codeSystemName="SNOMEDCT" codeSystemVersion="2019-09" displayName="Emergency hospital admission (procedure)"/>
                    <ns0:Concept code="32485007" codeSystem="2.16.840.1.113883.6.96" codeSystemName="SNOMEDCT" codeSystemVersion="2019-09" displayName="Hospital admission (procedure)"/>
                </ns0:ConceptList>
                <ns0:Source>The Joint Commission</ns0:Source>
                <ns0:Purpose>(Clinical Focus: This value set contains concepts that represent procedures for non-elective inpatient encounters.),(Data Element Scope: This value set may use the Quality Data Model (QDM) category related to Encounter. The intent of this data element is to identify non-elective inpatient encounters. ),(Inclusion Criteria: Includes only relevant concepts associated with SNOMED CT codes representing non-elective inpatient encounters.),(Exclusion Criteria: No exclusions.)</ns0:Purpose>
                <ns0:Type>Extensional</ns0:Type>
                <ns0:Binding>Dynamic</ns0:Binding>
                <ns0:Status>Active</ns0:Status>
                <ns0:RevisionDate>2017-07-26</ns0:RevisionDate>
            </ns0:DescribedValueSet>
        </ns0:RetrieveMultipleValueSetsResponse>
  recorded_at: Mon, 14 Dec 2020 17:06:58 GMT
- request:
    method: get
    uri: https://vsac.nlm.nih.gov/vsac/svs/RetrieveMultipleValueSets?id=2.16.840.1.113762.1.4.1111.143&profile=Latest%20eCQM&ticket=ST-790602-4yZYjLZNd9hmaoRSzHQ1-cas
    body:
      encoding: US-ASCII
      string: ''
    headers:
      User-Agent:
      - Typhoeus - https://github.com/typhoeus/typhoeus
      Expect:
      - ''
  response:
    status:
      code: 200
      message: ''
    headers:
      Vary:
      - Access-Control-Request-Headers
      - Access-Control-Request-Method
      - Origin
      X-Frame-Options:
      - SAMEORIGIN
      X-Content-Type-Options:
      - nosniff
      X-Xss-Protection:
      - 1; mode=block
      Set-Cookie:
      - JSESSIONID=CDC508419E57F746B818D442977CECEB; Path=/vsac; HttpOnly;Secure
      Cache-Control:
      - no-cache, no-store, max-age=0, must-revalidate
      Pragma:
      - no-cache
      Expires:
      - '0'
      Content-Type:
      - text/xml;charset=utf-8
      Content-Length:
      - '1337'
      Date:
      - Mon, 14 Dec 2020 17:06:57 GMT
      X-Vip-Info:
      - 2607:f220:41e:1016::40:443
      X-Pool-Info:
      - "/Common/vsacweb_p 10.1.5.89 8080"
      Strict-Transport-Security:
      - max-age=31536000; includeSubDomains; preload
    body:
      encoding: UTF-8
      string: |
        <?xml version="1.0" encoding="UTF-8" standalone="yes"?>
        <ns0:RetrieveMultipleValueSetsResponse xmlns:ns0="urn:ihe:iti:svs:2008" xmlns:xsi="http://www.w3.org/2001/XMLSchema-instance">
            <ns0:DescribedValueSet ID="2.16.840.1.113762.1.4.1111.143" displayName="Observation Services" version="N/A">
                <ns0:ConceptList>
                    <ns0:Concept code="448951000124107" codeSystem="2.16.840.1.113883.6.96" codeSystemName="SNOMEDCT" codeSystemVersion="2019-09" displayName="Admission to observation unit (procedure)"/>
                </ns0:ConceptList>
                <ns0:Source>The Joint Commission</ns0:Source>
                <ns0:Purpose>(Clinical Focus: This value set contains concepts that represent observation encounter types.),(Data Element Scope: This value set may use the Quality Data Model (QDM) category related to Encounter. The intent of this data element is to identify patients who have had an observation encounter. ),(Inclusion Criteria: Includes only relevant concepts associated with SNOMED CT codes representing inpatient encounter.),(Exclusion Criteria: No exclusions.)</ns0:Purpose>
                <ns0:Type>Extensional</ns0:Type>
                <ns0:Binding>Dynamic</ns0:Binding>
                <ns0:Status>Active</ns0:Status>
                <ns0:RevisionDate>2020-03-05</ns0:RevisionDate>
            </ns0:DescribedValueSet>
        </ns0:RetrieveMultipleValueSetsResponse>
  recorded_at: Mon, 14 Dec 2020 17:06:58 GMT
- request:
    method: get
    uri: https://vsac.nlm.nih.gov/vsac/svs/RetrieveMultipleValueSets?id=2.16.840.1.113762.1.4.1&profile=Latest%20eCQM&ticket=ST-790605-f9H9GL9nbfProh6UFFdl-cas
    body:
      encoding: US-ASCII
      string: ''
    headers:
      User-Agent:
      - Typhoeus - https://github.com/typhoeus/typhoeus
      Expect:
      - ''
  response:
    status:
      code: 200
      message: ''
    headers:
      Vary:
      - Access-Control-Request-Headers
      - Access-Control-Request-Method
      - Origin
      X-Frame-Options:
      - SAMEORIGIN
      X-Content-Type-Options:
      - nosniff
      X-Xss-Protection:
      - 1; mode=block
      Set-Cookie:
      - JSESSIONID=4A25F34585CC7BB60366483255CEDB22; Path=/vsac; HttpOnly;Secure
      Cache-Control:
      - no-cache, no-store, max-age=0, must-revalidate
      Pragma:
      - no-cache
      Expires:
      - '0'
      Content-Type:
      - text/xml;charset=utf-8
      Content-Length:
      - '1356'
      Date:
      - Mon, 14 Dec 2020 17:06:58 GMT
      X-Vip-Info:
      - 2607:f220:41e:1016::40:443
      X-Pool-Info:
      - "/Common/vsacweb_p 10.1.5.89 8080"
      Strict-Transport-Security:
      - max-age=31536000; includeSubDomains; preload
    body:
      encoding: UTF-8
      string: |
        <?xml version="1.0" encoding="UTF-8" standalone="yes"?>
        <ns0:RetrieveMultipleValueSetsResponse xmlns:ns0="urn:ihe:iti:svs:2008" xmlns:xsi="http://www.w3.org/2001/XMLSchema-instance">
            <ns0:DescribedValueSet ID="2.16.840.1.113762.1.4.1" displayName="ONC Administrative Sex" version="N/A">
                <ns0:ConceptList>
                    <ns0:Concept code="F" codeSystem="2.16.840.1.113883.5.1" codeSystemName="AdministrativeGender" codeSystemVersion="HL7V3.0_2019-12" displayName="Female"/>
                    <ns0:Concept code="M" codeSystem="2.16.840.1.113883.5.1" codeSystemName="AdministrativeGender" codeSystemVersion="HL7V3.0_2019-12" displayName="Male"/>
                </ns0:ConceptList>
                <ns0:Source>Office of the National Coordinator for Health Information Technology</ns0:Source>
                <ns0:Purpose>(Clinical Focus: Gender identity restricted to only Male and Female used in administrative situations requiring a restriction to these two categories.),(Data Element Scope: Gender),(Inclusion Criteria: Male and Female only.),(Exclusion Criteria: Any gender identity that is not male or female.)</ns0:Purpose>
                <ns0:Type>Extensional</ns0:Type>
                <ns0:Binding>Dynamic</ns0:Binding>
                <ns0:Status>Active</ns0:Status>
                <ns0:RevisionDate>2015-03-31</ns0:RevisionDate>
            </ns0:DescribedValueSet>
        </ns0:RetrieveMultipleValueSetsResponse>
  recorded_at: Mon, 14 Dec 2020 17:06:58 GMT
- request:
    method: get
    uri: https://vsac.nlm.nih.gov/vsac/svs/RetrieveMultipleValueSets?id=2.16.840.1.113883.3.117.1.7.1.309&profile=Latest%20eCQM&ticket=ST-790599-OLAjWoLoU2hR9Jk245yF-cas
    body:
      encoding: US-ASCII
      string: ''
    headers:
      User-Agent:
      - Typhoeus - https://github.com/typhoeus/typhoeus
      Expect:
      - ''
  response:
    status:
      code: 200
      message: ''
    headers:
      Vary:
      - Access-Control-Request-Headers
      - Access-Control-Request-Method
      - Origin
      X-Frame-Options:
      - SAMEORIGIN
      X-Content-Type-Options:
      - nosniff
      X-Xss-Protection:
      - 1; mode=block
      Set-Cookie:
      - JSESSIONID=960EDD6D022F5E6821729B12025D55BA; Path=/vsac; HttpOnly;Secure
      Cache-Control:
      - no-cache, no-store, max-age=0, must-revalidate
      Pragma:
      - no-cache
      Expires:
      - '0'
      Content-Type:
      - text/xml;charset=utf-8
      Content-Length:
      - '1455'
      Date:
      - Mon, 14 Dec 2020 17:06:58 GMT
      X-Vip-Info:
      - 2607:f220:41e:1016::40:443
      X-Pool-Info:
      - "/Common/vsacweb_p 10.1.5.89 8080"
      Strict-Transport-Security:
      - max-age=31536000; includeSubDomains; preload
    body:
      encoding: UTF-8
      string: |
        <?xml version="1.0" encoding="UTF-8" standalone="yes"?>
        <ns0:RetrieveMultipleValueSetsResponse xmlns:ns0="urn:ihe:iti:svs:2008" xmlns:xsi="http://www.w3.org/2001/XMLSchema-instance">
            <ns0:DescribedValueSet ID="2.16.840.1.113883.3.117.1.7.1.309" displayName="Patient Expired" version="N/A">
                <ns0:ConceptList>
                    <ns0:Concept code="371828006" codeSystem="2.16.840.1.113883.6.96" codeSystemName="SNOMEDCT" codeSystemVersion="2019-09" displayName="Patient deceased during stay (discharge status = dead) (finding)"/>
                </ns0:ConceptList>
                <ns0:Source>The Joint Commission</ns0:Source>
                <ns0:Purpose>(Clinical Focus: This value set contains concepts that represent a patient who has died in the hospital.),(Data Element Scope: This value set may use the Quality Data Model (QDM) attribute related to Discharge Disposition. The intent of this data element is to identify the discharge status of patient expired as an attribute of the inpatient encounter. ),(Inclusion Criteria: Includes only relevant concepts associated with codes for a patient who had died in the hospital. Codes used are to be SNOMED CT codes only.),(Exclusion Criteria: No exclusions.)</ns0:Purpose>
                <ns0:Type>Extensional</ns0:Type>
                <ns0:Binding>Dynamic</ns0:Binding>
                <ns0:Status>Active</ns0:Status>
                <ns0:RevisionDate>2017-07-26</ns0:RevisionDate>
            </ns0:DescribedValueSet>
        </ns0:RetrieveMultipleValueSetsResponse>
  recorded_at: Mon, 14 Dec 2020 17:06:58 GMT
- request:
    method: get
    uri: https://vsac.nlm.nih.gov/vsac/svs/RetrieveMultipleValueSets?id=2.16.840.1.113883.3.117.1.7.1.93&profile=Latest%20eCQM&ticket=ST-790598-2HBW1e45O4HgzMcUWTlU-cas
    body:
      encoding: US-ASCII
      string: ''
    headers:
      User-Agent:
      - Typhoeus - https://github.com/typhoeus/typhoeus
      Expect:
      - ''
  response:
    status:
      code: 200
      message: ''
    headers:
      Vary:
      - Access-Control-Request-Headers
      - Access-Control-Request-Method
      - Origin
      X-Frame-Options:
      - SAMEORIGIN
      X-Content-Type-Options:
      - nosniff
      X-Xss-Protection:
      - 1; mode=block
      Set-Cookie:
      - JSESSIONID=F8B15F1A5DDD4B88544E04725CB34555; Path=/vsac; HttpOnly;Secure
      Cache-Control:
      - no-cache, no-store, max-age=0, must-revalidate
      Pragma:
      - no-cache
      Expires:
      - '0'
      Content-Type:
      - text/xml;charset=utf-8
      Content-Length:
      - '5278'
      Date:
      - Mon, 14 Dec 2020 17:06:58 GMT
      X-Vip-Info:
      - 2607:f220:41e:1016::40:443
      X-Pool-Info:
      - "/Common/vsacweb_p 10.1.5.89 8080"
      Strict-Transport-Security:
      - max-age=31536000; includeSubDomains; preload
    body:
      encoding: ASCII-8BIT
      string: !binary |-
        PD94bWwgdmVyc2lvbj0iMS4wIiBlbmNvZGluZz0iVVRGLTgiIHN0YW5kYWxvbmU9InllcyI/Pgo8bnMwOlJldHJpZXZlTXVsdGlwbGVWYWx1ZVNldHNSZXNwb25zZSB4bWxuczpuczA9InVybjppaGU6aXRpOnN2czoyMDA4IiB4bWxuczp4c2k9Imh0dHA6Ly93d3cudzMub3JnLzIwMDEvWE1MU2NoZW1hLWluc3RhbmNlIj4KICAgIDxuczA6RGVzY3JpYmVkVmFsdWVTZXQgSUQ9IjIuMTYuODQwLjEuMTEzODgzLjMuMTE3LjEuNy4xLjkzIiBkaXNwbGF5TmFtZT0iUGF0aWVudCBSZWZ1c2FsIiB2ZXJzaW9uPSJOL0EiPgogICAgICAgIDxuczA6Q29uY2VwdExpc3Q+CiAgICAgICAgICAgIDxuczA6Q29uY2VwdCBjb2RlPSIxMDU0ODAwMDYiIGNvZGVTeXN0ZW09IjIuMTYuODQwLjEuMTEzODgzLjYuOTYiIGNvZGVTeXN0ZW1OYW1lPSJTTk9NRURDVCIgY29kZVN5c3RlbVZlcnNpb249IjIwMTktMDkiIGRpc3BsYXlOYW1lPSJSZWZ1c2FsIG9mIHRyZWF0bWVudCBieSBwYXRpZW50IChzaXR1YXRpb24pIi8+CiAgICAgICAgICAgIDxuczA6Q29uY2VwdCBjb2RlPSIxODI4OTAwMDIiIGNvZGVTeXN0ZW09IjIuMTYuODQwLjEuMTEzODgzLjYuOTYiIGNvZGVTeXN0ZW1OYW1lPSJTTk9NRURDVCIgY29kZVN5c3RlbVZlcnNpb249IjIwMTktMDkiIGRpc3BsYXlOYW1lPSJQYXRpZW50IHJlcXVlc3RzIGFsdGVybmF0aXZlIHRyZWF0bWVudCAoZmluZGluZykiLz4KICAgICAgICAgICAgPG5zMDpDb25jZXB0IGNvZGU9IjE4Mjg5NTAwNyIgY29kZVN5c3RlbT0iMi4xNi44NDAuMS4xMTM4ODMuNi45NiIgY29kZVN5c3RlbU5hbWU9IlNOT01FRENUIiBjb2RlU3lzdGVtVmVyc2lvbj0iMjAxOS0wOSIgZGlzcGxheU5hbWU9IkRydWcgZGVjbGluZWQgYnkgcGF0aWVudCAoc2l0dWF0aW9uKSIvPgogICAgICAgICAgICA8bnMwOkNvbmNlcHQgY29kZT0iMTgyODk2MDA4IiBjb2RlU3lzdGVtPSIyLjE2Ljg0MC4xLjExMzg4My42Ljk2IiBjb2RlU3lzdGVtTmFtZT0iU05PTUVEQ1QiIGNvZGVTeXN0ZW1WZXJzaW9uPSIyMDE5LTA5IiBkaXNwbGF5TmFtZT0iRHJ1ZyBkZWNsaW5lZCBieSBwYXRpZW50IC0gZGlzbGlrZXMgdGFzdGUgKHNpdHVhdGlvbikiLz4KICAgICAgICAgICAgPG5zMDpDb25jZXB0IGNvZGU9IjE4Mjg5NzAwNCIgY29kZVN5c3RlbT0iMi4xNi44NDAuMS4xMTM4ODMuNi45NiIgY29kZVN5c3RlbU5hbWU9IlNOT01FRENUIiBjb2RlU3lzdGVtVmVyc2lvbj0iMjAxOS0wOSIgZGlzcGxheU5hbWU9IkRydWcgZGVjbGluZWQgYnkgcGF0aWVudCAtIHNpZGUgZWZmZWN0cyAoc2l0dWF0aW9uKSIvPgogICAgICAgICAgICA8bnMwOkNvbmNlcHQgY29kZT0iMTgyODk4MDA5IiBjb2RlU3lzdGVtPSIyLjE2Ljg0MC4xLjExMzg4My42Ljk2IiBjb2RlU3lzdGVtTmFtZT0iU05PTUVEQ1QiIGNvZGVTeXN0ZW1WZXJzaW9uPSIyMDE5LTA5IiBkaXNwbGF5TmFtZT0iRHJ1ZyBkZWNsaW5lZCBieSBwYXRpZW50IC0gaW5jb252ZW5pZW50IChzaXR1YXRpb24pIi8+CiAgICAgICAgICAgIDxuczA6Q29uY2VwdCBjb2RlPSIxODI5MDAwMDYiIGNvZGVTeXN0ZW09IjIuMTYuODQwLjEuMTEzODgzLjYuOTYiIGNvZGVTeXN0ZW1OYW1lPSJTTk9NRURDVCIgY29kZVN5c3RlbVZlcnNpb249IjIwMTktMDkiIGRpc3BsYXlOYW1lPSJEcnVnIGRlY2xpbmVkIGJ5IHBhdGllbnQgLSBwYXRpZW50IGJlbGllZnMgKHNpdHVhdGlvbikiLz4KICAgICAgICAgICAgPG5zMDpDb25jZXB0IGNvZGU9IjE4MjkwMTAwNSIgY29kZVN5c3RlbT0iMi4xNi44NDAuMS4xMTM4ODMuNi45NiIgY29kZVN5c3RlbU5hbWU9IlNOT01FRENUIiBjb2RlU3lzdGVtVmVyc2lvbj0iMjAxOS0wOSIgZGlzcGxheU5hbWU9IkRydWcgZGVjbGluZWQgYnkgcGF0aWVudCAtIGFsdGVybmF0aXZlIHRoZXJhcHkgKHNpdHVhdGlvbikiLz4KICAgICAgICAgICAgPG5zMDpDb25jZXB0IGNvZGU9IjE4MjkwMzAwOCIgY29kZVN5c3RlbT0iMi4xNi44NDAuMS4xMTM4ODMuNi45NiIgY29kZVN5c3RlbU5hbWU9IlNOT01FRENUIiBjb2RlU3lzdGVtVmVyc2lvbj0iMjAxOS0wOSIgZGlzcGxheU5hbWU9IkRydWcgZGVjbGluZWQgYnkgcGF0aWVudCAtIHJlYXNvbiB1bmtub3duIChzaXR1YXRpb24pIi8+CiAgICAgICAgICAgIDxuczA6Q29uY2VwdCBjb2RlPSIxODM5NDQwMDMiIGNvZGVTeXN0ZW09IjIuMTYuODQwLjEuMTEzODgzLjYuOTYiIGNvZGVTeXN0ZW1OYW1lPSJTTk9NRURDVCIgY29kZVN5c3RlbVZlcnNpb249IjIwMTktMDkiIGRpc3BsYXlOYW1lPSJQcm9jZWR1cmUgcmVmdXNlZCAoc2l0dWF0aW9uKSIvPgogICAgICAgICAgICA8bnMwOkNvbmNlcHQgY29kZT0iMTgzOTQ1MDAyIiBjb2RlU3lzdGVtPSIyLjE2Ljg0MC4xLjExMzg4My42Ljk2IiBjb2RlU3lzdGVtTmFtZT0iU05PTUVEQ1QiIGNvZGVTeXN0ZW1WZXJzaW9uPSIyMDE5LTA5IiBkaXNwbGF5TmFtZT0iUHJvY2VkdXJlIHJlZnVzZWQgZm9yIHJlbGlnaW91cyByZWFzb24gKHNpdHVhdGlvbikiLz4KICAgICAgICAgICAgPG5zMDpDb25jZXB0IGNvZGU9IjE4Mzk0NjAwMSIgY29kZVN5c3RlbT0iMi4xNi44NDAuMS4xMTM4ODMuNi45NiIgY29kZVN5c3RlbU5hbWU9IlNOT01FRENUIiBjb2RlU3lzdGVtVmVyc2lvbj0iMjAxOS0wOSIgZGlzcGxheU5hbWU9IlByb2NlZHVyZSByZWZ1c2VkIC0gdW5jb29wZXJhdGl2ZSAoc2l0dWF0aW9uKSIvPgogICAgICAgICAgICA8bnMwOkNvbmNlcHQgY29kZT0iMTgzOTQ3MDA1IiBjb2RlU3lzdGVtPSIyLjE2Ljg0MC4xLjExMzg4My42Ljk2IiBjb2RlU3lzdGVtTmFtZT0iU05PTUVEQ1QiIGNvZGVTeXN0ZW1WZXJzaW9uPSIyMDE5LTA5IiBkaXNwbGF5TmFtZT0iUmVmdXNlZCBwcm9jZWR1cmUgLSBhZnRlciB0aG91Z2h0IChzaXR1YXRpb24pIi8+CiAgICAgICAgICAgIDxuczA6Q29uY2VwdCBjb2RlPSIxODM5NDgwMDAiIGNvZGVTeXN0ZW09IjIuMTYuODQwLjEuMTEzODgzLjYuOTYiIGNvZGVTeXN0ZW1OYW1lPSJTTk9NRURDVCIgY29kZVN5c3RlbVZlcnNpb249IjIwMTktMDkiIGRpc3BsYXlOYW1lPSJSZWZ1c2VkIHByb2NlZHVyZSAtIHBhcmVudCdzIHdpc2ggKHNpdHVhdGlvbikiLz4KICAgICAgICAgICAgPG5zMDpDb25jZXB0IGNvZGU9IjI3NTkzNjAwNSIgY29kZVN5c3RlbT0iMi4xNi44NDAuMS4xMTM4ODMuNi45NiIgY29kZVN5c3RlbU5hbWU9IlNOT01FRENUIiBjb2RlU3lzdGVtVmVyc2lvbj0iMjAxOS0wOSIgZGlzcGxheU5hbWU9IlBhdGllbnQgbm9uY29tcGxpYW5jZSAtIGdlbmVyYWwgKHNpdHVhdGlvbikiLz4KICAgICAgICAgICAgPG5zMDpDb25jZXB0IGNvZGU9IjM3MTEzODAwMyIgY29kZVN5c3RlbT0iMi4xNi44NDAuMS4xMTM4ODMuNi45NiIgY29kZVN5c3RlbU5hbWU9IlNOT01FRENUIiBjb2RlU3lzdGVtVmVyc2lvbj0iMjAxOS0wOSIgZGlzcGxheU5hbWU9IlJlZnVzYWwgb2YgdHJlYXRtZW50IGJ5IHBhcmVudHMgKHNpdHVhdGlvbikiLz4KICAgICAgICAgICAgPG5zMDpDb25jZXB0IGNvZGU9IjQwNjE0OTAwMCIgY29kZVN5c3RlbT0iMi4xNi44NDAuMS4xMTM4ODMuNi45NiIgY29kZVN5c3RlbU5hbWU9IlNOT01FRENUIiBjb2RlU3lzdGVtVmVyc2lvbj0iMjAxOS0wOSIgZGlzcGxheU5hbWU9Ik1lZGljYXRpb24gcmVmdXNlZCAoc2l0dWF0aW9uKSIvPgogICAgICAgICAgICA8bnMwOkNvbmNlcHQgY29kZT0iNDEzMzEyMDAzIiBjb2RlU3lzdGVtPSIyLjE2Ljg0MC4xLjExMzg4My42Ljk2IiBjb2RlU3lzdGVtTmFtZT0iU05PTUVEQ1QiIGNvZGVTeXN0ZW1WZXJzaW9uPSIyMDE5LTA5IiBkaXNwbGF5TmFtZT0iUGF0aWVudCBub24tY29tcGxpYW50IC0gcmVmdXNlZCBzZXJ2aWNlIChzaXR1YXRpb24pIi8+CiAgICAgICAgICAgIDxuczA6Q29uY2VwdCBjb2RlPSI0MTY0MzIwMDkiIGNvZGVTeXN0ZW09IjIuMTYuODQwLjEuMTEzODgzLjYuOTYiIGNvZGVTeXN0ZW1OYW1lPSJTTk9NRURDVCIgY29kZVN5c3RlbVZlcnNpb249IjIwMTktMDkiIGRpc3BsYXlOYW1lPSJQcm9jZWR1cmUgbm90IHdhbnRlZCAoc2l0dWF0aW9uKSIvPgogICAgICAgICAgICA8bnMwOkNvbmNlcHQgY29kZT0iNDQzMzkwMDA0IiBjb2RlU3lzdGVtPSIyLjE2Ljg0MC4xLjExMzg4My42Ljk2IiBjb2RlU3lzdGVtTmFtZT0iU05PTUVEQ1QiIGNvZGVTeXN0ZW1WZXJzaW9uPSIyMDE5LTA5IiBkaXNwbGF5TmFtZT0iUmVmdXNlZCAocXVhbGlmaWVyIHZhbHVlKSIvPgogICAgICAgICAgICA8bnMwOkNvbmNlcHQgY29kZT0iNjA5NTg5MDA4IiBjb2RlU3lzdGVtPSIyLjE2Ljg0MC4xLjExMzg4My42Ljk2IiBjb2RlU3lzdGVtTmFtZT0iU05PTUVEQ1QiIGNvZGVTeXN0ZW1WZXJzaW9uPSIyMDE5LTA5IiBkaXNwbGF5TmFtZT0iUmVmdXNlZCBieSBwYXJlbnRzIG9mIHN1YmplY3QgKHF1YWxpZmllciB2YWx1ZSkiLz4KICAgICAgICA8L25zMDpDb25jZXB0TGlzdD4KICAgICAgICA8bnMwOlNvdXJjZT5UaGUgSm9pbnQgQ29tbWlzc2lvbjwvbnMwOlNvdXJjZT4KICAgICAgICA8bnMwOlB1cnBvc2U+KENsaW5pY2FsIEZvY3VzOiBUaGlzIHZhbHVlIHNldCBjb250YWlucyBjb25jZXB0cyB0aGF0IHJlcHJlc2VudCBzaXR1YXRpb25zIHJlcHJlc2VudGluZyBhIHBhdGllbnQncyByZWZ1c2FsIGZvciB0cmVhdG1lbnQuKSwoRGF0YSBFbGVtZW50IFNjb3BlOiBUaGlzIHZhbHVlIHNldCBtYXkgdXNlIHRoZSBRdWFsaXR5IERhdGEgTW9kZWwgKFFETSkgYXR0cmlidXRlIHJlbGF0ZWQgdG8gUmVhc29uLiBUaGUgaW50ZW50IG9mIHRoaXMgZGF0YSBlbGVtZW50IGlzIHRvIGlkZW50aWZ5IHJlYXNvbnMgYSBwYXRpZW50IHJlZnVzZXMgdHJlYXRtZW50LiksKEluY2x1c2lvbiBDcml0ZXJpYTogSW5jbHVkZXMgb25seSByZWxldmFudCBjb25jZXB0cyBhc3NvY2lhdGVkIHdpdGggaWRlbnRpZnlpbmcgcmVmdXNhbCBvZiBhbnkgaW50ZXJ2ZW50aW9uIChpbmNsdWRpbmcgcHJvY2VkdXJlcywgdHJlYXRtZW50LCBtZWRpY2F0aW9uLCBjb3Vuc2VsaW5nLCBzY3JlZW5pbmcpLuKAiyksKEV4Y2x1c2lvbiBDcml0ZXJpYTogTm8gZXhjbHVzaW9ucy4pPC9uczA6UHVycG9zZT4KICAgICAgICA8bnMwOlR5cGU+RXh0ZW5zaW9uYWw8L25zMDpUeXBlPgogICAgICAgIDxuczA6QmluZGluZz5EeW5hbWljPC9uczA6QmluZGluZz4KICAgICAgICA8bnMwOlN0YXR1cz5BY3RpdmU8L25zMDpTdGF0dXM+CiAgICAgICAgPG5zMDpSZXZpc2lvbkRhdGU+MjAxOC0wMi0wODwvbnMwOlJldmlzaW9uRGF0ZT4KICAgIDwvbnMwOkRlc2NyaWJlZFZhbHVlU2V0Pgo8L25zMDpSZXRyaWV2ZU11bHRpcGxlVmFsdWVTZXRzUmVzcG9uc2U+Cg==
  recorded_at: Mon, 14 Dec 2020 17:06:59 GMT
- request:
    method: get
    uri: https://vsac.nlm.nih.gov/vsac/svs/RetrieveMultipleValueSets?id=2.16.840.1.114222.4.11.3591&profile=Latest%20eCQM&ticket=ST-790600-JMydtNtbBarpVzCxXHBq-cas
    body:
      encoding: US-ASCII
      string: ''
    headers:
      User-Agent:
      - Typhoeus - https://github.com/typhoeus/typhoeus
      Expect:
      - ''
  response:
    status:
      code: 200
      message: ''
    headers:
      Vary:
      - Access-Control-Request-Headers
      - Access-Control-Request-Method
      - Origin
      X-Frame-Options:
      - SAMEORIGIN
      X-Content-Type-Options:
      - nosniff
      X-Xss-Protection:
      - 1; mode=block
      Set-Cookie:
      - JSESSIONID=BDBEC4EDD85C73EA103C37B87929ED3E; Path=/vsac; HttpOnly;Secure
      Cache-Control:
      - no-cache, no-store, max-age=0, must-revalidate
      Pragma:
      - no-cache
      Expires:
      - '0'
      Content-Type:
      - text/xml;charset=utf-8
      Content-Length:
      - '27689'
      Date:
      - Mon, 14 Dec 2020 17:06:58 GMT
      X-Vip-Info:
      - 2607:f220:41e:1016::40:443
      X-Pool-Info:
      - "/Common/vsacweb_p 10.1.5.89 8080"
      Strict-Transport-Security:
      - max-age=31536000; includeSubDomains; preload
    body:
      encoding: UTF-8
      string: |
        <?xml version="1.0" encoding="UTF-8" standalone="yes"?>
        <ns0:RetrieveMultipleValueSetsResponse xmlns:ns0="urn:ihe:iti:svs:2008" xmlns:xsi="http://www.w3.org/2001/XMLSchema-instance">
            <ns0:DescribedValueSet ID="2.16.840.1.114222.4.11.3591" displayName="Payer" version="N/A">
                <ns0:ConceptList>
                    <ns0:Concept code="1" codeSystem="2.16.840.1.113883.3.221.5" codeSystemName="SOP" codeSystemVersion="9.0" displayName="MEDICARE"/>
                    <ns0:Concept code="11" codeSystem="2.16.840.1.113883.3.221.5" codeSystemName="SOP" codeSystemVersion="9.0" displayName="Medicare (Managed Care)"/>
                    <ns0:Concept code="111" codeSystem="2.16.840.1.113883.3.221.5" codeSystemName="SOP" codeSystemVersion="9.0" displayName="Medicare HMO"/>
                    <ns0:Concept code="112" codeSystem="2.16.840.1.113883.3.221.5" codeSystemName="SOP" codeSystemVersion="9.0" displayName="Medicare PPO"/>
                    <ns0:Concept code="113" codeSystem="2.16.840.1.113883.3.221.5" codeSystemName="SOP" codeSystemVersion="9.0" displayName="Medicare POS"/>
                    <ns0:Concept code="119" codeSystem="2.16.840.1.113883.3.221.5" codeSystemName="SOP" codeSystemVersion="9.0" displayName="Medicare Managed Care Other"/>
                    <ns0:Concept code="12" codeSystem="2.16.840.1.113883.3.221.5" codeSystemName="SOP" codeSystemVersion="9.0" displayName="Medicare (Non-managed Care)"/>
                    <ns0:Concept code="121" codeSystem="2.16.840.1.113883.3.221.5" codeSystemName="SOP" codeSystemVersion="9.0" displayName="Medicare FFS"/>
                    <ns0:Concept code="122" codeSystem="2.16.840.1.113883.3.221.5" codeSystemName="SOP" codeSystemVersion="9.0" displayName="Medicare Drug Benefit"/>
                    <ns0:Concept code="123" codeSystem="2.16.840.1.113883.3.221.5" codeSystemName="SOP" codeSystemVersion="9.0" displayName="Medicare Medical Savings Account (MSA)"/>
                    <ns0:Concept code="129" codeSystem="2.16.840.1.113883.3.221.5" codeSystemName="SOP" codeSystemVersion="9.0" displayName="Medicare Non-managed Care Other"/>
                    <ns0:Concept code="13" codeSystem="2.16.840.1.113883.3.221.5" codeSystemName="SOP" codeSystemVersion="9.0" displayName="Medicare Hospice"/>
                    <ns0:Concept code="14" codeSystem="2.16.840.1.113883.3.221.5" codeSystemName="SOP" codeSystemVersion="9.0" displayName="Dual Eligibility Medicare/Medicaid Organization"/>
                    <ns0:Concept code="19" codeSystem="2.16.840.1.113883.3.221.5" codeSystemName="SOP" codeSystemVersion="9.0" displayName="Medicare Other"/>
                    <ns0:Concept code="191" codeSystem="2.16.840.1.113883.3.221.5" codeSystemName="SOP" codeSystemVersion="9.0" displayName="Medicare Pharmacy Benefit Manager"/>
                    <ns0:Concept code="2" codeSystem="2.16.840.1.113883.3.221.5" codeSystemName="SOP" codeSystemVersion="9.0" displayName="MEDICAID"/>
                    <ns0:Concept code="21" codeSystem="2.16.840.1.113883.3.221.5" codeSystemName="SOP" codeSystemVersion="9.0" displayName="Medicaid (Managed Care)"/>
                    <ns0:Concept code="211" codeSystem="2.16.840.1.113883.3.221.5" codeSystemName="SOP" codeSystemVersion="9.0" displayName="Medicaid HMO"/>
                    <ns0:Concept code="212" codeSystem="2.16.840.1.113883.3.221.5" codeSystemName="SOP" codeSystemVersion="9.0" displayName="Medicaid PPO"/>
                    <ns0:Concept code="213" codeSystem="2.16.840.1.113883.3.221.5" codeSystemName="SOP" codeSystemVersion="9.0" displayName="Medicaid PCCM (Primary Care Case Management)"/>
                    <ns0:Concept code="219" codeSystem="2.16.840.1.113883.3.221.5" codeSystemName="SOP" codeSystemVersion="9.0" displayName="Medicaid Managed Care Other"/>
                    <ns0:Concept code="22" codeSystem="2.16.840.1.113883.3.221.5" codeSystemName="SOP" codeSystemVersion="9.0" displayName="Medicaid (Non-managed Care Plan)"/>
                    <ns0:Concept code="23" codeSystem="2.16.840.1.113883.3.221.5" codeSystemName="SOP" codeSystemVersion="9.0" displayName="Medicaid/SCHIP"/>
                    <ns0:Concept code="25" codeSystem="2.16.840.1.113883.3.221.5" codeSystemName="SOP" codeSystemVersion="9.0" displayName="Medicaid - Out of State"/>
                    <ns0:Concept code="26" codeSystem="2.16.840.1.113883.3.221.5" codeSystemName="SOP" codeSystemVersion="9.0" displayName="Medicaid - Long Term Care"/>
                    <ns0:Concept code="29" codeSystem="2.16.840.1.113883.3.221.5" codeSystemName="SOP" codeSystemVersion="9.0" displayName="Medicaid Other"/>
                    <ns0:Concept code="291" codeSystem="2.16.840.1.113883.3.221.5" codeSystemName="SOP" codeSystemVersion="9.0" displayName="Medicaid Pharmacy Benefit Manager"/>
                    <ns0:Concept code="299" codeSystem="2.16.840.1.113883.3.221.5" codeSystemName="SOP" codeSystemVersion="9.0" displayName="Medicaid - Dental"/>
                    <ns0:Concept code="3" codeSystem="2.16.840.1.113883.3.221.5" codeSystemName="SOP" codeSystemVersion="9.0" displayName="OTHER GOVERNMENT (Federal/State/Local) (excluding Department of Corrections)"/>
                    <ns0:Concept code="31" codeSystem="2.16.840.1.113883.3.221.5" codeSystemName="SOP" codeSystemVersion="9.0" displayName="Department of Defense"/>
                    <ns0:Concept code="311" codeSystem="2.16.840.1.113883.3.221.5" codeSystemName="SOP" codeSystemVersion="9.0" displayName="TRICARE (CHAMPUS)"/>
                    <ns0:Concept code="3111" codeSystem="2.16.840.1.113883.3.221.5" codeSystemName="SOP" codeSystemVersion="9.0" displayName="TRICARE Prime--HMO"/>
                    <ns0:Concept code="3112" codeSystem="2.16.840.1.113883.3.221.5" codeSystemName="SOP" codeSystemVersion="9.0" displayName="TRICARE Extra--PPO"/>
                    <ns0:Concept code="3113" codeSystem="2.16.840.1.113883.3.221.5" codeSystemName="SOP" codeSystemVersion="9.0" displayName="TRICARE Standard - Fee For Service"/>
                    <ns0:Concept code="3114" codeSystem="2.16.840.1.113883.3.221.5" codeSystemName="SOP" codeSystemVersion="9.0" displayName="TRICARE For Life--Medicare Supplement"/>
                    <ns0:Concept code="3115" codeSystem="2.16.840.1.113883.3.221.5" codeSystemName="SOP" codeSystemVersion="9.0" displayName="TRICARE Reserve Select"/>
                    <ns0:Concept code="3116" codeSystem="2.16.840.1.113883.3.221.5" codeSystemName="SOP" codeSystemVersion="9.0" displayName="Uniformed Services Family Health Plan (USFHP) -- HMO"/>
                    <ns0:Concept code="3119" codeSystem="2.16.840.1.113883.3.221.5" codeSystemName="SOP" codeSystemVersion="9.0" displayName="Department of Defense - (other)"/>
                    <ns0:Concept code="312" codeSystem="2.16.840.1.113883.3.221.5" codeSystemName="SOP" codeSystemVersion="9.0" displayName="Military Treatment Facility"/>
                    <ns0:Concept code="3121" codeSystem="2.16.840.1.113883.3.221.5" codeSystemName="SOP" codeSystemVersion="9.0" displayName="Enrolled Prime--HMO"/>
                    <ns0:Concept code="3122" codeSystem="2.16.840.1.113883.3.221.5" codeSystemName="SOP" codeSystemVersion="9.0" displayName="Non-enrolled Space Available"/>
                    <ns0:Concept code="3123" codeSystem="2.16.840.1.113883.3.221.5" codeSystemName="SOP" codeSystemVersion="9.0" displayName="TRICARE For Life (TFL)"/>
                    <ns0:Concept code="313" codeSystem="2.16.840.1.113883.3.221.5" codeSystemName="SOP" codeSystemVersion="9.0" displayName="Dental --Stand Alone"/>
                    <ns0:Concept code="32" codeSystem="2.16.840.1.113883.3.221.5" codeSystemName="SOP" codeSystemVersion="9.0" displayName="Department of Veterans Affairs"/>
                    <ns0:Concept code="321" codeSystem="2.16.840.1.113883.3.221.5" codeSystemName="SOP" codeSystemVersion="9.0" displayName="Veteran care--Care provided to Veterans"/>
                    <ns0:Concept code="3211" codeSystem="2.16.840.1.113883.3.221.5" codeSystemName="SOP" codeSystemVersion="9.0" displayName="Direct Care--Care provided in VA facilities"/>
                    <ns0:Concept code="3212" codeSystem="2.16.840.1.113883.3.221.5" codeSystemName="SOP" codeSystemVersion="9.0" displayName="Indirect Care--Care provided outside VA facilities"/>
                    <ns0:Concept code="32121" codeSystem="2.16.840.1.113883.3.221.5" codeSystemName="SOP" codeSystemVersion="9.0" displayName="Fee Basis"/>
                    <ns0:Concept code="32122" codeSystem="2.16.840.1.113883.3.221.5" codeSystemName="SOP" codeSystemVersion="9.0" displayName="Foreign Fee/Foreign Medical Program (FMP)"/>
                    <ns0:Concept code="32123" codeSystem="2.16.840.1.113883.3.221.5" codeSystemName="SOP" codeSystemVersion="9.0" displayName="Contract Nursing Home/Community Nursing Home"/>
                    <ns0:Concept code="32124" codeSystem="2.16.840.1.113883.3.221.5" codeSystemName="SOP" codeSystemVersion="9.0" displayName="State Veterans Home"/>
                    <ns0:Concept code="32125" codeSystem="2.16.840.1.113883.3.221.5" codeSystemName="SOP" codeSystemVersion="9.0" displayName="Sharing Agreements"/>
                    <ns0:Concept code="32126" codeSystem="2.16.840.1.113883.3.221.5" codeSystemName="SOP" codeSystemVersion="9.0" displayName="Other Federal Agency"/>
                    <ns0:Concept code="32127" codeSystem="2.16.840.1.113883.3.221.5" codeSystemName="SOP" codeSystemVersion="9.0" displayName="Dental Care"/>
                    <ns0:Concept code="32128" codeSystem="2.16.840.1.113883.3.221.5" codeSystemName="SOP" codeSystemVersion="9.0" displayName="Vision Care"/>
                    <ns0:Concept code="322" codeSystem="2.16.840.1.113883.3.221.5" codeSystemName="SOP" codeSystemVersion="9.0" displayName="Non-veteran care"/>
                    <ns0:Concept code="3221" codeSystem="2.16.840.1.113883.3.221.5" codeSystemName="SOP" codeSystemVersion="9.0" displayName="Civilian Health and Medical Program for the VA (CHAMPVA)"/>
                    <ns0:Concept code="3222" codeSystem="2.16.840.1.113883.3.221.5" codeSystemName="SOP" codeSystemVersion="9.0" displayName="Spina Bifida Health Care Program (SB)"/>
                    <ns0:Concept code="3223" codeSystem="2.16.840.1.113883.3.221.5" codeSystemName="SOP" codeSystemVersion="9.0" displayName="Children of Women Vietnam Veterans (CWVV)"/>
                    <ns0:Concept code="3229" codeSystem="2.16.840.1.113883.3.221.5" codeSystemName="SOP" codeSystemVersion="9.0" displayName="Other non-veteran care"/>
                    <ns0:Concept code="33" codeSystem="2.16.840.1.113883.3.221.5" codeSystemName="SOP" codeSystemVersion="9.0" displayName="Indian Health Service or Tribe"/>
                    <ns0:Concept code="331" codeSystem="2.16.840.1.113883.3.221.5" codeSystemName="SOP" codeSystemVersion="9.0" displayName="Indian Health Service - Regular"/>
                    <ns0:Concept code="332" codeSystem="2.16.840.1.113883.3.221.5" codeSystemName="SOP" codeSystemVersion="9.0" displayName="Indian Health Service - Contract"/>
                    <ns0:Concept code="333" codeSystem="2.16.840.1.113883.3.221.5" codeSystemName="SOP" codeSystemVersion="9.0" displayName="Indian Health Service - Managed Care"/>
                    <ns0:Concept code="334" codeSystem="2.16.840.1.113883.3.221.5" codeSystemName="SOP" codeSystemVersion="9.0" displayName="Indian Tribe - Sponsored Coverage"/>
                    <ns0:Concept code="34" codeSystem="2.16.840.1.113883.3.221.5" codeSystemName="SOP" codeSystemVersion="9.0" displayName="HRSA Program"/>
                    <ns0:Concept code="341" codeSystem="2.16.840.1.113883.3.221.5" codeSystemName="SOP" codeSystemVersion="9.0" displayName="Title V (MCH Block Grant)"/>
                    <ns0:Concept code="342" codeSystem="2.16.840.1.113883.3.221.5" codeSystemName="SOP" codeSystemVersion="9.0" displayName="Migrant Health Program"/>
                    <ns0:Concept code="343" codeSystem="2.16.840.1.113883.3.221.5" codeSystemName="SOP" codeSystemVersion="9.0" displayName="Ryan White Act"/>
                    <ns0:Concept code="349" codeSystem="2.16.840.1.113883.3.221.5" codeSystemName="SOP" codeSystemVersion="9.0" displayName="Other"/>
                    <ns0:Concept code="35" codeSystem="2.16.840.1.113883.3.221.5" codeSystemName="SOP" codeSystemVersion="9.0" displayName="Black Lung"/>
                    <ns0:Concept code="36" codeSystem="2.16.840.1.113883.3.221.5" codeSystemName="SOP" codeSystemVersion="9.0" displayName="State Government"/>
                    <ns0:Concept code="361" codeSystem="2.16.840.1.113883.3.221.5" codeSystemName="SOP" codeSystemVersion="9.0" displayName="State SCHIP program (codes for individual states)"/>
                    <ns0:Concept code="362" codeSystem="2.16.840.1.113883.3.221.5" codeSystemName="SOP" codeSystemVersion="9.0" displayName="Specific state programs (list/ local code)"/>
                    <ns0:Concept code="369" codeSystem="2.16.840.1.113883.3.221.5" codeSystemName="SOP" codeSystemVersion="9.0" displayName="State, not otherwise specified (other state)"/>
                    <ns0:Concept code="37" codeSystem="2.16.840.1.113883.3.221.5" codeSystemName="SOP" codeSystemVersion="9.0" displayName="Local Government"/>
                    <ns0:Concept code="371" codeSystem="2.16.840.1.113883.3.221.5" codeSystemName="SOP" codeSystemVersion="9.0" displayName="Local - Managed care"/>
                    <ns0:Concept code="3711" codeSystem="2.16.840.1.113883.3.221.5" codeSystemName="SOP" codeSystemVersion="9.0" displayName="HMO"/>
                    <ns0:Concept code="3712" codeSystem="2.16.840.1.113883.3.221.5" codeSystemName="SOP" codeSystemVersion="9.0" displayName="PPO"/>
                    <ns0:Concept code="3713" codeSystem="2.16.840.1.113883.3.221.5" codeSystemName="SOP" codeSystemVersion="9.0" displayName="POS"/>
                    <ns0:Concept code="372" codeSystem="2.16.840.1.113883.3.221.5" codeSystemName="SOP" codeSystemVersion="9.0" displayName="FFS/Indemnity"/>
                    <ns0:Concept code="379" codeSystem="2.16.840.1.113883.3.221.5" codeSystemName="SOP" codeSystemVersion="9.0" displayName="Local, not otherwise specified (other local, county)"/>
                    <ns0:Concept code="38" codeSystem="2.16.840.1.113883.3.221.5" codeSystemName="SOP" codeSystemVersion="9.0" displayName="Other Government (Federal, State, Local not specified)"/>
                    <ns0:Concept code="381" codeSystem="2.16.840.1.113883.3.221.5" codeSystemName="SOP" codeSystemVersion="9.0" displayName="Federal, State, Local not specified managed care"/>
                    <ns0:Concept code="3811" codeSystem="2.16.840.1.113883.3.221.5" codeSystemName="SOP" codeSystemVersion="9.0" displayName="Federal, State, Local not specified - HMO"/>
                    <ns0:Concept code="3812" codeSystem="2.16.840.1.113883.3.221.5" codeSystemName="SOP" codeSystemVersion="9.0" displayName="Federal, State, Local not specified - PPO"/>
                    <ns0:Concept code="3813" codeSystem="2.16.840.1.113883.3.221.5" codeSystemName="SOP" codeSystemVersion="9.0" displayName="Federal, State, Local not specified - POS"/>
                    <ns0:Concept code="3819" codeSystem="2.16.840.1.113883.3.221.5" codeSystemName="SOP" codeSystemVersion="9.0" displayName="Federal, State, Local not specified - not specified managed care"/>
                    <ns0:Concept code="382" codeSystem="2.16.840.1.113883.3.221.5" codeSystemName="SOP" codeSystemVersion="9.0" displayName="Federal, State, Local not specified - FFS"/>
                    <ns0:Concept code="389" codeSystem="2.16.840.1.113883.3.221.5" codeSystemName="SOP" codeSystemVersion="9.0" displayName="Federal, State, Local not specified - Other"/>
                    <ns0:Concept code="39" codeSystem="2.16.840.1.113883.3.221.5" codeSystemName="SOP" codeSystemVersion="9.0" displayName="Other Federal"/>
                    <ns0:Concept code="391" codeSystem="2.16.840.1.113883.3.221.5" codeSystemName="SOP" codeSystemVersion="9.0" displayName="Federal Employee Health Plan - Use when known"/>
                    <ns0:Concept code="4" codeSystem="2.16.840.1.113883.3.221.5" codeSystemName="SOP" codeSystemVersion="9.0" displayName="DEPARTMENTS OF CORRECTIONS"/>
                    <ns0:Concept code="41" codeSystem="2.16.840.1.113883.3.221.5" codeSystemName="SOP" codeSystemVersion="9.0" displayName="Corrections Federal"/>
                    <ns0:Concept code="42" codeSystem="2.16.840.1.113883.3.221.5" codeSystemName="SOP" codeSystemVersion="9.0" displayName="Corrections State"/>
                    <ns0:Concept code="43" codeSystem="2.16.840.1.113883.3.221.5" codeSystemName="SOP" codeSystemVersion="9.0" displayName="Corrections Local"/>
                    <ns0:Concept code="44" codeSystem="2.16.840.1.113883.3.221.5" codeSystemName="SOP" codeSystemVersion="9.0" displayName="Corrections Unknown Level"/>
                    <ns0:Concept code="5" codeSystem="2.16.840.1.113883.3.221.5" codeSystemName="SOP" codeSystemVersion="9.0" displayName="PRIVATE HEALTH INSURANCE"/>
                    <ns0:Concept code="51" codeSystem="2.16.840.1.113883.3.221.5" codeSystemName="SOP" codeSystemVersion="9.0" displayName="Managed Care (Private)"/>
                    <ns0:Concept code="511" codeSystem="2.16.840.1.113883.3.221.5" codeSystemName="SOP" codeSystemVersion="9.0" displayName="Commercial Managed Care - HMO"/>
                    <ns0:Concept code="512" codeSystem="2.16.840.1.113883.3.221.5" codeSystemName="SOP" codeSystemVersion="9.0" displayName="Commercial Managed Care - PPO"/>
                    <ns0:Concept code="513" codeSystem="2.16.840.1.113883.3.221.5" codeSystemName="SOP" codeSystemVersion="9.0" displayName="Commercial Managed Care - POS"/>
                    <ns0:Concept code="514" codeSystem="2.16.840.1.113883.3.221.5" codeSystemName="SOP" codeSystemVersion="9.0" displayName="Exclusive Provider Organization"/>
                    <ns0:Concept code="515" codeSystem="2.16.840.1.113883.3.221.5" codeSystemName="SOP" codeSystemVersion="9.0" displayName="Gatekeeper PPO (GPPO)"/>
                    <ns0:Concept code="516" codeSystem="2.16.840.1.113883.3.221.5" codeSystemName="SOP" codeSystemVersion="9.0" displayName="Commercial Managed Care - Pharmacy Benefit Manager"/>
                    <ns0:Concept code="517" codeSystem="2.16.840.1.113883.3.221.5" codeSystemName="SOP" codeSystemVersion="9.0" displayName="Commercial Managed Care - Dental"/>
                    <ns0:Concept code="519" codeSystem="2.16.840.1.113883.3.221.5" codeSystemName="SOP" codeSystemVersion="9.0" displayName="Managed Care, Other (non HMO)"/>
                    <ns0:Concept code="52" codeSystem="2.16.840.1.113883.3.221.5" codeSystemName="SOP" codeSystemVersion="9.0" displayName="Private Health Insurance - Indemnity"/>
                    <ns0:Concept code="521" codeSystem="2.16.840.1.113883.3.221.5" codeSystemName="SOP" codeSystemVersion="9.0" displayName="Commercial Indemnity"/>
                    <ns0:Concept code="522" codeSystem="2.16.840.1.113883.3.221.5" codeSystemName="SOP" codeSystemVersion="9.0" displayName="Self-insured (ERISA) Administrative Services Only (ASO) plan"/>
                    <ns0:Concept code="523" codeSystem="2.16.840.1.113883.3.221.5" codeSystemName="SOP" codeSystemVersion="9.0" displayName="Medicare supplemental policy (as second payer)"/>
                    <ns0:Concept code="524" codeSystem="2.16.840.1.113883.3.221.5" codeSystemName="SOP" codeSystemVersion="9.0" displayName="Indemnity Insurance - Dental"/>
                    <ns0:Concept code="529" codeSystem="2.16.840.1.113883.3.221.5" codeSystemName="SOP" codeSystemVersion="9.0" displayName="Private health insurance--other commercial Indemnity"/>
                    <ns0:Concept code="53" codeSystem="2.16.840.1.113883.3.221.5" codeSystemName="SOP" codeSystemVersion="9.0" displayName="Managed Care (private) or private health insurance (indemnity), not otherwise specified"/>
                    <ns0:Concept code="54" codeSystem="2.16.840.1.113883.3.221.5" codeSystemName="SOP" codeSystemVersion="9.0" displayName="Organized Delivery System"/>
                    <ns0:Concept code="55" codeSystem="2.16.840.1.113883.3.221.5" codeSystemName="SOP" codeSystemVersion="9.0" displayName="Small Employer Purchasing Group"/>
                    <ns0:Concept code="56" codeSystem="2.16.840.1.113883.3.221.5" codeSystemName="SOP" codeSystemVersion="9.0" displayName="Specialized Stand Alone Plan"/>
                    <ns0:Concept code="561" codeSystem="2.16.840.1.113883.3.221.5" codeSystemName="SOP" codeSystemVersion="9.0" displayName="Dental"/>
                    <ns0:Concept code="562" codeSystem="2.16.840.1.113883.3.221.5" codeSystemName="SOP" codeSystemVersion="9.0" displayName="Vision"/>
                    <ns0:Concept code="59" codeSystem="2.16.840.1.113883.3.221.5" codeSystemName="SOP" codeSystemVersion="9.0" displayName="Other Private Insurance"/>
                    <ns0:Concept code="6" codeSystem="2.16.840.1.113883.3.221.5" codeSystemName="SOP" codeSystemVersion="9.0" displayName="BLUE CROSS/BLUE SHIELD"/>
                    <ns0:Concept code="61" codeSystem="2.16.840.1.113883.3.221.5" codeSystemName="SOP" codeSystemVersion="9.0" displayName="BC Managed Care"/>
                    <ns0:Concept code="611" codeSystem="2.16.840.1.113883.3.221.5" codeSystemName="SOP" codeSystemVersion="9.0" displayName="BC Managed Care - HMO"/>
                    <ns0:Concept code="612" codeSystem="2.16.840.1.113883.3.221.5" codeSystemName="SOP" codeSystemVersion="9.0" displayName="BC Managed Care - PPO"/>
                    <ns0:Concept code="613" codeSystem="2.16.840.1.113883.3.221.5" codeSystemName="SOP" codeSystemVersion="9.0" displayName="BC Managed Care - POS"/>
                    <ns0:Concept code="614" codeSystem="2.16.840.1.113883.3.221.5" codeSystemName="SOP" codeSystemVersion="9.0" displayName="BC Managed Care - Dental"/>
                    <ns0:Concept code="619" codeSystem="2.16.840.1.113883.3.221.5" codeSystemName="SOP" codeSystemVersion="9.0" displayName="BC Managed Care - Other"/>
                    <ns0:Concept code="62" codeSystem="2.16.840.1.113883.3.221.5" codeSystemName="SOP" codeSystemVersion="9.0" displayName="BC Insurance Indemnity"/>
                    <ns0:Concept code="621" codeSystem="2.16.840.1.113883.3.221.5" codeSystemName="SOP" codeSystemVersion="9.0" displayName="BC Indemnity"/>
                    <ns0:Concept code="622" codeSystem="2.16.840.1.113883.3.221.5" codeSystemName="SOP" codeSystemVersion="9.0" displayName="BC Self-insured (ERISA) Administrative Services Only (ASO)Plan"/>
                    <ns0:Concept code="623" codeSystem="2.16.840.1.113883.3.221.5" codeSystemName="SOP" codeSystemVersion="9.0" displayName="BC Medicare Supplemental Plan"/>
                    <ns0:Concept code="629" codeSystem="2.16.840.1.113883.3.221.5" codeSystemName="SOP" codeSystemVersion="9.0" displayName="BC Indemnity - Dental"/>
                    <ns0:Concept code="7" codeSystem="2.16.840.1.113883.3.221.5" codeSystemName="SOP" codeSystemVersion="9.0" displayName="MANAGED CARE, UNSPECIFIED (to be used only if one can't distinguish public from private)"/>
                    <ns0:Concept code="71" codeSystem="2.16.840.1.113883.3.221.5" codeSystemName="SOP" codeSystemVersion="9.0" displayName="HMO"/>
                    <ns0:Concept code="72" codeSystem="2.16.840.1.113883.3.221.5" codeSystemName="SOP" codeSystemVersion="9.0" displayName="PPO"/>
                    <ns0:Concept code="73" codeSystem="2.16.840.1.113883.3.221.5" codeSystemName="SOP" codeSystemVersion="9.0" displayName="POS"/>
                    <ns0:Concept code="79" codeSystem="2.16.840.1.113883.3.221.5" codeSystemName="SOP" codeSystemVersion="9.0" displayName="Other Managed Care"/>
                    <ns0:Concept code="8" codeSystem="2.16.840.1.113883.3.221.5" codeSystemName="SOP" codeSystemVersion="9.0" displayName="NO PAYMENT from an Organization/Agency/Program/Private Payer Listed"/>
                    <ns0:Concept code="81" codeSystem="2.16.840.1.113883.3.221.5" codeSystemName="SOP" codeSystemVersion="9.0" displayName="Self-pay (Includes applicants for insurance and Medicaid applicants)"/>
                    <ns0:Concept code="82" codeSystem="2.16.840.1.113883.3.221.5" codeSystemName="SOP" codeSystemVersion="9.0" displayName="No Charge"/>
                    <ns0:Concept code="821" codeSystem="2.16.840.1.113883.3.221.5" codeSystemName="SOP" codeSystemVersion="9.0" displayName="Charity"/>
                    <ns0:Concept code="822" codeSystem="2.16.840.1.113883.3.221.5" codeSystemName="SOP" codeSystemVersion="9.0" displayName="Professional Courtesy"/>
                    <ns0:Concept code="823" codeSystem="2.16.840.1.113883.3.221.5" codeSystemName="SOP" codeSystemVersion="9.0" displayName="Research/Clinical Trial"/>
                    <ns0:Concept code="83" codeSystem="2.16.840.1.113883.3.221.5" codeSystemName="SOP" codeSystemVersion="9.0" displayName="Refusal to Pay/Bad Debt"/>
                    <ns0:Concept code="84" codeSystem="2.16.840.1.113883.3.221.5" codeSystemName="SOP" codeSystemVersion="9.0" displayName="Hill Burton Free Care"/>
                    <ns0:Concept code="85" codeSystem="2.16.840.1.113883.3.221.5" codeSystemName="SOP" codeSystemVersion="9.0" displayName="Research/Donor"/>
                    <ns0:Concept code="89" codeSystem="2.16.840.1.113883.3.221.5" codeSystemName="SOP" codeSystemVersion="9.0" displayName="No Payment, Other"/>
                    <ns0:Concept code="9" codeSystem="2.16.840.1.113883.3.221.5" codeSystemName="SOP" codeSystemVersion="9.0" displayName="MISCELLANEOUS/OTHER"/>
                    <ns0:Concept code="91" codeSystem="2.16.840.1.113883.3.221.5" codeSystemName="SOP" codeSystemVersion="9.0" displayName="Foreign National"/>
                    <ns0:Concept code="92" codeSystem="2.16.840.1.113883.3.221.5" codeSystemName="SOP" codeSystemVersion="9.0" displayName="Other (Non-government)"/>
                    <ns0:Concept code="93" codeSystem="2.16.840.1.113883.3.221.5" codeSystemName="SOP" codeSystemVersion="9.0" displayName="Disability Insurance"/>
                    <ns0:Concept code="94" codeSystem="2.16.840.1.113883.3.221.5" codeSystemName="SOP" codeSystemVersion="9.0" displayName="Long-term Care Insurance"/>
                    <ns0:Concept code="95" codeSystem="2.16.840.1.113883.3.221.5" codeSystemName="SOP" codeSystemVersion="9.0" displayName="Worker's Compensation"/>
                    <ns0:Concept code="951" codeSystem="2.16.840.1.113883.3.221.5" codeSystemName="SOP" codeSystemVersion="9.0" displayName="Worker's Comp HMO"/>
                    <ns0:Concept code="953" codeSystem="2.16.840.1.113883.3.221.5" codeSystemName="SOP" codeSystemVersion="9.0" displayName="Worker's Comp Fee-for-Service"/>
                    <ns0:Concept code="954" codeSystem="2.16.840.1.113883.3.221.5" codeSystemName="SOP" codeSystemVersion="9.0" displayName="Worker's Comp Other Managed Care"/>
                    <ns0:Concept code="959" codeSystem="2.16.840.1.113883.3.221.5" codeSystemName="SOP" codeSystemVersion="9.0" displayName="Worker's Comp, Other unspecified"/>
                    <ns0:Concept code="96" codeSystem="2.16.840.1.113883.3.221.5" codeSystemName="SOP" codeSystemVersion="9.0" displayName="Auto Insurance (includes no fault)"/>
                    <ns0:Concept code="97" codeSystem="2.16.840.1.113883.3.221.5" codeSystemName="SOP" codeSystemVersion="9.0" displayName="Legal Liability / Liability Insurance"/>
                    <ns0:Concept code="98" codeSystem="2.16.840.1.113883.3.221.5" codeSystemName="SOP" codeSystemVersion="9.0" displayName="Other specified but not otherwise classifiable (includes Hospice - Unspecified plan)"/>
                    <ns0:Concept code="99" codeSystem="2.16.840.1.113883.3.221.5" codeSystemName="SOP" codeSystemVersion="9.0" displayName="No Typology Code available for payment source"/>
                    <ns0:Concept code="9999" codeSystem="2.16.840.1.113883.3.221.5" codeSystemName="SOP" codeSystemVersion="9.0" displayName="Unavailable / No Payer Specified / Blank"/>
                </ns0:ConceptList>
                <ns0:Source>HL7 Terminology</ns0:Source>
                <ns0:Purpose>(Clinical Focus: Categories of types of health care payor entities as defined by the US Public Health Data Consortium SOP code system),(Data Element Scope: @code in CCDA r2.1 template Planned Coverage [act: identifier urn:oid:2.16.840.1.113883.10.20.22.4.129 (open)] DYNAMIC),(Inclusion Criteria: All codes in the code system),(Exclusion Criteria: none)</ns0:Purpose>
                <ns0:Type>Extensional</ns0:Type>
                <ns0:Binding>Dynamic</ns0:Binding>
                <ns0:Status>Active</ns0:Status>
                <ns0:RevisionDate>2018-07-18</ns0:RevisionDate>
            </ns0:DescribedValueSet>
        </ns0:RetrieveMultipleValueSetsResponse>
  recorded_at: Mon, 14 Dec 2020 17:06:59 GMT
- request:
    method: get
    uri: https://vsac.nlm.nih.gov/vsac/svs/RetrieveMultipleValueSets?id=2.16.840.1.114222.4.11.836&profile=Latest%20eCQM&ticket=ST-790603-Cg4ytgPBBdOOPNU0hq4U-cas
    body:
      encoding: US-ASCII
      string: ''
    headers:
      User-Agent:
      - Typhoeus - https://github.com/typhoeus/typhoeus
      Expect:
      - ''
  response:
    status:
      code: 200
      message: ''
    headers:
      Vary:
      - Access-Control-Request-Headers
      - Access-Control-Request-Method
      - Origin
      X-Frame-Options:
      - SAMEORIGIN
      X-Content-Type-Options:
      - nosniff
      X-Xss-Protection:
      - 1; mode=block
      Set-Cookie:
      - JSESSIONID=0ED08A4400C6A9D514747933B40A3C13; Path=/vsac; HttpOnly;Secure
      Cache-Control:
      - no-cache, no-store, max-age=0, must-revalidate
      Pragma:
      - no-cache
      Expires:
      - '0'
      Content-Type:
      - text/xml;charset=utf-8
      Content-Length:
      - '1765'
      Date:
      - Mon, 14 Dec 2020 17:06:58 GMT
      X-Vip-Info:
      - 2607:f220:41e:1016::40:443
      X-Pool-Info:
      - "/Common/vsacweb_p 10.1.5.89 8080"
      Strict-Transport-Security:
      - max-age=31536000; includeSubDomains; preload
    body:
      encoding: UTF-8
      string: |
        <?xml version="1.0" encoding="UTF-8" standalone="yes"?>
        <ns0:RetrieveMultipleValueSetsResponse xmlns:ns0="urn:ihe:iti:svs:2008" xmlns:xsi="http://www.w3.org/2001/XMLSchema-instance">
            <ns0:DescribedValueSet ID="2.16.840.1.114222.4.11.836" displayName="Race" version="N/A">
                <ns0:ConceptList>
                    <ns0:Concept code="1002-5" codeSystem="2.16.840.1.113883.6.238" codeSystemName="CDCREC" codeSystemVersion="1.2" displayName="American Indian or Alaska Native"/>
                    <ns0:Concept code="2028-9" codeSystem="2.16.840.1.113883.6.238" codeSystemName="CDCREC" codeSystemVersion="1.2" displayName="Asian"/>
                    <ns0:Concept code="2054-5" codeSystem="2.16.840.1.113883.6.238" codeSystemName="CDCREC" codeSystemVersion="1.2" displayName="Black or African American"/>
                    <ns0:Concept code="2076-8" codeSystem="2.16.840.1.113883.6.238" codeSystemName="CDCREC" codeSystemVersion="1.2" displayName="Native Hawaiian or Other Pacific Islander"/>
                    <ns0:Concept code="2106-3" codeSystem="2.16.840.1.113883.6.238" codeSystemName="CDCREC" codeSystemVersion="1.2" displayName="White"/>
                    <ns0:Concept code="2131-1" codeSystem="2.16.840.1.113883.6.238" codeSystemName="CDCREC" codeSystemVersion="1.2" displayName="Other Race"/>
                </ns0:ConceptList>
                <ns0:Source>Centers for Disease Control National Center for Health Statistics</ns0:Source>
                <ns0:Purpose>(Clinical Focus: ),(Data Element Scope: ),(Inclusion Criteria: ),(Exclusion Criteria: )</ns0:Purpose>
                <ns0:Type>Extensional</ns0:Type>
                <ns0:Binding>Dynamic</ns0:Binding>
                <ns0:Status>Active</ns0:Status>
                <ns0:RevisionDate>2012-10-25</ns0:RevisionDate>
            </ns0:DescribedValueSet>
        </ns0:RetrieveMultipleValueSetsResponse>
  recorded_at: Mon, 14 Dec 2020 17:06:59 GMT
- request:
    method: get
    uri: https://vsac.nlm.nih.gov/vsac/svs/RetrieveMultipleValueSets?id=2.16.840.1.113762.1.4.1110.39&profile=Latest%20eCQM&ticket=ST-790588-cB4BqWOsRohBcdJtGseS-cas
    body:
      encoding: US-ASCII
      string: ''
    headers:
      User-Agent:
      - Typhoeus - https://github.com/typhoeus/typhoeus
      Expect:
      - ''
  response:
    status:
      code: 200
      message: ''
    headers:
      Vary:
      - Access-Control-Request-Headers
      - Access-Control-Request-Method
      - Origin
      X-Frame-Options:
      - SAMEORIGIN
      X-Content-Type-Options:
      - nosniff
      X-Xss-Protection:
      - 1; mode=block
      Set-Cookie:
      - JSESSIONID=1F7EEA29B944B3116E5BDAB57B7D9098; Path=/vsac; HttpOnly;Secure
      Cache-Control:
      - no-cache, no-store, max-age=0, must-revalidate
      Pragma:
      - no-cache
      Expires:
      - '0'
      Content-Type:
      - text/xml;charset=utf-8
      Content-Length:
      - '1481'
      Date:
      - Mon, 14 Dec 2020 17:07:00 GMT
      X-Vip-Info:
      - 2607:f220:41e:1016::40:443
      X-Pool-Info:
      - "/Common/vsacweb_p 10.1.5.89 8080"
      Strict-Transport-Security:
      - max-age=31536000; includeSubDomains; preload
    body:
      encoding: UTF-8
      string: |
        <?xml version="1.0" encoding="UTF-8" standalone="yes"?>
        <ns0:RetrieveMultipleValueSetsResponse xmlns:ns0="urn:ihe:iti:svs:2008" xmlns:xsi="http://www.w3.org/2001/XMLSchema-instance">
            <ns0:DescribedValueSet ID="2.16.840.1.113762.1.4.1110.39" displayName="Ticagrelor Therapy" version="N/A">
                <ns0:ConceptList>
                    <ns0:Concept code="1116635" codeSystem="2.16.840.1.113883.6.88" codeSystemName="RXNORM" codeSystemVersion="2020-01" displayName="Ticagrelor 90 MG Oral Tablet"/>
                    <ns0:Concept code="1666332" codeSystem="2.16.840.1.113883.6.88" codeSystemName="RXNORM" codeSystemVersion="2020-01" displayName="Ticagrelor 60 MG Oral Tablet"/>
                </ns0:ConceptList>
                <ns0:Source>The Joint Commission</ns0:Source>
                <ns0:Purpose>(Clinical Focus: This value set contains concepts that represent  Ticagrelor therapy used to reduce stroke mortality and morbidity.),(Data Element Scope: This value set may use Quality Data Model (QDM) category related to Medication. The intent of this data element is to identify patients who receive Ticagrelor therapy.),(Inclusion Criteria: Includes only relevant concepts associated with Ticagrelor therapy.),(Exclusion Criteria: No exclusions.)</ns0:Purpose>
                <ns0:Type>Extensional</ns0:Type>
                <ns0:Binding>Dynamic</ns0:Binding>
                <ns0:Status>Active</ns0:Status>
                <ns0:RevisionDate>2019-02-09</ns0:RevisionDate>
            </ns0:DescribedValueSet>
        </ns0:RetrieveMultipleValueSetsResponse>
  recorded_at: Mon, 14 Dec 2020 17:07:00 GMT
- request:
    method: get
    uri: https://vsac.nlm.nih.gov/vsac/svs/RetrieveMultipleValueSets?id=2.16.840.1.113883.3.666.5.307&profile=Latest%20eCQM&ticket=ST-790587-LctQdFFbtmcNsdWcwRu2-cas
    body:
      encoding: US-ASCII
      string: ''
    headers:
      User-Agent:
      - Typhoeus - https://github.com/typhoeus/typhoeus
      Expect:
      - ''
  response:
    status:
      code: 200
      message: ''
    headers:
      Vary:
      - Access-Control-Request-Headers
      - Access-Control-Request-Method
      - Origin
      X-Frame-Options:
      - SAMEORIGIN
      X-Content-Type-Options:
      - nosniff
      X-Xss-Protection:
      - 1; mode=block
      Set-Cookie:
      - JSESSIONID=1765B4EB41F0FC2983D99F24E8FD2AB7; Path=/vsac; HttpOnly;Secure
      Cache-Control:
      - no-cache, no-store, max-age=0, must-revalidate
      Pragma:
      - no-cache
      Expires:
      - '0'
      Content-Type:
      - text/xml;charset=utf-8
      Content-Length:
      - '1692'
      Date:
      - Mon, 14 Dec 2020 17:07:00 GMT
      X-Vip-Info:
      - 2607:f220:41e:1016::40:443
      X-Pool-Info:
      - "/Common/vsacweb_p 10.1.5.89 8080"
      Strict-Transport-Security:
      - max-age=31536000; includeSubDomains; preload
    body:
      encoding: UTF-8
      string: |
        <?xml version="1.0" encoding="UTF-8" standalone="yes"?>
        <ns0:RetrieveMultipleValueSetsResponse xmlns:ns0="urn:ihe:iti:svs:2008" xmlns:xsi="http://www.w3.org/2001/XMLSchema-instance">
            <ns0:DescribedValueSet ID="2.16.840.1.113883.3.666.5.307" displayName="Encounter Inpatient" version="N/A">
                <ns0:ConceptList>
                    <ns0:Concept code="183452005" codeSystem="2.16.840.1.113883.6.96" codeSystemName="SNOMEDCT" codeSystemVersion="2019-09" displayName="Emergency hospital admission (procedure)"/>
                    <ns0:Concept code="32485007" codeSystem="2.16.840.1.113883.6.96" codeSystemName="SNOMEDCT" codeSystemVersion="2019-09" displayName="Hospital admission (procedure)"/>
                    <ns0:Concept code="8715000" codeSystem="2.16.840.1.113883.6.96" codeSystemName="SNOMEDCT" codeSystemVersion="2019-09" displayName="Hospital admission, elective (procedure)"/>
                </ns0:ConceptList>
                <ns0:Source>Lantana</ns0:Source>
                <ns0:Purpose>(Clinical Focus: This value set contains concepts that represent the most common inpatient encounter types.),(Data Element Scope: This value set may use the Quality Data Model (QDM) category related to Encounter. The intent of this data element is to identify patients who have had an inpatient encounter. ),(Inclusion Criteria: Includes only relevant concepts associated with SNOMED CT codes representing inpatient encounter.),(Exclusion Criteria: No exclusions.)</ns0:Purpose>
                <ns0:Type>Extensional</ns0:Type>
                <ns0:Binding>Dynamic</ns0:Binding>
                <ns0:Status>Active</ns0:Status>
                <ns0:RevisionDate>2020-03-07</ns0:RevisionDate>
            </ns0:DescribedValueSet>
        </ns0:RetrieveMultipleValueSetsResponse>
  recorded_at: Mon, 14 Dec 2020 17:07:00 GMT
recorded_with: VCR 6.0.0
